<?xml version="1.0" encoding="ISO-8859-1" ?>
<link_info>
   <banner>TI ARM Clang Linker PC v2.1.3.LTS</banner>
   <copyright>Copyright (c) 1996-2018 Texas Instruments Incorporated</copyright>
   <link_time>0x648fb837</link_time>
   <link_errors>0x0</link_errors>
   <output_file>gpiointerrupt_CC3220S_LAUNCHXL_nortos_ticlang.out</output_file>
   <entry_point>
      <name>resetISR</name>
      <address>0x20011c39</address>
   </entry_point>
   <input_file_list>
      <input_file id="fl-1">
         <path>.\</path>
         <kind>object</kind>
         <file>gpiointerrupt.o</file>
         <name>gpiointerrupt.o</name>
      </input_file>
      <input_file id="fl-2">
         <path>.\syscfg\</path>
         <kind>object</kind>
         <file>ti_drivers_config.o</file>
         <name>ti_drivers_config.o</name>
      </input_file>
      <input_file id="fl-3">
         <path>.\</path>
         <kind>object</kind>
         <file>main_nortos.o</file>
         <name>main_nortos.o</name>
      </input_file>
      <input_file id="fl-13">
         <kind>object</kind>
         <file>&lt;internal&gt;</file>
         <name>&lt;internal&gt;</name>
      </input_file>
      <input_file id="fl-14">
         <path>C:\ti\simplelink_cc32xx_sdk_7_10_00_13\source\ti\drivers\lib\ticlang\m4\</path>
         <kind>archive</kind>
         <file>drivers_cc32xx.a</file>
         <name>GPIO.c.obj</name>
      </input_file>
      <input_file id="fl-15">
         <path>C:\ti\simplelink_cc32xx_sdk_7_10_00_13\source\ti\drivers\lib\ticlang\m4\</path>
         <kind>archive</kind>
         <file>drivers_cc32xx.a</file>
         <name>GPIOCC32XX.c.obj</name>
      </input_file>
      <input_file id="fl-16">
         <path>C:\ti\simplelink_cc32xx_sdk_7_10_00_13\source\ti\drivers\lib\ticlang\m4\</path>
         <kind>archive</kind>
         <file>drivers_cc32xx.a</file>
         <name>I2C.c.obj</name>
      </input_file>
      <input_file id="fl-17">
         <path>C:\ti\simplelink_cc32xx_sdk_7_10_00_13\source\ti\drivers\lib\ticlang\m4\</path>
         <kind>archive</kind>
         <file>drivers_cc32xx.a</file>
         <name>I2CCC32XX.c.obj</name>
      </input_file>
      <input_file id="fl-18">
         <path>C:\ti\simplelink_cc32xx_sdk_7_10_00_13\source\ti\drivers\lib\ticlang\m4\</path>
         <kind>archive</kind>
         <file>drivers_cc32xx.a</file>
         <name>PowerCC32XX.c.obj</name>
      </input_file>
      <input_file id="fl-19">
         <path>C:\ti\simplelink_cc32xx_sdk_7_10_00_13\source\ti\drivers\lib\ticlang\m4\</path>
         <kind>archive</kind>
         <file>drivers_cc32xx.a</file>
         <name>PowerCC32XX_ticlang.asm.obj</name>
      </input_file>
      <input_file id="fl-1a">
         <path>C:\ti\simplelink_cc32xx_sdk_7_10_00_13\source\ti\drivers\lib\ticlang\m4\</path>
         <kind>archive</kind>
         <file>drivers_cc32xx.a</file>
         <name>Timer.c.obj</name>
      </input_file>
      <input_file id="fl-1b">
         <path>C:\ti\simplelink_cc32xx_sdk_7_10_00_13\source\ti\drivers\lib\ticlang\m4\</path>
         <kind>archive</kind>
         <file>drivers_cc32xx.a</file>
         <name>TimerCC32XX.c.obj</name>
      </input_file>
      <input_file id="fl-1c">
         <path>C:\ti\simplelink_cc32xx_sdk_7_10_00_13\source\ti\drivers\lib\ticlang\m4\</path>
         <kind>archive</kind>
         <file>drivers_cc32xx.a</file>
         <name>UART2.c.obj</name>
      </input_file>
      <input_file id="fl-1d">
         <path>C:\ti\simplelink_cc32xx_sdk_7_10_00_13\source\ti\drivers\lib\ticlang\m4\</path>
         <kind>archive</kind>
         <file>drivers_cc32xx.a</file>
         <name>UART2CC32XX.c.obj</name>
      </input_file>
      <input_file id="fl-1e">
         <path>C:\ti\simplelink_cc32xx_sdk_7_10_00_13\source\ti\drivers\lib\ticlang\m4\</path>
         <kind>archive</kind>
         <file>drivers_cc32xx.a</file>
         <name>List.c.obj</name>
      </input_file>
      <input_file id="fl-1f">
         <path>C:\ti\simplelink_cc32xx_sdk_7_10_00_13\source\ti\drivers\lib\ticlang\m4\</path>
         <kind>archive</kind>
         <file>drivers_cc32xx.a</file>
         <name>RingBuf.c.obj</name>
      </input_file>
      <input_file id="fl-20">
         <path>C:\ti\simplelink_cc32xx_sdk_7_10_00_13\source\ti\drivers\lib\ticlang\m4\</path>
         <kind>archive</kind>
         <file>drivers_cc32xx.a</file>
         <name>UDMACC32XX.c.obj</name>
      </input_file>
      <input_file id="fl-21">
         <path>C:\ti\simplelink_cc32xx_sdk_7_10_00_13\kernel\nortos\lib\ticlang\m4\</path>
         <kind>archive</kind>
         <file>nortos_cc32xx.a</file>
         <name>NoRTOS.c.obj</name>
      </input_file>
      <input_file id="fl-22">
         <path>C:\ti\simplelink_cc32xx_sdk_7_10_00_13\kernel\nortos\lib\ticlang\m4\</path>
         <kind>archive</kind>
         <file>nortos_cc32xx.a</file>
         <name>SemaphoreP_nortos.c.obj</name>
      </input_file>
      <input_file id="fl-23">
         <path>C:\ti\simplelink_cc32xx_sdk_7_10_00_13\kernel\nortos\lib\ticlang\m4\</path>
         <kind>archive</kind>
         <file>nortos_cc32xx.a</file>
         <name>ClockPSysTick_nortos.c.obj</name>
      </input_file>
      <input_file id="fl-24">
         <path>C:\ti\simplelink_cc32xx_sdk_7_10_00_13\kernel\nortos\lib\ticlang\m4\</path>
         <kind>archive</kind>
         <file>nortos_cc32xx.a</file>
         <name>HwiPCC32XX_nortos.c.obj</name>
      </input_file>
      <input_file id="fl-25">
         <path>C:\ti\simplelink_cc32xx_sdk_7_10_00_13\kernel\nortos\lib\ticlang\m4\</path>
         <kind>archive</kind>
         <file>nortos_cc32xx.a</file>
         <name>PowerCC32XX_nortos.c.obj</name>
      </input_file>
      <input_file id="fl-26">
         <path>C:\ti\simplelink_cc32xx_sdk_7_10_00_13\kernel\nortos\lib\ticlang\m4\</path>
         <kind>archive</kind>
         <file>nortos_cc32xx.a</file>
         <name>startup_cc32xx_ticlang.c.obj</name>
      </input_file>
      <input_file id="fl-27">
         <path>C:\ti\simplelink_cc32xx_sdk_7_10_00_13\kernel\nortos\lib\ticlang\m4\</path>
         <kind>archive</kind>
         <file>nortos_cc32xx.a</file>
         <name>SwiP_nortos.c.obj</name>
      </input_file>
      <input_file id="fl-28">
         <path>C:\ti\simplelink_cc32xx_sdk_7_10_00_13\source\ti\devices\cc32xx\driverlib\ticlang\Release\</path>
         <kind>archive</kind>
         <file>driverlib.a</file>
         <name>cpu.obj</name>
      </input_file>
      <input_file id="fl-29">
         <path>C:\ti\simplelink_cc32xx_sdk_7_10_00_13\source\ti\devices\cc32xx\driverlib\ticlang\Release\</path>
         <kind>archive</kind>
         <file>driverlib.a</file>
         <name>gpio.obj</name>
      </input_file>
      <input_file id="fl-2a">
         <path>C:\ti\simplelink_cc32xx_sdk_7_10_00_13\source\ti\devices\cc32xx\driverlib\ticlang\Release\</path>
         <kind>archive</kind>
         <file>driverlib.a</file>
         <name>hwspinlock.obj</name>
      </input_file>
      <input_file id="fl-2b">
         <path>C:\ti\simplelink_cc32xx_sdk_7_10_00_13\source\ti\devices\cc32xx\driverlib\ticlang\Release\</path>
         <kind>archive</kind>
         <file>driverlib.a</file>
         <name>i2c.obj</name>
      </input_file>
      <input_file id="fl-2c">
         <path>C:\ti\simplelink_cc32xx_sdk_7_10_00_13\source\ti\devices\cc32xx\driverlib\ticlang\Release\</path>
         <kind>archive</kind>
         <file>driverlib.a</file>
         <name>interrupt.obj</name>
      </input_file>
      <input_file id="fl-2d">
         <path>C:\ti\simplelink_cc32xx_sdk_7_10_00_13\source\ti\devices\cc32xx\driverlib\ticlang\Release\</path>
         <kind>archive</kind>
         <file>driverlib.a</file>
         <name>pin.obj</name>
      </input_file>
      <input_file id="fl-2e">
         <path>C:\ti\simplelink_cc32xx_sdk_7_10_00_13\source\ti\devices\cc32xx\driverlib\ticlang\Release\</path>
         <kind>archive</kind>
         <file>driverlib.a</file>
         <name>prcm.obj</name>
      </input_file>
      <input_file id="fl-2f">
         <path>C:\ti\simplelink_cc32xx_sdk_7_10_00_13\source\ti\devices\cc32xx\driverlib\ticlang\Release\</path>
         <kind>archive</kind>
         <file>driverlib.a</file>
         <name>spi.obj</name>
      </input_file>
      <input_file id="fl-30">
         <path>C:\ti\simplelink_cc32xx_sdk_7_10_00_13\source\ti\devices\cc32xx\driverlib\ticlang\Release\</path>
         <kind>archive</kind>
         <file>driverlib.a</file>
         <name>systick.obj</name>
      </input_file>
      <input_file id="fl-31">
         <path>C:\ti\simplelink_cc32xx_sdk_7_10_00_13\source\ti\devices\cc32xx\driverlib\ticlang\Release\</path>
         <kind>archive</kind>
         <file>driverlib.a</file>
         <name>timer.obj</name>
      </input_file>
      <input_file id="fl-32">
         <path>C:\ti\simplelink_cc32xx_sdk_7_10_00_13\source\ti\devices\cc32xx\driverlib\ticlang\Release\</path>
         <kind>archive</kind>
         <file>driverlib.a</file>
         <name>uart.obj</name>
      </input_file>
      <input_file id="fl-33">
         <path>C:\ti\simplelink_cc32xx_sdk_7_10_00_13\source\ti\devices\cc32xx\driverlib\ticlang\Release\</path>
         <kind>archive</kind>
         <file>driverlib.a</file>
         <name>udma.obj</name>
      </input_file>
      <input_file id="fl-34">
         <path>C:\ti\simplelink_cc32xx_sdk_7_10_00_13\source\ti\devices\cc32xx\driverlib\ticlang\Release\</path>
         <kind>archive</kind>
         <file>driverlib.a</file>
         <name>utils.obj</name>
      </input_file>
      <input_file id="fl-35">
         <path>C:\ti\simplelink_cc32xx_sdk_7_10_00_13\source\ti\devices\cc32xx\driverlib\ticlang\Release\</path>
         <kind>archive</kind>
         <file>driverlib.a</file>
         <name>flash.obj</name>
      </input_file>
      <input_file id="fl-41">
         <path>C:\ti\ccs1230\ccs\tools\compiler\ti-cgt-armllvm_2.1.3.LTS\lib\armv7em-ti-none-eabi\c\</path>
         <kind>archive</kind>
         <file>libc.a</file>
         <name>printf.c.obj</name>
      </input_file>
      <input_file id="fl-42">
         <path>C:\ti\ccs1230\ccs\tools\compiler\ti-cgt-armllvm_2.1.3.LTS\lib\armv7em-ti-none-eabi\c\</path>
         <kind>archive</kind>
         <file>libc.a</file>
         <name>_printfi.c.obj</name>
      </input_file>
      <input_file id="fl-43">
         <path>C:\ti\ccs1230\ccs\tools\compiler\ti-cgt-armllvm_2.1.3.LTS\lib\armv7em-ti-none-eabi\c\</path>
         <kind>archive</kind>
         <file>libc.a</file>
         <name>snprintf.c.obj</name>
      </input_file>
      <input_file id="fl-44">
         <path>C:\ti\ccs1230\ccs\tools\compiler\ti-cgt-armllvm_2.1.3.LTS\lib\armv7em-ti-none-eabi\c\</path>
         <kind>archive</kind>
         <file>libc.a</file>
         <name>fputc.c.obj</name>
      </input_file>
      <input_file id="fl-45">
         <path>C:\ti\ccs1230\ccs\tools\compiler\ti-cgt-armllvm_2.1.3.LTS\lib\armv7em-ti-none-eabi\c\</path>
         <kind>archive</kind>
         <file>libc.a</file>
         <name>fputs.c.obj</name>
      </input_file>
      <input_file id="fl-46">
         <path>C:\ti\ccs1230\ccs\tools\compiler\ti-cgt-armllvm_2.1.3.LTS\lib\armv7em-ti-none-eabi\c\</path>
         <kind>archive</kind>
         <file>libc.a</file>
         <name>_io_perm.c.obj</name>
      </input_file>
      <input_file id="fl-47">
         <path>C:\ti\ccs1230\ccs\tools\compiler\ti-cgt-armllvm_2.1.3.LTS\lib\armv7em-ti-none-eabi\c\</path>
         <kind>archive</kind>
         <file>libc.a</file>
         <name>setvbuf.c.obj</name>
      </input_file>
      <input_file id="fl-48">
         <path>C:\ti\ccs1230\ccs\tools\compiler\ti-cgt-armllvm_2.1.3.LTS\lib\armv7em-ti-none-eabi\c\</path>
         <kind>archive</kind>
         <file>libc.a</file>
         <name>s_frexp.c.obj</name>
      </input_file>
      <input_file id="fl-49">
         <path>C:\ti\ccs1230\ccs\tools\compiler\ti-cgt-armllvm_2.1.3.LTS\lib\armv7em-ti-none-eabi\c\</path>
         <kind>archive</kind>
         <file>libc.a</file>
         <name>s_scalbn.c.obj</name>
      </input_file>
      <input_file id="fl-4a">
         <path>C:\ti\ccs1230\ccs\tools\compiler\ti-cgt-armllvm_2.1.3.LTS\lib\armv7em-ti-none-eabi\c\</path>
         <kind>archive</kind>
         <file>libc.a</file>
         <name>aeabi_portable.c.obj</name>
      </input_file>
      <input_file id="fl-4b">
         <path>C:\ti\ccs1230\ccs\tools\compiler\ti-cgt-armllvm_2.1.3.LTS\lib\armv7em-ti-none-eabi\c\</path>
         <kind>archive</kind>
         <file>libc.a</file>
         <name>exit.c.obj</name>
      </input_file>
      <input_file id="fl-4c">
         <path>C:\ti\ccs1230\ccs\tools\compiler\ti-cgt-armllvm_2.1.3.LTS\lib\armv7em-ti-none-eabi\c\</path>
         <kind>archive</kind>
         <file>libc.a</file>
         <name>_lock.c.obj</name>
      </input_file>
      <input_file id="fl-4d">
         <path>C:\ti\ccs1230\ccs\tools\compiler\ti-cgt-armllvm_2.1.3.LTS\lib\armv7em-ti-none-eabi\c\</path>
         <kind>archive</kind>
         <file>libc.a</file>
         <name>_ltoa.c.obj</name>
      </input_file>
      <input_file id="fl-4e">
         <path>C:\ti\ccs1230\ccs\tools\compiler\ti-cgt-armllvm_2.1.3.LTS\lib\armv7em-ti-none-eabi\c\</path>
         <kind>archive</kind>
         <file>libc.a</file>
         <name>assert.c.obj</name>
      </input_file>
      <input_file id="fl-4f">
         <path>C:\ti\ccs1230\ccs\tools\compiler\ti-cgt-armllvm_2.1.3.LTS\lib\armv7em-ti-none-eabi\c\</path>
         <kind>archive</kind>
         <file>libc.a</file>
         <name>atoi.c.obj</name>
      </input_file>
      <input_file id="fl-50">
         <path>C:\ti\ccs1230\ccs\tools\compiler\ti-cgt-armllvm_2.1.3.LTS\lib\armv7em-ti-none-eabi\c\</path>
         <kind>archive</kind>
         <file>libc.a</file>
         <name>defs.c.obj</name>
      </input_file>
      <input_file id="fl-51">
         <path>C:\ti\ccs1230\ccs\tools\compiler\ti-cgt-armllvm_2.1.3.LTS\lib\armv7em-ti-none-eabi\c\</path>
         <kind>archive</kind>
         <file>libc.a</file>
         <name>memccpy.c.obj</name>
      </input_file>
      <input_file id="fl-52">
         <path>C:\ti\ccs1230\ccs\tools\compiler\ti-cgt-armllvm_2.1.3.LTS\lib\armv7em-ti-none-eabi\c\</path>
         <kind>archive</kind>
         <file>libc.a</file>
         <name>memory.c.obj</name>
      </input_file>
      <input_file id="fl-53">
         <path>C:\ti\ccs1230\ccs\tools\compiler\ti-cgt-armllvm_2.1.3.LTS\lib\armv7em-ti-none-eabi\c\</path>
         <kind>archive</kind>
         <file>libc.a</file>
         <name>copy_zero_init.c.obj</name>
      </input_file>
      <input_file id="fl-54">
         <path>C:\ti\ccs1230\ccs\tools\compiler\ti-cgt-armllvm_2.1.3.LTS\lib\armv7em-ti-none-eabi\c\</path>
         <kind>archive</kind>
         <file>libc.a</file>
         <name>copy_decompress_none.c.obj</name>
      </input_file>
      <input_file id="fl-55">
         <path>C:\ti\ccs1230\ccs\tools\compiler\ti-cgt-armllvm_2.1.3.LTS\lib\armv7em-ti-none-eabi\c\</path>
         <kind>archive</kind>
         <file>libc.a</file>
         <name>copy_decompress_lzss.c.obj</name>
      </input_file>
      <input_file id="fl-56">
         <path>C:\ti\ccs1230\ccs\tools\compiler\ti-cgt-armllvm_2.1.3.LTS\lib\armv7em-ti-none-eabi\c\</path>
         <kind>archive</kind>
         <file>libc.a</file>
         <name>boot_cortex_m.c.obj</name>
      </input_file>
      <input_file id="fl-57">
         <path>C:\ti\ccs1230\ccs\tools\compiler\ti-cgt-armllvm_2.1.3.LTS\lib\armv7em-ti-none-eabi\c\</path>
         <kind>archive</kind>
         <file>libc.a</file>
         <name>mathacl_init.c.obj</name>
      </input_file>
      <input_file id="fl-58">
         <path>C:\ti\ccs1230\ccs\tools\compiler\ti-cgt-armllvm_2.1.3.LTS\lib\armv7em-ti-none-eabi\c\</path>
         <kind>archive</kind>
         <file>libc.a</file>
         <name>wcslen.c.obj</name>
      </input_file>
      <input_file id="fl-59">
         <path>C:\ti\ccs1230\ccs\tools\compiler\ti-cgt-armllvm_2.1.3.LTS\lib\armv7em-ti-none-eabi\c\</path>
         <kind>archive</kind>
         <file>libc.a</file>
         <name>sprintf.c.obj</name>
      </input_file>
      <input_file id="fl-5a">
         <path>C:\ti\ccs1230\ccs\tools\compiler\ti-cgt-armllvm_2.1.3.LTS\lib\armv7em-ti-none-eabi\c\</path>
         <kind>archive</kind>
         <file>libc.a</file>
         <name>fflush.c.obj</name>
      </input_file>
      <input_file id="fl-5b">
         <path>C:\ti\ccs1230\ccs\tools\compiler\ti-cgt-armllvm_2.1.3.LTS\lib\armv7em-ti-none-eabi\c\</path>
         <kind>archive</kind>
         <file>libc.a</file>
         <name>fopen.c.obj</name>
      </input_file>
      <input_file id="fl-5c">
         <path>C:\ti\ccs1230\ccs\tools\compiler\ti-cgt-armllvm_2.1.3.LTS\lib\armv7em-ti-none-eabi\c\</path>
         <kind>archive</kind>
         <file>libc.a</file>
         <name>fseek.c.obj</name>
      </input_file>
      <input_file id="fl-5d">
         <path>C:\ti\ccs1230\ccs\tools\compiler\ti-cgt-armllvm_2.1.3.LTS\lib\armv7em-ti-none-eabi\c\</path>
         <kind>archive</kind>
         <file>libc.a</file>
         <name>aeabi_ctype.S.obj</name>
      </input_file>
      <input_file id="fl-5e">
         <path>C:\ti\ccs1230\ccs\tools\compiler\ti-cgt-armllvm_2.1.3.LTS\lib\armv7em-ti-none-eabi\c\</path>
         <kind>archive</kind>
         <file>libc.a</file>
         <name>args_main.c.obj</name>
      </input_file>
      <input_file id="fl-5f">
         <path>C:\ti\ccs1230\ccs\tools\compiler\ti-cgt-armllvm_2.1.3.LTS\lib\armv7em-ti-none-eabi\c\</path>
         <kind>archive</kind>
         <file>libc.a</file>
         <name>autoinit.c.obj</name>
      </input_file>
      <input_file id="fl-60">
         <path>C:\ti\ccs1230\ccs\tools\compiler\ti-cgt-armllvm_2.1.3.LTS\lib\armv7em-ti-none-eabi\c\</path>
         <kind>archive</kind>
         <file>libc.a</file>
         <name>pre_init.c.obj</name>
      </input_file>
      <input_file id="fl-61">
         <path>C:\ti\ccs1230\ccs\tools\compiler\ti-cgt-armllvm_2.1.3.LTS\lib\armv7em-ti-none-eabi\c\</path>
         <kind>archive</kind>
         <file>libc.a</file>
         <name>cpy_tbl.c.obj</name>
      </input_file>
      <input_file id="fl-62">
         <path>C:\ti\ccs1230\ccs\tools\compiler\ti-cgt-armllvm_2.1.3.LTS\lib\armv7em-ti-none-eabi\c\</path>
         <kind>archive</kind>
         <file>libc.a</file>
         <name>fclose.c.obj</name>
      </input_file>
      <input_file id="fl-9b">
         <path>C:\ti\ccs1230\ccs\tools\compiler\ti-cgt-armllvm_2.1.3.LTS\lib\armv7em-ti-none-eabi\c\</path>
         <kind>archive</kind>
         <file>libsysbm.a</file>
         <name>write.c.obj</name>
      </input_file>
      <input_file id="fl-9c">
         <path>C:\ti\ccs1230\ccs\tools\compiler\ti-cgt-armllvm_2.1.3.LTS\lib\armv7em-ti-none-eabi\c\</path>
         <kind>archive</kind>
         <file>libsysbm.a</file>
         <name>host_device.c.obj</name>
      </input_file>
      <input_file id="fl-9d">
         <path>C:\ti\ccs1230\ccs\tools\compiler\ti-cgt-armllvm_2.1.3.LTS\lib\armv7em-ti-none-eabi\c\</path>
         <kind>archive</kind>
         <file>libsysbm.a</file>
         <name>remove.c.obj</name>
      </input_file>
      <input_file id="fl-9e">
         <path>C:\ti\ccs1230\ccs\tools\compiler\ti-cgt-armllvm_2.1.3.LTS\lib\armv7em-ti-none-eabi\c\</path>
         <kind>archive</kind>
         <file>libsysbm.a</file>
         <name>open.c.obj</name>
      </input_file>
      <input_file id="fl-9f">
         <path>C:\ti\ccs1230\ccs\tools\compiler\ti-cgt-armllvm_2.1.3.LTS\lib\armv7em-ti-none-eabi\c\</path>
         <kind>archive</kind>
         <file>libsysbm.a</file>
         <name>lseek.c.obj</name>
      </input_file>
      <input_file id="fl-a0">
         <path>C:\ti\ccs1230\ccs\tools\compiler\ti-cgt-armllvm_2.1.3.LTS\lib\armv7em-ti-none-eabi\c\</path>
         <kind>archive</kind>
         <file>libsysbm.a</file>
         <name>close.c.obj</name>
      </input_file>
      <input_file id="fl-a1">
         <path>C:\ti\ccs1230\ccs\tools\compiler\ti-cgt-armllvm_2.1.3.LTS\lib\armv7em-ti-none-eabi\c\</path>
         <kind>archive</kind>
         <file>libsysbm.a</file>
         <name>unlink.c.obj</name>
      </input_file>
      <input_file id="fl-a2">
         <path>C:\ti\ccs1230\ccs\tools\compiler\ti-cgt-armllvm_2.1.3.LTS\lib\armv7em-ti-none-eabi\c\</path>
         <kind>archive</kind>
         <file>libsysbm.a</file>
         <name>hostclose.c.obj</name>
      </input_file>
      <input_file id="fl-a3">
         <path>C:\ti\ccs1230\ccs\tools\compiler\ti-cgt-armllvm_2.1.3.LTS\lib\armv7em-ti-none-eabi\c\</path>
         <kind>archive</kind>
         <file>libsysbm.a</file>
         <name>hostlseek.c.obj</name>
      </input_file>
      <input_file id="fl-a4">
         <path>C:\ti\ccs1230\ccs\tools\compiler\ti-cgt-armllvm_2.1.3.LTS\lib\armv7em-ti-none-eabi\c\</path>
         <kind>archive</kind>
         <file>libsysbm.a</file>
         <name>hostopen.c.obj</name>
      </input_file>
      <input_file id="fl-a5">
         <path>C:\ti\ccs1230\ccs\tools\compiler\ti-cgt-armllvm_2.1.3.LTS\lib\armv7em-ti-none-eabi\c\</path>
         <kind>archive</kind>
         <file>libsysbm.a</file>
         <name>hostread.c.obj</name>
      </input_file>
      <input_file id="fl-a6">
         <path>C:\ti\ccs1230\ccs\tools\compiler\ti-cgt-armllvm_2.1.3.LTS\lib\armv7em-ti-none-eabi\c\</path>
         <kind>archive</kind>
         <file>libsysbm.a</file>
         <name>hostrename.c.obj</name>
      </input_file>
      <input_file id="fl-a7">
         <path>C:\ti\ccs1230\ccs\tools\compiler\ti-cgt-armllvm_2.1.3.LTS\lib\armv7em-ti-none-eabi\c\</path>
         <kind>archive</kind>
         <file>libsysbm.a</file>
         <name>hostunlink.c.obj</name>
      </input_file>
      <input_file id="fl-a8">
         <path>C:\ti\ccs1230\ccs\tools\compiler\ti-cgt-armllvm_2.1.3.LTS\lib\armv7em-ti-none-eabi\c\</path>
         <kind>archive</kind>
         <file>libsysbm.a</file>
         <name>hostwrite.c.obj</name>
      </input_file>
      <input_file id="fl-a9">
         <path>C:\ti\ccs1230\ccs\tools\compiler\ti-cgt-armllvm_2.1.3.LTS\lib\armv7em-ti-none-eabi\c\</path>
         <kind>archive</kind>
         <file>libsysbm.a</file>
         <name>trgmsg.c.obj</name>
      </input_file>
      <input_file id="fl-aa">
         <path>C:\ti\ccs1230\ccs\tools\compiler\ti-cgt-armllvm_2.1.3.LTS\lib\clang\14.0.6\lib\armv7em-ti-none-eabi\</path>
         <kind>archive</kind>
         <file>libclang_rt.builtins.a</file>
         <name>adddf3.S.obj</name>
      </input_file>
      <input_file id="fl-ab">
         <path>C:\ti\ccs1230\ccs\tools\compiler\ti-cgt-armllvm_2.1.3.LTS\lib\clang\14.0.6\lib\armv7em-ti-none-eabi\</path>
         <kind>archive</kind>
         <file>libclang_rt.builtins.a</file>
         <name>muldf3.S.obj</name>
      </input_file>
      <input_file id="fl-ac">
         <path>C:\ti\ccs1230\ccs\tools\compiler\ti-cgt-armllvm_2.1.3.LTS\lib\clang\14.0.6\lib\armv7em-ti-none-eabi\</path>
         <kind>archive</kind>
         <file>libclang_rt.builtins.a</file>
         <name>divdf3.S.obj</name>
      </input_file>
      <input_file id="fl-ad">
         <path>C:\ti\ccs1230\ccs\tools\compiler\ti-cgt-armllvm_2.1.3.LTS\lib\clang\14.0.6\lib\armv7em-ti-none-eabi\</path>
         <kind>archive</kind>
         <file>libclang_rt.builtins.a</file>
         <name>fixdfsi.S.obj</name>
      </input_file>
      <input_file id="fl-ae">
         <path>C:\ti\ccs1230\ccs\tools\compiler\ti-cgt-armllvm_2.1.3.LTS\lib\clang\14.0.6\lib\armv7em-ti-none-eabi\</path>
         <kind>archive</kind>
         <file>libclang_rt.builtins.a</file>
         <name>floatsidf.S.obj</name>
      </input_file>
      <input_file id="fl-af">
         <path>C:\ti\ccs1230\ccs\tools\compiler\ti-cgt-armllvm_2.1.3.LTS\lib\clang\14.0.6\lib\armv7em-ti-none-eabi\</path>
         <kind>archive</kind>
         <file>libclang_rt.builtins.a</file>
         <name>aeabi_dcmp.S.obj</name>
      </input_file>
      <input_file id="fl-b0">
         <path>C:\ti\ccs1230\ccs\tools\compiler\ti-cgt-armllvm_2.1.3.LTS\lib\clang\14.0.6\lib\armv7em-ti-none-eabi\</path>
         <kind>archive</kind>
         <file>libclang_rt.builtins.a</file>
         <name>aeabi_memcpy.S.obj</name>
      </input_file>
      <input_file id="fl-b1">
         <path>C:\ti\ccs1230\ccs\tools\compiler\ti-cgt-armllvm_2.1.3.LTS\lib\clang\14.0.6\lib\armv7em-ti-none-eabi\</path>
         <kind>archive</kind>
         <file>libclang_rt.builtins.a</file>
         <name>aeabi_memset.S.obj</name>
      </input_file>
      <input_file id="fl-b2">
         <path>C:\ti\ccs1230\ccs\tools\compiler\ti-cgt-armllvm_2.1.3.LTS\lib\clang\14.0.6\lib\armv7em-ti-none-eabi\</path>
         <kind>archive</kind>
         <file>libclang_rt.builtins.a</file>
         <name>aeabi_uldivmod.S.obj</name>
      </input_file>
      <input_file id="fl-b3">
         <path>C:\ti\ccs1230\ccs\tools\compiler\ti-cgt-armllvm_2.1.3.LTS\lib\clang\14.0.6\lib\armv7em-ti-none-eabi\</path>
         <kind>archive</kind>
         <file>libclang_rt.builtins.a</file>
         <name>udivmoddi4.S.obj</name>
      </input_file>
      <input_file id="fl-b4">
         <path>C:\ti\ccs1230\ccs\tools\compiler\ti-cgt-armllvm_2.1.3.LTS\lib\clang\14.0.6\lib\armv7em-ti-none-eabi\</path>
         <kind>archive</kind>
         <file>libclang_rt.builtins.a</file>
         <name>comparedf2.c.obj</name>
      </input_file>
      <input_file id="fl-b5">
         <path>C:\ti\ccs1230\ccs\tools\compiler\ti-cgt-armllvm_2.1.3.LTS\lib\clang\14.0.6\lib\armv7em-ti-none-eabi\</path>
         <kind>archive</kind>
         <file>libclang_rt.builtins.a</file>
         <name>aeabi_div0.c.obj</name>
      </input_file>
      <input_file id="fl-b6">
         <path>C:\ti\ccs1230\ccs\tools\compiler\ti-cgt-armllvm_2.1.3.LTS\lib\armv7em-ti-none-eabi\c\</path>
         <kind>archive</kind>
         <file>libc.a</file>
         <name>getdevice.c.obj</name>
      </input_file>
      <input_file id="fl-b7">
         <path>C:\ti\ccs1230\ccs\tools\compiler\ti-cgt-armllvm_2.1.3.LTS\lib\armv7em-ti-none-eabi\c\</path>
         <kind>archive</kind>
         <file>libc.a</file>
         <name>memcpy_t2.S.obj</name>
      </input_file>
      <input_file id="fl-b8">
         <path>C:\ti\ccs1230\ccs\tools\compiler\ti-cgt-armllvm_2.1.3.LTS\lib\armv7em-ti-none-eabi\c\</path>
         <kind>archive</kind>
         <file>libc.a</file>
         <name>memset_t2.S.obj</name>
      </input_file>
   </input_file_list>
   <object_component_list>
      <object_component id="oc-21a">
         <name>.text:__TI_printfi_nofloat</name>
         <load_address>0x2000c040</load_address>
         <run_address>0x2000c040</run_address>
         <size>0x844</size>
         <input_file_ref idref="fl-42"/>
      </object_component>
      <object_component id="oc-c8">
         <name>.text.PRCMCC3200MCUInit</name>
         <load_address>0x2000c884</load_address>
         <run_address>0x2000c884</run_address>
         <size>0x4b8</size>
         <input_file_ref idref="fl-2e"/>
      </object_component>
      <object_component id="oc-23b">
         <name>.text.Power_sleep</name>
         <load_address>0x2000cd3c</load_address>
         <run_address>0x2000cd3c</run_address>
         <size>0x3e4</size>
         <input_file_ref idref="fl-18"/>
      </object_component>
      <object_component id="oc-1ec">
         <name>.text.UART2CC32XX_hwiIntFxn</name>
         <load_address>0x2000d120</load_address>
         <run_address>0x2000d120</run_address>
         <size>0x222</size>
         <input_file_ref idref="fl-1d"/>
      </object_component>
      <object_component id="oc-d8">
         <name>.text.Board_initHook</name>
         <load_address>0x2000d342</load_address>
         <run_address>0x2000d342</run_address>
         <size>0x2</size>
         <input_file_ref idref="fl-2"/>
      </object_component>
      <object_component id="oc-14c">
         <name>.text.UART2_open</name>
         <load_address>0x2000d344</load_address>
         <run_address>0x2000d344</run_address>
         <size>0x1cc</size>
         <input_file_ref idref="fl-1d"/>
      </object_component>
      <object_component id="oc-ec">
         <name>.text.initI2C</name>
         <load_address>0x2000d510</load_address>
         <run_address>0x2000d510</run_address>
         <size>0x190</size>
         <input_file_ref idref="fl-1"/>
      </object_component>
      <object_component id="oc-21d">
         <name>.text.UART2_writeTimeoutBlocking</name>
         <load_address>0x2000d6a0</load_address>
         <run_address>0x2000d6a0</run_address>
         <size>0x174</size>
         <input_file_ref idref="fl-1c"/>
      </object_component>
      <object_component id="oc-1aa">
         <name>.text.PowerCC32XX_sleepPolicy</name>
         <load_address>0x2000d814</load_address>
         <run_address>0x2000d814</run_address>
         <size>0x150</size>
         <input_file_ref idref="fl-25"/>
      </object_component>
      <object_component id="oc-16d">
         <name>.text.Timer_open</name>
         <load_address>0x2000d964</load_address>
         <run_address>0x2000d964</run_address>
         <size>0x148</size>
         <input_file_ref idref="fl-1b"/>
      </object_component>
      <object_component id="oc-133">
         <name>.text.GPIO_setConfig</name>
         <load_address>0x2000daac</load_address>
         <run_address>0x2000daac</run_address>
         <size>0x140</size>
         <input_file_ref idref="fl-15"/>
      </object_component>
      <object_component id="oc-1fc">
         <name>.text.I2CCC32XX_hwiFxn</name>
         <load_address>0x2000dbec</load_address>
         <run_address>0x2000dbec</run_address>
         <size>0x138</size>
         <input_file_ref idref="fl-17"/>
      </object_component>
      <object_component id="oc-200">
         <name>.text.I2C_transferTimeout</name>
         <load_address>0x2000dd24</load_address>
         <run_address>0x2000dd24</run_address>
         <size>0x126</size>
         <input_file_ref idref="fl-16"/>
      </object_component>
      <object_component id="oc-152">
         <name>.text.I2C_init</name>
         <load_address>0x2000de4a</load_address>
         <run_address>0x2000de4a</run_address>
         <size>0x2</size>
         <input_file_ref idref="fl-16"/>
      </object_component>
      <object_component id="oc-30b">
         <name>.text.aligned_alloc</name>
         <load_address>0x2000de4c</load_address>
         <run_address>0x2000de4c</run_address>
         <size>0x120</size>
         <input_file_ref idref="fl-52"/>
      </object_component>
      <object_component id="oc-21c">
         <name>.text.UART2_writeTimeoutNonblocking</name>
         <load_address>0x2000df6c</load_address>
         <run_address>0x2000df6c</run_address>
         <size>0x11a</size>
         <input_file_ref idref="fl-1c"/>
      </object_component>
      <object_component id="oc-324">
         <name>.text.uDMAChannelTransferSet</name>
         <load_address>0x2000e086</load_address>
         <run_address>0x2000e086</run_address>
         <size>0x112</size>
         <input_file_ref idref="fl-33"/>
      </object_component>
      <object_component id="oc-179">
         <name>.text</name>
         <load_address>0x2000e198</load_address>
         <run_address>0x2000e198</run_address>
         <size>0xfc</size>
         <input_file_ref idref="fl-ab"/>
      </object_component>
      <object_component id="oc-1b1">
         <name>.text.free</name>
         <load_address>0x2000e294</load_address>
         <run_address>0x2000e294</run_address>
         <size>0xf8</size>
         <input_file_ref idref="fl-52"/>
      </object_component>
      <object_component id="oc-2e1">
         <name>.text.fputs</name>
         <load_address>0x2000e38c</load_address>
         <run_address>0x2000e38c</run_address>
         <size>0xf0</size>
         <input_file_ref idref="fl-45"/>
      </object_component>
      <object_component id="oc-158">
         <name>.text.I2C_open</name>
         <load_address>0x2000e47c</load_address>
         <run_address>0x2000e47c</run_address>
         <size>0xe8</size>
         <input_file_ref idref="fl-17"/>
      </object_component>
      <object_component id="oc-1e7">
         <name>.text.UART2_close</name>
         <load_address>0x2000e564</load_address>
         <run_address>0x2000e564</run_address>
         <size>0xe8</size>
         <input_file_ref idref="fl-1d"/>
      </object_component>
      <object_component id="oc-3aa">
         <name>.text.setvbuf</name>
         <load_address>0x2000e64c</load_address>
         <run_address>0x2000e64c</run_address>
         <size>0xd8</size>
         <input_file_ref idref="fl-47"/>
      </object_component>
      <object_component id="oc-28a">
         <name>.text.UART2Support_dmaStartRx</name>
         <load_address>0x2000e724</load_address>
         <run_address>0x2000e724</run_address>
         <size>0xcc</size>
         <input_file_ref idref="fl-1d"/>
      </object_component>
      <object_component id="oc-319">
         <name>.text.IntDisable</name>
         <load_address>0x2000e7f0</load_address>
         <run_address>0x2000e7f0</run_address>
         <size>0xc8</size>
         <input_file_ref idref="fl-2c"/>
      </object_component>
      <object_component id="oc-273">
         <name>.text.IntEnable</name>
         <load_address>0x2000e8b8</load_address>
         <run_address>0x2000e8b8</run_address>
         <size>0xc8</size>
         <input_file_ref idref="fl-2c"/>
      </object_component>
      <object_component id="oc-1e3">
         <name>.text.UART2CC32XX_initHw</name>
         <load_address>0x2000e980</load_address>
         <run_address>0x2000e980</run_address>
         <size>0xc4</size>
         <input_file_ref idref="fl-1d"/>
      </object_component>
      <object_component id="oc-a6">
         <name>.text.mainThread</name>
         <load_address>0x2000ea44</load_address>
         <run_address>0x2000ea44</run_address>
         <size>0xbc</size>
         <input_file_ref idref="fl-1"/>
      </object_component>
      <object_component id="oc-28d">
         <name>.text.UART2Support_dmaStartTx</name>
         <load_address>0x2000eb00</load_address>
         <run_address>0x2000eb00</run_address>
         <size>0xb8</size>
         <input_file_ref idref="fl-1d"/>
      </object_component>
      <object_component id="oc-2f2">
         <name>.text</name>
         <load_address>0x2000ebb8</load_address>
         <run_address>0x2000ebb8</run_address>
         <size>0xb0</size>
         <input_file_ref idref="fl-b3"/>
      </object_component>
      <object_component id="oc-24b">
         <name>.text.GPIOIntTypeSet</name>
         <load_address>0x2000ec68</load_address>
         <run_address>0x2000ec68</run_address>
         <size>0xac</size>
         <input_file_ref idref="fl-29"/>
      </object_component>
      <object_component id="oc-38f">
         <name>.text.IntPendSet</name>
         <load_address>0x2000ed14</load_address>
         <run_address>0x2000ed14</run_address>
         <size>0xa4</size>
         <input_file_ref idref="fl-2c"/>
      </object_component>
      <object_component id="oc-1b9">
         <name>.text.PinConfigSet</name>
         <load_address>0x2000edb8</load_address>
         <run_address>0x2000edb8</run_address>
         <size>0xa2</size>
         <input_file_ref idref="fl-2d"/>
      </object_component>
      <object_component id="oc-2a0">
         <name>.text.I2CCC32XX_completeTransfer</name>
         <load_address>0x2000ee5a</load_address>
         <run_address>0x2000ee5a</run_address>
         <size>0x9c</size>
         <input_file_ref idref="fl-17"/>
      </object_component>
      <object_component id="oc-291">
         <name>.text.I2CMasterInitExpClk</name>
         <load_address>0x2000eef6</load_address>
         <run_address>0x2000eef6</run_address>
         <size>0x98</size>
         <input_file_ref idref="fl-2b"/>
      </object_component>
      <object_component id="oc-1a5">
         <name>.text.PowerCC32XX_initPolicy</name>
         <load_address>0x2000ef8e</load_address>
         <run_address>0x2000ef8e</run_address>
         <size>0x2</size>
         <input_file_ref idref="fl-25"/>
      </object_component>
      <object_component id="oc-132">
         <name>.text.SemaphoreP_pend</name>
         <load_address>0x2000ef90</load_address>
         <run_address>0x2000ef90</run_address>
         <size>0x98</size>
         <input_file_ref idref="fl-22"/>
      </object_component>
      <object_component id="oc-12f">
         <name>.text.HwiP_disable</name>
         <load_address>0x2000f028</load_address>
         <run_address>0x2000f028</run_address>
         <size>0x8</size>
         <input_file_ref idref="fl-24"/>
      </object_component>
      <object_component id="oc-2fe">
         <name>.text</name>
         <load_address>0x2000f030</load_address>
         <run_address>0x2000f030</run_address>
         <size>0x96</size>
         <input_file_ref idref="fl-19"/>
      </object_component>
      <object_component id="oc-26c">
         <name>.text.uDMAChannelAttributeDisable</name>
         <load_address>0x2000f0c6</load_address>
         <run_address>0x2000f0c6</run_address>
         <size>0x92</size>
         <input_file_ref idref="fl-33"/>
      </object_component>
      <object_component id="oc-d2">
         <name>.text.GPIO_init</name>
         <load_address>0x2000f158</load_address>
         <run_address>0x2000f158</run_address>
         <size>0x90</size>
         <input_file_ref idref="fl-15"/>
      </object_component>
      <object_component id="oc-ee">
         <name>.text.readTemp</name>
         <load_address>0x2000f1e8</load_address>
         <run_address>0x2000f1e8</run_address>
         <size>0x90</size>
         <input_file_ref idref="fl-1"/>
      </object_component>
      <object_component id="oc-111">
         <name>.text.PRCMSysResetCauseGet</name>
         <load_address>0x2000f278</load_address>
         <run_address>0x2000f278</run_address>
         <size>0x8e</size>
         <input_file_ref idref="fl-2e"/>
      </object_component>
      <object_component id="oc-27c">
         <name>.text.SemaphoreP_destruct</name>
         <load_address>0x2000f306</load_address>
         <run_address>0x2000f306</run_address>
         <size>0x2</size>
         <input_file_ref idref="fl-22"/>
      </object_component>
      <object_component id="oc-123">
         <name>.text.PowerCC32XX_configureWakeup</name>
         <load_address>0x2000f308</load_address>
         <run_address>0x2000f308</run_address>
         <size>0x88</size>
         <input_file_ref idref="fl-18"/>
      </object_component>
      <object_component id="oc-2e7">
         <name>.text.fputc</name>
         <load_address>0x2000f390</load_address>
         <run_address>0x2000f390</run_address>
         <size>0x88</size>
         <input_file_ref idref="fl-44"/>
      </object_component>
      <object_component id="oc-29d">
         <name>.text.I2CCC32XX_primeReadBurst</name>
         <load_address>0x2000f418</load_address>
         <run_address>0x2000f418</run_address>
         <size>0x7a</size>
         <input_file_ref idref="fl-17"/>
      </object_component>
      <object_component id="oc-166">
         <name>.text.Timer_init</name>
         <load_address>0x2000f492</load_address>
         <run_address>0x2000f492</run_address>
         <size>0x2</size>
         <input_file_ref idref="fl-1a"/>
      </object_component>
      <object_component id="oc-cd">
         <name>.text.Power_init</name>
         <load_address>0x2000f494</load_address>
         <run_address>0x2000f494</run_address>
         <size>0x78</size>
         <input_file_ref idref="fl-18"/>
      </object_component>
      <object_component id="oc-1e5">
         <name>.text.HwiP_construct</name>
         <load_address>0x2000f50c</load_address>
         <run_address>0x2000f50c</run_address>
         <size>0x74</size>
         <input_file_ref idref="fl-24"/>
      </object_component>
      <object_component id="oc-1a2">
         <name>.text.PRCMHibernateWakeUpGPIOSelect</name>
         <load_address>0x2000f580</load_address>
         <run_address>0x2000f580</run_address>
         <size>0x74</size>
         <input_file_ref idref="fl-2e"/>
      </object_component>
      <object_component id="oc-261">
         <name>.text.UARTConfigSetExpClk</name>
         <load_address>0x2000f5f4</load_address>
         <run_address>0x2000f5f4</run_address>
         <size>0x74</size>
         <input_file_ref idref="fl-32"/>
      </object_component>
      <object_component id="oc-3d3">
         <name>.text.__TI_closefile</name>
         <load_address>0x2000f668</load_address>
         <run_address>0x2000f668</run_address>
         <size>0x74</size>
         <input_file_ref idref="fl-62"/>
      </object_component>
      <object_component id="oc-2fc">
         <name>.text.PinLockLevelSet</name>
         <load_address>0x2000f6dc</load_address>
         <run_address>0x2000f6dc</run_address>
         <size>0x6c</size>
         <input_file_ref idref="fl-2d"/>
      </object_component>
      <object_component id="oc-1ba">
         <name>.text.Power_setDependency</name>
         <load_address>0x2000f748</load_address>
         <run_address>0x2000f748</run_address>
         <size>0x6c</size>
         <input_file_ref idref="fl-18"/>
      </object_component>
      <object_component id="oc-1e1">
         <name>.text.UDMACC32XX_open</name>
         <load_address>0x2000f7b4</load_address>
         <run_address>0x2000f7b4</run_address>
         <size>0x6c</size>
         <input_file_ref idref="fl-20"/>
      </object_component>
      <object_component id="oc-13a">
         <name>.text.powerNotifyFxn</name>
         <load_address>0x2000f820</load_address>
         <run_address>0x2000f820</run_address>
         <size>0x6c</size>
         <input_file_ref idref="fl-15"/>
      </object_component>
      <object_component id="oc-390">
         <name>.text.split</name>
         <load_address>0x2000f88c</load_address>
         <run_address>0x2000f88c</run_address>
         <size>0x6c</size>
         <input_file_ref idref="fl-52"/>
      </object_component>
      <object_component id="oc-119">
         <name>.text.PRCMPeripheralReset</name>
         <load_address>0x2000f8f8</load_address>
         <run_address>0x2000f8f8</run_address>
         <size>0x6a</size>
         <input_file_ref idref="fl-2e"/>
      </object_component>
      <object_component id="oc-18">
         <name>.text:decompress:lzss</name>
         <load_address>0x2000f962</load_address>
         <run_address>0x2000f962</run_address>
         <size>0x6a</size>
         <input_file_ref idref="fl-55"/>
      </object_component>
      <object_component id="oc-1f7">
         <name>.text.I2CCC32XX_initHw</name>
         <load_address>0x2000f9cc</load_address>
         <run_address>0x2000f9cc</run_address>
         <size>0x68</size>
         <input_file_ref idref="fl-17"/>
      </object_component>
      <object_component id="oc-270">
         <name>.text.IntPendClear</name>
         <load_address>0x2000fa34</load_address>
         <run_address>0x2000fa34</run_address>
         <size>0x68</size>
         <input_file_ref idref="fl-2c"/>
      </object_component>
      <object_component id="oc-3be">
         <name>.text.fseeko</name>
         <load_address>0x2000fa9c</load_address>
         <run_address>0x2000fa9c</run_address>
         <size>0x68</size>
         <input_file_ref idref="fl-5c"/>
      </object_component>
      <object_component id="oc-432">
         <name>.text.getdevice</name>
         <load_address>0x2000fb04</load_address>
         <run_address>0x2000fb04</run_address>
         <size>0x68</size>
         <input_file_ref idref="fl-b6"/>
      </object_component>
      <object_component id="oc-29e">
         <name>.text.I2CCC32XX_primeWriteBurst</name>
         <load_address>0x2000fb6c</load_address>
         <run_address>0x2000fb6c</run_address>
         <size>0x66</size>
         <input_file_ref idref="fl-17"/>
      </object_component>
      <object_component id="oc-1ea">
         <name>.text.UART2CC32XX_eventCallback</name>
         <load_address>0x2000fbd2</load_address>
         <run_address>0x2000fbd2</run_address>
         <size>0x2</size>
         <input_file_ref idref="fl-1d"/>
      </object_component>
      <object_component id="oc-3f4">
         <name>.text.HOSTrename</name>
         <load_address>0x2000fbd4</load_address>
         <run_address>0x2000fbd4</run_address>
         <size>0x64</size>
         <input_file_ref idref="fl-a6"/>
      </object_component>
      <object_component id="oc-e4">
         <name>.text.GPIO_write</name>
         <load_address>0x2000fc38</load_address>
         <run_address>0x2000fc38</run_address>
         <size>0x60</size>
         <input_file_ref idref="fl-15"/>
      </object_component>
      <object_component id="oc-28c">
         <name>.text.UART2Support_dmaStopTx</name>
         <load_address>0x2000fc98</load_address>
         <run_address>0x2000fc98</run_address>
         <size>0x60</size>
         <input_file_ref idref="fl-1d"/>
      </object_component>
      <object_component id="oc-369">
         <name>.text.__TI_wrt_ok</name>
         <load_address>0x2000fcf8</load_address>
         <run_address>0x2000fcf8</run_address>
         <size>0x60</size>
         <input_file_ref idref="fl-46"/>
      </object_component>
      <object_component id="oc-3fd">
         <name>.text.close</name>
         <load_address>0x2000fd58</load_address>
         <run_address>0x2000fd58</run_address>
         <size>0x60</size>
         <input_file_ref idref="fl-a0"/>
      </object_component>
      <object_component id="oc-18a">
         <name>.text.printf</name>
         <load_address>0x2000fdb8</load_address>
         <run_address>0x2000fdb8</run_address>
         <size>0x60</size>
         <input_file_ref idref="fl-41"/>
      </object_component>
      <object_component id="oc-38a">
         <name>.text.FlashDisable</name>
         <load_address>0x2000fe18</load_address>
         <run_address>0x2000fe18</run_address>
         <size>0x5c</size>
         <input_file_ref idref="fl-35"/>
      </object_component>
      <object_component id="oc-2a3">
         <name>.text.I2CSupport_primeTransfer</name>
         <load_address>0x2000fe74</load_address>
         <run_address>0x2000fe74</run_address>
         <size>0x5c</size>
         <input_file_ref idref="fl-17"/>
      </object_component>
      <object_component id="oc-1a4">
         <name>.text.PRCMHibernateWakeupSourceDisable</name>
         <load_address>0x2000fed0</load_address>
         <run_address>0x2000fed0</run_address>
         <size>0x5c</size>
         <input_file_ref idref="fl-2e"/>
      </object_component>
      <object_component id="oc-204">
         <name>.text.TimerCC32XX_allocateTimerResource</name>
         <load_address>0x2000ff2c</load_address>
         <run_address>0x2000ff2c</run_address>
         <size>0x5c</size>
         <input_file_ref idref="fl-1b"/>
      </object_component>
      <object_component id="oc-118">
         <name>.text.PRCMPeripheralClkEnable</name>
         <load_address>0x2000ff88</load_address>
         <run_address>0x2000ff88</run_address>
         <size>0x5a</size>
         <input_file_ref idref="fl-2e"/>
      </object_component>
      <object_component id="oc-37e">
         <name>.text.__aeabi_ldiv0</name>
         <load_address>0x2000ffe2</load_address>
         <run_address>0x2000ffe2</run_address>
         <size>0x2</size>
         <input_file_ref idref="fl-b5"/>
      </object_component>
      <object_component id="oc-2f0">
         <name>.text.ClockP_startup</name>
         <load_address>0x2000ffe4</load_address>
         <run_address>0x2000ffe4</run_address>
         <size>0x58</size>
         <input_file_ref idref="fl-23"/>
      </object_component>
      <object_component id="oc-3ec">
         <name>.text.HOSTlseek</name>
         <load_address>0x2001003c</load_address>
         <run_address>0x2001003c</run_address>
         <size>0x58</size>
         <input_file_ref idref="fl-a3"/>
      </object_component>
      <object_component id="oc-3dc">
         <name>.text.HOSTopen</name>
         <load_address>0x20010094</load_address>
         <run_address>0x20010094</run_address>
         <size>0x58</size>
         <input_file_ref idref="fl-a4"/>
      </object_component>
      <object_component id="oc-272">
         <name>.text.IntPrioritySet</name>
         <load_address>0x200100ec</load_address>
         <run_address>0x200100ec</run_address>
         <size>0x58</size>
         <input_file_ref idref="fl-2c"/>
      </object_component>
      <object_component id="oc-308">
         <name>.text.PRCMLPDSEnter</name>
         <load_address>0x20010144</load_address>
         <run_address>0x20010144</run_address>
         <size>0x56</size>
         <input_file_ref idref="fl-2e"/>
      </object_component>
      <object_component id="oc-190">
         <name>.text._nop</name>
         <load_address>0x2001019a</load_address>
         <run_address>0x2001019a</run_address>
         <size>0x2</size>
         <input_file_ref idref="fl-4c"/>
      </object_component>
      <object_component id="oc-3e4">
         <name>.text.HOSTread</name>
         <load_address>0x2001019c</load_address>
         <run_address>0x2001019c</run_address>
         <size>0x54</size>
         <input_file_ref idref="fl-a5"/>
      </object_component>
      <object_component id="oc-3e8">
         <name>.text.HOSTwrite</name>
         <load_address>0x200101f0</load_address>
         <run_address>0x200101f0</run_address>
         <size>0x54</size>
         <input_file_ref idref="fl-a8"/>
      </object_component>
      <object_component id="oc-1cd">
         <name>.text.PowerCC32XX_setParkState</name>
         <load_address>0x20010244</load_address>
         <run_address>0x20010244</run_address>
         <size>0x54</size>
         <input_file_ref idref="fl-18"/>
      </object_component>
      <object_component id="oc-27f">
         <name>.text.Power_releaseDependency</name>
         <load_address>0x20010298</load_address>
         <run_address>0x20010298</run_address>
         <size>0x54</size>
         <input_file_ref idref="fl-18"/>
      </object_component>
      <object_component id="oc-1c1">
         <name>.text.GPIO_hwiIntFxn</name>
         <load_address>0x200102ec</load_address>
         <run_address>0x200102ec</run_address>
         <size>0x50</size>
         <input_file_ref idref="fl-15"/>
      </object_component>
      <object_component id="oc-1a3">
         <name>.text.PRCMHibernateWakeupSourceEnable</name>
         <load_address>0x2001033c</load_address>
         <run_address>0x2001033c</run_address>
         <size>0x50</size>
         <input_file_ref idref="fl-2e"/>
      </object_component>
      <object_component id="oc-245">
         <name>.text.SemaphoreP_construct</name>
         <load_address>0x2001038c</load_address>
         <run_address>0x2001038c</run_address>
         <size>0x50</size>
         <input_file_ref idref="fl-22"/>
      </object_component>
      <object_component id="oc-373">
         <name>.text.__TI_doflush</name>
         <load_address>0x200103dc</load_address>
         <run_address>0x200103dc</run_address>
         <size>0x4e</size>
         <input_file_ref idref="fl-5a"/>
      </object_component>
      <object_component id="oc-26b">
         <name>.text.uDMAChannelAssign</name>
         <load_address>0x2001042a</load_address>
         <run_address>0x2001042a</run_address>
         <size>0x4e</size>
         <input_file_ref idref="fl-33"/>
      </object_component>
      <object_component id="oc-1be">
         <name>.text.GPIO_setInterruptConfig</name>
         <load_address>0x20010478</load_address>
         <run_address>0x20010478</run_address>
         <size>0x4c</size>
         <input_file_ref idref="fl-15"/>
      </object_component>
      <object_component id="oc-388">
         <name>.text.PRCMLPDSRestoreInfoSet</name>
         <load_address>0x200104c4</load_address>
         <run_address>0x200104c4</run_address>
         <size>0x4c</size>
         <input_file_ref idref="fl-2e"/>
      </object_component>
      <object_component id="oc-208">
         <name>.text.initHw</name>
         <load_address>0x20010510</load_address>
         <run_address>0x20010510</run_address>
         <size>0x4c</size>
         <input_file_ref idref="fl-1b"/>
      </object_component>
      <object_component id="oc-288">
         <name>.text.UART2Support_dmaStopRx</name>
         <load_address>0x2001055c</load_address>
         <run_address>0x2001055c</run_address>
         <size>0x4a</size>
         <input_file_ref idref="fl-1d"/>
      </object_component>
      <object_component id="oc-207">
         <name>.text.getPrescaler</name>
         <load_address>0x200105a6</load_address>
         <run_address>0x200105a6</run_address>
         <size>0x4a</size>
         <input_file_ref idref="fl-1b"/>
      </object_component>
      <object_component id="oc-320">
         <name>.text.uDMAChannelSizeGet</name>
         <load_address>0x200105f0</load_address>
         <run_address>0x200105f0</run_address>
         <size>0x4a</size>
         <input_file_ref idref="fl-33"/>
      </object_component>
      <object_component id="oc-4e">
         <name>.text.busFaultHandler</name>
         <load_address>0x2001063a</load_address>
         <run_address>0x2001063a</run_address>
         <size>0x2</size>
         <input_file_ref idref="fl-26"/>
      </object_component>
      <object_component id="oc-4f">
         <name>.text.ClockP_sysTickHandler</name>
         <load_address>0x2001063c</load_address>
         <run_address>0x2001063c</run_address>
         <size>0x48</size>
         <input_file_ref idref="fl-23"/>
      </object_component>
      <object_component id="oc-302">
         <name>.text.PRCMIntEnable</name>
         <load_address>0x20010684</load_address>
         <run_address>0x20010684</run_address>
         <size>0x48</size>
         <input_file_ref idref="fl-2e"/>
      </object_component>
      <object_component id="oc-24a">
         <name>.text.PRCMPeripheralStatusGet</name>
         <load_address>0x200106cc</load_address>
         <run_address>0x200106cc</run_address>
         <size>0x48</size>
         <input_file_ref idref="fl-2e"/>
      </object_component>
      <object_component id="oc-385">
         <name>.text.PinConfigGet</name>
         <load_address>0x20010714</load_address>
         <run_address>0x20010714</run_address>
         <size>0x48</size>
         <input_file_ref idref="fl-2d"/>
      </object_component>
      <object_component id="oc-2c2">
         <name>.text.atoi</name>
         <load_address>0x2001075c</load_address>
         <run_address>0x2001075c</run_address>
         <size>0x48</size>
         <input_file_ref idref="fl-4f"/>
      </object_component>
      <object_component id="oc-17d">
         <name>.text</name>
         <load_address>0x200107a4</load_address>
         <run_address>0x200107a4</run_address>
         <size>0x48</size>
         <input_file_ref idref="fl-ad"/>
      </object_component>
      <object_component id="oc-29c">
         <name>.text.I2CCC32XX_fillTransmitFifo</name>
         <load_address>0x200107ec</load_address>
         <run_address>0x200107ec</run_address>
         <size>0x46</size>
         <input_file_ref idref="fl-17"/>
      </object_component>
      <object_component id="oc-307">
         <name>.text.PRCMLPDSEnterKeepDebugIf</name>
         <load_address>0x20010832</load_address>
         <run_address>0x20010832</run_address>
         <size>0x46</size>
         <input_file_ref idref="fl-2e"/>
      </object_component>
      <object_component id="oc-31e">
         <name>.text.RingBuf_put</name>
         <load_address>0x20010878</load_address>
         <run_address>0x20010878</run_address>
         <size>0x46</size>
         <input_file_ref idref="fl-1f"/>
      </object_component>
      <object_component id="oc-1bd">
         <name>.text.GPIODirModeSet</name>
         <load_address>0x200108be</load_address>
         <run_address>0x200108be</run_address>
         <size>0x44</size>
         <input_file_ref idref="fl-29"/>
      </object_component>
      <object_component id="oc-1b8">
         <name>.text.clkFxn</name>
         <load_address>0x20010902</load_address>
         <run_address>0x20010902</run_address>
         <size>0x2</size>
         <input_file_ref idref="fl-22"/>
      </object_component>
      <object_component id="oc-24c">
         <name>.text.GPIO_disableInt</name>
         <load_address>0x20010904</load_address>
         <run_address>0x20010904</run_address>
         <size>0x44</size>
         <input_file_ref idref="fl-15"/>
      </object_component>
      <object_component id="oc-ea">
         <name>.text.GPIO_enableInt</name>
         <load_address>0x20010948</load_address>
         <run_address>0x20010948</run_address>
         <size>0x44</size>
         <input_file_ref idref="fl-15"/>
      </object_component>
      <object_component id="oc-3f0">
         <name>.text.HOSTunlink</name>
         <load_address>0x2001098c</load_address>
         <run_address>0x2001098c</run_address>
         <size>0x44</size>
         <input_file_ref idref="fl-a7"/>
      </object_component>
      <object_component id="oc-28b">
         <name>.text.Power_releaseConstraint</name>
         <load_address>0x200109d0</load_address>
         <run_address>0x200109d0</run_address>
         <size>0x44</size>
         <input_file_ref idref="fl-18"/>
      </object_component>
      <object_component id="oc-173">
         <name>.text.Timer_start</name>
         <load_address>0x20010a14</load_address>
         <run_address>0x20010a14</run_address>
         <size>0x44</size>
         <input_file_ref idref="fl-1a"/>
      </object_component>
      <object_component id="oc-73">
         <name>.text.addToList</name>
         <load_address>0x20010a58</load_address>
         <run_address>0x20010a58</run_address>
         <size>0x44</size>
         <input_file_ref idref="fl-23"/>
      </object_component>
      <object_component id="oc-ed">
         <name>.text.initTimer</name>
         <load_address>0x20010a9c</load_address>
         <run_address>0x20010a9c</run_address>
         <size>0x44</size>
         <input_file_ref idref="fl-1"/>
      </object_component>
      <object_component id="oc-ef">
         <name>.text.snprintf</name>
         <load_address>0x20010ae0</load_address>
         <run_address>0x20010ae0</run_address>
         <size>0x44</size>
         <input_file_ref idref="fl-43"/>
      </object_component>
      <object_component id="oc-120">
         <name>.text.PinModeSet</name>
         <load_address>0x20010b24</load_address>
         <run_address>0x20010b24</run_address>
         <size>0x42</size>
         <input_file_ref idref="fl-2d"/>
      </object_component>
      <object_component id="oc-2b3">
         <name>.text.TimerControlStall</name>
         <load_address>0x20010b66</load_address>
         <run_address>0x20010b66</run_address>
         <size>0x42</size>
         <input_file_ref idref="fl-31"/>
      </object_component>
      <object_component id="oc-206">
         <name>.text.Timer_close</name>
         <load_address>0x20010ba8</load_address>
         <run_address>0x20010ba8</run_address>
         <size>0x42</size>
         <input_file_ref idref="fl-1b"/>
      </object_component>
      <object_component id="oc-230">
         <name>.text.getCountsRTC</name>
         <load_address>0x20010bea</load_address>
         <run_address>0x20010bea</run_address>
         <size>0x42</size>
         <input_file_ref idref="fl-25"/>
      </object_component>
      <object_component id="oc-135">
         <name>.text.SemaphoreP_post</name>
         <load_address>0x20010c2c</load_address>
         <run_address>0x20010c2c</run_address>
         <size>0x40</size>
         <input_file_ref idref="fl-22"/>
      </object_component>
      <object_component id="oc-2a9">
         <name>.text.Timer_stop</name>
         <load_address>0x20010c6c</load_address>
         <run_address>0x20010c6c</run_address>
         <size>0x40</size>
         <input_file_ref idref="fl-1a"/>
      </object_component>
      <object_component id="oc-323">
         <name>.text.uDMAChannelControlSet</name>
         <load_address>0x20010cac</load_address>
         <run_address>0x20010cac</run_address>
         <size>0x40</size>
         <input_file_ref idref="fl-33"/>
      </object_component>
      <object_component id="oc-387">
         <name>.text.PinDirModeSet</name>
         <load_address>0x20010cec</load_address>
         <run_address>0x20010cec</run_address>
         <size>0x3e</size>
         <input_file_ref idref="fl-2d"/>
      </object_component>
      <object_component id="oc-4d">
         <name>.text.defaultHandler</name>
         <load_address>0x20010d2a</load_address>
         <run_address>0x20010d2a</run_address>
         <size>0x2</size>
         <input_file_ref idref="fl-26"/>
      </object_component>
      <object_component id="oc-249">
         <name>.text.ClockP_stop</name>
         <load_address>0x20010d2c</load_address>
         <run_address>0x20010d2c</run_address>
         <size>0x3c</size>
         <input_file_ref idref="fl-23"/>
      </object_component>
      <object_component id="oc-3e0">
         <name>.text.HOSTclose</name>
         <load_address>0x20010d68</load_address>
         <run_address>0x20010d68</run_address>
         <size>0x3c</size>
         <input_file_ref idref="fl-a2"/>
      </object_component>
      <object_component id="oc-1dc">
         <name>.text.UDMACC32XX_init</name>
         <load_address>0x20010da4</load_address>
         <run_address>0x20010da4</run_address>
         <size>0x3c</size>
         <input_file_ref idref="fl-20"/>
      </object_component>
      <object_component id="oc-210">
         <name>.text.TimerSupport_timerEnable</name>
         <load_address>0x20010de0</load_address>
         <run_address>0x20010de0</run_address>
         <size>0x3a</size>
         <input_file_ref idref="fl-1b"/>
      </object_component>
      <object_component id="oc-4c">
         <name>.text.faultISR</name>
         <load_address>0x20010e1a</load_address>
         <run_address>0x20010e1a</run_address>
         <size>0x2</size>
         <input_file_ref idref="fl-26"/>
      </object_component>
      <object_component id="oc-1b7">
         <name>.text.ClockP_destruct</name>
         <load_address>0x20010e1c</load_address>
         <run_address>0x20010e1c</run_address>
         <size>0x38</size>
         <input_file_ref idref="fl-23"/>
      </object_component>
      <object_component id="oc-2b8">
         <name>.text.Power_setConstraint</name>
         <load_address>0x20010e54</load_address>
         <run_address>0x20010e54</run_address>
         <size>0x38</size>
         <input_file_ref idref="fl-18"/>
      </object_component>
      <object_component id="oc-2d9">
         <name>.text.RingBuf_putAdvance</name>
         <load_address>0x20010e8c</load_address>
         <run_address>0x20010e8c</run_address>
         <size>0x38</size>
         <input_file_ref idref="fl-1f"/>
      </object_component>
      <object_component id="oc-241">
         <name>.text.SwiP_restore</name>
         <load_address>0x20010ec4</load_address>
         <run_address>0x20010ec4</run_address>
         <size>0x38</size>
         <input_file_ref idref="fl-27"/>
      </object_component>
      <object_component id="oc-27d">
         <name>.text.UDMACC32XX_close</name>
         <load_address>0x20010efc</load_address>
         <run_address>0x20010efc</run_address>
         <size>0x38</size>
         <input_file_ref idref="fl-20"/>
      </object_component>
      <object_component id="oc-b5">
         <name>.text:__TI_auto_init_nobinit_nopinit</name>
         <load_address>0x20010f34</load_address>
         <run_address>0x20010f34</run_address>
         <size>0x38</size>
         <input_file_ref idref="fl-5f"/>
      </object_component>
      <object_component id="oc-2fd">
         <name>.text.PinLock</name>
         <load_address>0x20010f6c</load_address>
         <run_address>0x20010f6c</run_address>
         <size>0x36</size>
         <input_file_ref idref="fl-2d"/>
      </object_component>
      <object_component id="oc-20d">
         <name>.text.TimerCC32XX_hwiIntFunction</name>
         <load_address>0x20010fa2</load_address>
         <run_address>0x20010fa2</run_address>
         <size>0x36</size>
         <input_file_ref idref="fl-1b"/>
      </object_component>
      <object_component id="oc-367">
         <name>.text.UARTCharPutNonBlocking</name>
         <load_address>0x20010fd8</load_address>
         <run_address>0x20010fd8</run_address>
         <size>0x36</size>
         <input_file_ref idref="fl-32"/>
      </object_component>
      <object_component id="oc-4b">
         <name>.text.nmiISR</name>
         <load_address>0x2001100e</load_address>
         <run_address>0x2001100e</run_address>
         <size>0x2</size>
         <input_file_ref idref="fl-26"/>
      </object_component>
      <object_component id="oc-1b4">
         <name>.text.ClockP_start</name>
         <load_address>0x20011010</load_address>
         <run_address>0x20011010</run_address>
         <size>0x34</size>
         <input_file_ref idref="fl-23"/>
      </object_component>
      <object_component id="oc-32a">
         <name>.text.I2CFIFODataPutNonBlocking</name>
         <load_address>0x20011044</load_address>
         <run_address>0x20011044</run_address>
         <size>0x34</size>
         <input_file_ref idref="fl-2b"/>
      </object_component>
      <object_component id="oc-386">
         <name>.text.PinDirModeGet</name>
         <load_address>0x20011078</load_address>
         <run_address>0x20011078</run_address>
         <size>0x34</size>
         <input_file_ref idref="fl-2d"/>
      </object_component>
      <object_component id="oc-11b">
         <name>.text.PinModeGet</name>
         <load_address>0x200110ac</load_address>
         <run_address>0x200110ac</run_address>
         <size>0x34</size>
         <input_file_ref idref="fl-2d"/>
      </object_component>
      <object_component id="oc-2fb">
         <name>.text.PowerCC32XX_parkPin</name>
         <load_address>0x200110e0</load_address>
         <run_address>0x200110e0</run_address>
         <size>0x34</size>
         <input_file_ref idref="fl-18"/>
      </object_component>
      <object_component id="oc-2ab">
         <name>.text.TimerCC32XX_freeTimerResource</name>
         <load_address>0x20011114</load_address>
         <run_address>0x20011114</run_address>
         <size>0x34</size>
         <input_file_ref idref="fl-1b"/>
      </object_component>
      <object_component id="oc-279">
         <name>.text.UART2_rxDisable</name>
         <load_address>0x20011148</load_address>
         <run_address>0x20011148</run_address>
         <size>0x34</size>
         <input_file_ref idref="fl-1c"/>
      </object_component>
      <object_component id="oc-3c2">
         <name>.text.__TI_cleanup</name>
         <load_address>0x2001117c</load_address>
         <run_address>0x2001117c</run_address>
         <size>0x34</size>
         <input_file_ref idref="fl-5b"/>
      </object_component>
      <object_component id="oc-408">
         <name>.text.__TI_writemsg</name>
         <load_address>0x200111b0</load_address>
         <run_address>0x200111b0</run_address>
         <size>0x34</size>
         <input_file_ref idref="fl-a9"/>
      </object_component>
      <object_component id="oc-43b">
         <name>.text.finddevice</name>
         <load_address>0x200111e4</load_address>
         <run_address>0x200111e4</run_address>
         <size>0x34</size>
         <input_file_ref idref="fl-b6"/>
      </object_component>
      <object_component id="oc-46">
         <name>.text.initVectors</name>
         <load_address>0x20011218</load_address>
         <run_address>0x20011218</run_address>
         <size>0x34</size>
         <input_file_ref idref="fl-26"/>
      </object_component>
      <object_component id="oc-22d">
         <name>.text.ClockP_getTicksUntilInterrupt</name>
         <load_address>0x2001124c</load_address>
         <run_address>0x2001124c</run_address>
         <size>0x30</size>
         <input_file_ref idref="fl-23"/>
      </object_component>
      <object_component id="oc-29b">
         <name>.text.I2CFIFODataGetNonBlocking</name>
         <load_address>0x2001127c</load_address>
         <run_address>0x2001127c</run_address>
         <size>0x30</size>
         <input_file_ref idref="fl-2b"/>
      </object_component>
      <object_component id="oc-23a">
         <name>.text.PRCMLPDSIntervalSet</name>
         <load_address>0x200112ac</load_address>
         <run_address>0x200112ac</run_address>
         <size>0x30</size>
         <input_file_ref idref="fl-2e"/>
      </object_component>
      <object_component id="oc-2f1">
         <name>.text.PRCMSlowClkCtrFastGet</name>
         <load_address>0x200112dc</load_address>
         <run_address>0x200112dc</run_address>
         <size>0x30</size>
         <input_file_ref idref="fl-2e"/>
      </object_component>
      <object_component id="oc-2b2">
         <name>.text.TimerLoadSet</name>
         <load_address>0x2001130c</load_address>
         <run_address>0x2001130c</run_address>
         <size>0x30</size>
         <input_file_ref idref="fl-31"/>
      </object_component>
      <object_component id="oc-2b1">
         <name>.text.TimerPrescaleSet</name>
         <load_address>0x2001133c</load_address>
         <run_address>0x2001133c</run_address>
         <size>0x30</size>
         <input_file_ref idref="fl-31"/>
      </object_component>
      <object_component id="oc-40e">
         <name>.text.__TI_readmsg</name>
         <load_address>0x2001136c</load_address>
         <run_address>0x2001136c</run_address>
         <size>0x30</size>
         <input_file_ref idref="fl-a9"/>
      </object_component>
      <object_component id="oc-183">
         <name>.text._outs</name>
         <load_address>0x2001139c</load_address>
         <run_address>0x2001139c</run_address>
         <size>0x30</size>
         <input_file_ref idref="fl-43"/>
      </object_component>
      <object_component id="oc-b3">
         <name>.text.exit</name>
         <load_address>0x200113cc</load_address>
         <run_address>0x200113cc</run_address>
         <size>0x30</size>
         <input_file_ref idref="fl-4b"/>
      </object_component>
      <object_component id="oc-2f9">
         <name>.text.notify</name>
         <load_address>0x200113fc</load_address>
         <run_address>0x200113fc</run_address>
         <size>0x30</size>
         <input_file_ref idref="fl-18"/>
      </object_component>
      <object_component id="oc-24e">
         <name>.text.GPIOIntStatus</name>
         <load_address>0x2001142c</load_address>
         <run_address>0x2001142c</run_address>
         <size>0x2e</size>
         <input_file_ref idref="fl-29"/>
      </object_component>
      <object_component id="oc-327">
         <name>.text.RingBuf_getConsume</name>
         <load_address>0x2001145a</load_address>
         <run_address>0x2001145a</run_address>
         <size>0x2e</size>
         <input_file_ref idref="fl-1f"/>
      </object_component>
      <object_component id="oc-2d8">
         <name>.text.RingBuf_putPointer</name>
         <load_address>0x20011488</load_address>
         <run_address>0x20011488</run_address>
         <size>0x2e</size>
         <input_file_ref idref="fl-1f"/>
      </object_component>
      <object_component id="oc-27a">
         <name>.text.UARTDisable</name>
         <load_address>0x200114b6</load_address>
         <run_address>0x200114b6</run_address>
         <size>0x2e</size>
         <input_file_ref idref="fl-32"/>
      </object_component>
      <object_component id="oc-175">
         <name>.text</name>
         <load_address>0x200114e4</load_address>
         <run_address>0x200114e4</run_address>
         <size>0x2e</size>
         <input_file_ref idref="fl-ae"/>
      </object_component>
      <object_component id="oc-29a">
         <name>.text.I2CMasterIntStatusEx</name>
         <load_address>0x20011512</load_address>
         <run_address>0x20011512</run_address>
         <size>0x2c</size>
         <input_file_ref idref="fl-2b"/>
      </object_component>
      <object_component id="oc-285">
         <name>.text.UART2CC32XX_getRxData</name>
         <load_address>0x2001153e</load_address>
         <run_address>0x2001153e</run_address>
         <size>0x2c</size>
         <input_file_ref idref="fl-1d"/>
      </object_component>
      <object_component id="oc-eb">
         <name>.text.initUART</name>
         <load_address>0x2001156c</load_address>
         <run_address>0x2001156c</run_address>
         <size>0x2c</size>
         <input_file_ref idref="fl-1"/>
      </object_component>
      <object_component id="oc-3cf">
         <name>.text.lseek</name>
         <load_address>0x20011598</load_address>
         <run_address>0x20011598</run_address>
         <size>0x2c</size>
         <input_file_ref idref="fl-9f"/>
      </object_component>
      <object_component id="oc-429">
         <name>.text.unlink</name>
         <load_address>0x200115c4</load_address>
         <run_address>0x200115c4</run_address>
         <size>0x2c</size>
         <input_file_ref idref="fl-a1"/>
      </object_component>
      <object_component id="oc-36f">
         <name>.text.write</name>
         <load_address>0x200115f0</load_address>
         <run_address>0x200115f0</run_address>
         <size>0x2c</size>
         <input_file_ref idref="fl-9b"/>
      </object_component>
      <object_component id="oc-1bc">
         <name>.text.HwiP_create</name>
         <load_address>0x2001161c</load_address>
         <run_address>0x2001161c</run_address>
         <size>0x2a</size>
         <input_file_ref idref="fl-24"/>
      </object_component>
      <object_component id="oc-1a1">
         <name>.text.PRCMLPDSWakeUpGPIOSelect</name>
         <load_address>0x20011646</load_address>
         <run_address>0x20011646</run_address>
         <size>0x2a</size>
         <input_file_ref idref="fl-2e"/>
      </object_component>
      <object_component id="oc-11a">
         <name>.text.PRCMPeripheralClkDisable</name>
         <load_address>0x20011670</load_address>
         <run_address>0x20011670</run_address>
         <size>0x2a</size>
         <input_file_ref idref="fl-2e"/>
      </object_component>
      <object_component id="oc-284">
         <name>.text.UARTIntStatus</name>
         <load_address>0x2001169a</load_address>
         <run_address>0x2001169a</run_address>
         <size>0x2a</size>
         <input_file_ref idref="fl-32"/>
      </object_component>
      <object_component id="oc-32f">
         <name>.text.I2CMasterBusBusy</name>
         <load_address>0x200116c4</load_address>
         <run_address>0x200116c4</run_address>
         <size>0x28</size>
         <input_file_ref idref="fl-2b"/>
      </object_component>
      <object_component id="oc-32b">
         <name>.text.I2CMasterSlaveAddrSet</name>
         <load_address>0x200116ec</load_address>
         <run_address>0x200116ec</run_address>
         <size>0x28</size>
         <input_file_ref idref="fl-2b"/>
      </object_component>
      <object_component id="oc-295">
         <name>.text.I2CTxFIFOConfigSet</name>
         <load_address>0x20011714</load_address>
         <run_address>0x20011714</run_address>
         <size>0x28</size>
         <input_file_ref idref="fl-2b"/>
      </object_component>
      <object_component id="oc-2a6">
         <name>.text.I2C_cancel</name>
         <load_address>0x2001173c</load_address>
         <run_address>0x2001173c</run_address>
         <size>0x28</size>
         <input_file_ref idref="fl-16"/>
      </object_component>
      <object_component id="oc-31b">
         <name>.text.List_remove</name>
         <load_address>0x20011764</load_address>
         <run_address>0x20011764</run_address>
         <size>0x28</size>
         <input_file_ref idref="fl-1e"/>
      </object_component>
      <object_component id="oc-2fa">
         <name>.text.PRCMSRAMRetentionEnable</name>
         <load_address>0x2001178c</load_address>
         <run_address>0x2001178c</run_address>
         <size>0x28</size>
         <input_file_ref idref="fl-2e"/>
      </object_component>
      <object_component id="oc-1da">
         <name>.text.PowerCC32XX_getParkState</name>
         <load_address>0x200117b4</load_address>
         <run_address>0x200117b4</run_address>
         <size>0x28</size>
         <input_file_ref idref="fl-18"/>
      </object_component>
      <object_component id="oc-331">
         <name>.text.TimerSupport_timerDisable</name>
         <load_address>0x200117dc</load_address>
         <run_address>0x200117dc</run_address>
         <size>0x28</size>
         <input_file_ref idref="fl-1b"/>
      </object_component>
      <object_component id="oc-248">
         <name>.text.free_list_insert</name>
         <load_address>0x20011804</load_address>
         <run_address>0x20011804</run_address>
         <size>0x28</size>
         <input_file_ref idref="fl-52"/>
      </object_component>
      <object_component id="oc-296">
         <name>.text.I2CRxFIFOConfigSet</name>
         <load_address>0x2001182c</load_address>
         <run_address>0x2001182c</run_address>
         <size>0x24</size>
         <input_file_ref idref="fl-2b"/>
      </object_component>
      <object_component id="oc-31a">
         <name>.text.IntUnregister</name>
         <load_address>0x20011850</load_address>
         <run_address>0x20011850</run_address>
         <size>0x24</size>
         <input_file_ref idref="fl-2c"/>
      </object_component>
[...]
      </symbol>
      <symbol id="sm-641">
         <name>TimerIntEnable</name>
         <value>0x20011ee5</value>
         <object_component_ref idref="oc-2b7"/>
      </symbol>
      <symbol id="sm-642">
         <name>TimerLoadSet</name>
         <value>0x2001130d</value>
         <object_component_ref idref="oc-2b2"/>
      </symbol>
      <symbol id="sm-643">
         <name>TimerPrescaleSet</name>
         <value>0x2001133d</value>
         <object_component_ref idref="oc-2b1"/>
      </symbol>
      <symbol id="sm-6ad">
         <name>UARTBusy</name>
         <value>0x2001211d</value>
         <object_component_ref idref="oc-368"/>
      </symbol>
      <symbol id="sm-6ae">
         <name>UARTCharPutNonBlocking</name>
         <value>0x20010fd9</value>
         <object_component_ref idref="oc-367"/>
      </symbol>
      <symbol id="sm-6af">
         <name>UARTCharsAvail</name>
         <value>0x20011ded</value>
         <object_component_ref idref="oc-289"/>
      </symbol>
      <symbol id="sm-6b0">
         <name>UARTConfigSetExpClk</name>
         <value>0x2000f5f5</value>
         <object_component_ref idref="oc-261"/>
      </symbol>
      <symbol id="sm-6b1">
         <name>UARTDMADisable</name>
         <value>0x20011e03</value>
         <object_component_ref idref="oc-278"/>
      </symbol>
      <symbol id="sm-6b2">
         <name>UARTDMAEnable</name>
         <value>0x20011ef9</value>
         <object_component_ref idref="oc-326"/>
      </symbol>
      <symbol id="sm-6b3">
         <name>UARTDisable</name>
         <value>0x200114b7</value>
         <object_component_ref idref="oc-27a"/>
      </symbol>
      <symbol id="sm-6b4">
         <name>UARTEnable</name>
         <value>0x20011b15</value>
         <object_component_ref idref="oc-267"/>
      </symbol>
      <symbol id="sm-6b5">
         <name>UARTFIFOLevelSet</name>
         <value>0x20011e19</value>
         <object_component_ref idref="oc-269"/>
      </symbol>
      <symbol id="sm-6b6">
         <name>UARTFlowControlSet</name>
         <value>0x20011cf1</value>
         <object_component_ref idref="oc-26a"/>
      </symbol>
      <symbol id="sm-6b7">
         <name>UARTIntClear</name>
         <value>0x2001212d</value>
         <object_component_ref idref="oc-266"/>
      </symbol>
      <symbol id="sm-6b8">
         <name>UARTIntDisable</name>
         <value>0x20011e2f</value>
         <object_component_ref idref="oc-277"/>
      </symbol>
      <symbol id="sm-6b9">
         <name>UARTIntEnable</name>
         <value>0x20011f0d</value>
         <object_component_ref idref="oc-268"/>
      </symbol>
      <symbol id="sm-6ba">
         <name>UARTIntStatus</name>
         <value>0x2001169b</value>
         <object_component_ref idref="oc-284"/>
      </symbol>
      <symbol id="sm-6bb">
         <name>UARTRxErrorGet</name>
         <value>0x2001213d</value>
         <object_component_ref idref="oc-286"/>
      </symbol>
      <symbol id="sm-714">
         <name>uDMAChannelAssign</name>
         <value>0x2001042b</value>
         <object_component_ref idref="oc-26b"/>
      </symbol>
      <symbol id="sm-715">
         <name>uDMAChannelAttributeDisable</name>
         <value>0x2000f0c7</value>
         <object_component_ref idref="oc-26c"/>
      </symbol>
      <symbol id="sm-716">
         <name>uDMAChannelControlSet</name>
         <value>0x20010cad</value>
         <object_component_ref idref="oc-323"/>
      </symbol>
      <symbol id="sm-717">
         <name>uDMAChannelDisable</name>
         <value>0x20011b51</value>
         <object_component_ref idref="oc-31f"/>
      </symbol>
      <symbol id="sm-718">
         <name>uDMAChannelEnable</name>
         <value>0x20011b6f</value>
         <object_component_ref idref="oc-325"/>
      </symbol>
      <symbol id="sm-719">
         <name>uDMAChannelIsEnabled</name>
         <value>0x20011b8d</value>
         <object_component_ref idref="oc-287"/>
      </symbol>
      <symbol id="sm-71a">
         <name>uDMAChannelSizeGet</name>
         <value>0x200105f1</value>
         <object_component_ref idref="oc-320"/>
      </symbol>
      <symbol id="sm-71b">
         <name>uDMAChannelTransferSet</name>
         <value>0x2000e087</value>
         <object_component_ref idref="oc-324"/>
      </symbol>
      <symbol id="sm-71c">
         <name>uDMAControlBaseSet</name>
         <value>0x20011f35</value>
         <object_component_ref idref="oc-25e"/>
      </symbol>
      <symbol id="sm-71d">
         <name>uDMAEnable</name>
         <value>0x200121d1</value>
         <object_component_ref idref="oc-259"/>
      </symbol>
      <symbol id="sm-71e">
         <name>uDMAErrorStatusClear</name>
         <value>0x200121df</value>
         <object_component_ref idref="oc-3bd"/>
      </symbol>
      <symbol id="sm-71f">
         <name>uDMAErrorStatusGet</name>
         <value>0x200122b1</value>
         <object_component_ref idref="oc-3bc"/>
      </symbol>
      <symbol id="sm-720">
         <name>uDMAIntClear</name>
         <value>0x20011f49</value>
         <object_component_ref idref="oc-321"/>
      </symbol>
      <symbol id="sm-72b">
         <name>UtilsDelay</name>
         <value>0x20012323</value>
         <object_component_ref idref="oc-112"/>
      </symbol>
      <symbol id="sm-758">
         <name>FlashDisable</name>
         <value>0x2000fe19</value>
         <object_component_ref idref="oc-38a"/>
      </symbol>
      <symbol id="sm-769">
         <name>printf</name>
         <value>0x2000fdb9</value>
         <object_component_ref idref="oc-18a"/>
      </symbol>
      <symbol id="sm-788">
         <name>__TI_printfi_nofloat</name>
         <value>0x2000c041</value>
         <object_component_ref idref="oc-21a"/>
      </symbol>
      <symbol id="sm-799">
         <name>snprintf</name>
         <value>0x20010ae1</value>
         <object_component_ref idref="oc-ef"/>
      </symbol>
      <symbol id="sm-7a4">
         <name>fputc</name>
         <value>0x2000f391</value>
         <object_component_ref idref="oc-2e7"/>
      </symbol>
      <symbol id="sm-7af">
         <name>fputs</name>
         <value>0x2000e38d</value>
         <object_component_ref idref="oc-2e1"/>
      </symbol>
      <symbol id="sm-7b9">
         <name>__TI_wrt_ok</name>
         <value>0x2000fcf9</value>
         <object_component_ref idref="oc-369"/>
      </symbol>
      <symbol id="sm-7c3">
         <name>setvbuf</name>
         <value>0x2000e64d</value>
         <object_component_ref idref="oc-3aa"/>
      </symbol>
      <symbol id="sm-7d0">
         <name>__aeabi_errno_addr</name>
         <value>0x2001232d</value>
         <object_component_ref idref="oc-2ca"/>
      </symbol>
      <symbol id="sm-7d1">
         <name>__aeabi_errno</name>
         <value>0x20013854</value>
         <object_component_ref idref="oc-33e"/>
      </symbol>
      <symbol id="sm-7df">
         <name>abort</name>
         <value>0x2001238b</value>
         <object_component_ref idref="oc-ae"/>
      </symbol>
      <symbol id="sm-7e0">
         <name>C$$EXIT</name>
         <value>0x2001238a</value>
         <object_component_ref idref="oc-ae"/>
      </symbol>
      <symbol id="sm-7e1">
         <name>__TI_cleanup_ptr</name>
         <value>0x2001383c</value>
         <object_component_ref idref="oc-109"/>
      </symbol>
      <symbol id="sm-7e2">
         <name>__TI_dtors_ptr</name>
         <value>0x20013840</value>
         <object_component_ref idref="oc-109"/>
      </symbol>
      <symbol id="sm-7e3">
         <name>exit</name>
         <value>0x200113cd</value>
         <object_component_ref idref="oc-b3"/>
      </symbol>
      <symbol id="sm-7ec">
         <name>_nop</name>
         <value>0x2001019b</value>
         <object_component_ref idref="oc-190"/>
      </symbol>
      <symbol id="sm-7ed">
         <name>_lock</name>
         <value>0x20013858</value>
         <object_component_ref idref="oc-107"/>
      </symbol>
      <symbol id="sm-7ee">
         <name>_unlock</name>
         <value>0x2001385c</value>
         <object_component_ref idref="oc-10a"/>
      </symbol>
      <symbol id="sm-7fa">
         <name>atoi</name>
         <value>0x2001075d</value>
         <object_component_ref idref="oc-2c2"/>
      </symbol>
      <symbol id="sm-7ff">
         <name>_ftable</name>
         <value>0x20013578</value>
         <object_component_ref idref="oc-21e"/>
      </symbol>
      <symbol id="sm-800">
         <name>__TI_ft_end</name>
         <value>0x20013850</value>
         <object_component_ref idref="oc-3d9"/>
      </symbol>
      <symbol id="sm-801">
         <name>__TI_tmpnams</name>
         <value>0x20012cc0</value>
      </symbol>
      <symbol id="sm-80a">
         <name>memccpy</name>
         <value>0x20011b33</value>
         <object_component_ref idref="oc-2bb"/>
      </symbol>
      <symbol id="sm-82a">
         <name>malloc</name>
         <value>0x20012335</value>
         <object_component_ref idref="oc-244"/>
      </symbol>
      <symbol id="sm-82b">
         <name>aligned_alloc</name>
         <value>0x2000de4d</value>
         <object_component_ref idref="oc-30b"/>
      </symbol>
      <symbol id="sm-82c">
         <name>free</name>
         <value>0x2000e295</value>
         <object_component_ref idref="oc-1b1"/>
      </symbol>
      <symbol id="sm-82d">
         <name>_sys_memory</name>
         <value>0x20004040</value>
         <object_component_ref idref="oc-28"/>
      </symbol>
      <symbol id="sm-82e">
         <name>memalign</name>
         <value>0x2000de4d</value>
         <object_component_ref idref="oc-30b"/>
      </symbol>
      <symbol id="sm-838">
         <name>__TI_zero_init</name>
         <value>0x2001216d</value>
         <object_component_ref idref="oc-40"/>
      </symbol>
      <symbol id="sm-841">
         <name>__TI_decompress_none</name>
         <value>0x200121fb</value>
         <object_component_ref idref="oc-1c"/>
      </symbol>
      <symbol id="sm-84b">
         <name>__TI_decompress_lzss</name>
         <value>0x2000f963</value>
         <object_component_ref idref="oc-18"/>
      </symbol>
      <symbol id="sm-856">
         <name>_c_int00_noargs</name>
         <value>0x2001194d</value>
         <object_component_ref idref="oc-6c"/>
      </symbol>
      <symbol id="sm-857">
         <name>__stack</name>
         <value>0x20003000</value>
         <object_component_ref idref="oc-16"/>
      </symbol>
      <symbol id="sm-861">
         <name>wcslen</name>
         <value>0x2001215d</value>
         <object_component_ref idref="oc-2c6"/>
      </symbol>
      <symbol id="sm-86c">
         <name>__TI_doflush</name>
         <value>0x200103dd</value>
         <object_component_ref idref="oc-373"/>
      </symbol>
      <symbol id="sm-877">
         <name>__TI_cleanup</name>
         <value>0x2001117d</value>
         <object_component_ref idref="oc-3c2"/>
      </symbol>
      <symbol id="sm-884">
         <name>fseek</name>
         <value>0x20012383</value>
         <object_component_ref idref="oc-3a5"/>
      </symbol>
      <symbol id="sm-885">
         <name>fseeko</name>
         <value>0x2000fa9d</value>
         <object_component_ref idref="oc-3be"/>
      </symbol>
      <symbol id="sm-886">
         <name>__aeabi_ctype_table_</name>
         <value>0x20013980</value>
         <object_component_ref idref="oc-337"/>
      </symbol>
      <symbol id="sm-887">
         <name>__aeabi_ctype_table_C</name>
         <value>0x20013980</value>
         <object_component_ref idref="oc-337"/>
      </symbol>
      <symbol id="sm-893">
         <name>__TI_auto_init_nobinit_nopinit</name>
         <value>0x20010f35</value>
         <object_component_ref idref="oc-b5"/>
      </symbol>
      <symbol id="sm-89b">
         <name>_system_pre_init</name>
         <value>0x2001237f</value>
         <object_component_ref idref="oc-81"/>
      </symbol>
      <symbol id="sm-8a7">
         <name>__TI_closefile</name>
         <value>0x2000f669</value>
         <object_component_ref idref="oc-3d3"/>
      </symbol>
      <symbol id="sm-8b1">
         <name>write</name>
         <value>0x200115f1</value>
         <object_component_ref idref="oc-36f"/>
      </symbol>
      <symbol id="sm-8b6">
         <name>_device</name>
         <value>0x200136ec</value>
         <object_component_ref idref="oc-3cb"/>
      </symbol>
      <symbol id="sm-8b7">
         <name>_stream</name>
         <value>0x20013764</value>
         <object_component_ref idref="oc-3b0"/>
      </symbol>
      <symbol id="sm-8bf">
         <name>remove</name>
         <value>0x20012387</value>
         <object_component_ref idref="oc-401"/>
      </symbol>
      <symbol id="sm-8ca">
         <name>lseek</name>
         <value>0x20011599</value>
         <object_component_ref idref="oc-3cf"/>
      </symbol>
      <symbol id="sm-8d4">
         <name>close</name>
         <value>0x2000fd59</value>
         <object_component_ref idref="oc-3fd"/>
      </symbol>
      <symbol id="sm-8de">
         <name>unlink</name>
         <value>0x200115c5</value>
         <object_component_ref idref="oc-429"/>
      </symbol>
      <symbol id="sm-8e8">
         <name>HOSTclose</name>
         <value>0x20010d69</value>
         <object_component_ref idref="oc-3e0"/>
      </symbol>
      <symbol id="sm-8f2">
         <name>HOSTlseek</name>
         <value>0x2001003d</value>
         <object_component_ref idref="oc-3ec"/>
      </symbol>
      <symbol id="sm-8fc">
         <name>HOSTopen</name>
         <value>0x20010095</value>
         <object_component_ref idref="oc-3dc"/>
      </symbol>
      <symbol id="sm-8fd">
         <name>parmbuf</name>
         <value>0x20012fd8</value>
      </symbol>
      <symbol id="sm-907">
         <name>HOSTread</name>
         <value>0x2001019d</value>
         <object_component_ref idref="oc-3e4"/>
      </symbol>
      <symbol id="sm-918">
         <name>HOSTrename</name>
         <value>0x2000fbd5</value>
         <object_component_ref idref="oc-3f4"/>
      </symbol>
      <symbol id="sm-922">
         <name>HOSTunlink</name>
         <value>0x2001098d</value>
         <object_component_ref idref="oc-3f0"/>
      </symbol>
      <symbol id="sm-92c">
         <name>HOSTwrite</name>
         <value>0x200101f1</value>
         <object_component_ref idref="oc-3e8"/>
      </symbol>
      <symbol id="sm-93a">
         <name>C$$IO$$</name>
         <value>0x200111db</value>
         <object_component_ref idref="oc-408"/>
      </symbol>
      <symbol id="sm-93b">
         <name>__TI_writemsg</name>
         <value>0x200111b1</value>
         <object_component_ref idref="oc-408"/>
      </symbol>
      <symbol id="sm-93c">
         <name>__CIOBUF_</name>
         <value>0x20012aa4</value>
         <object_component_ref idref="oc-42f"/>
      </symbol>
      <symbol id="sm-93d">
         <name>__TI_readmsg</name>
         <value>0x2001136d</value>
         <object_component_ref idref="oc-40e"/>
      </symbol>
      <symbol id="sm-93e">
         <name>_CIOBUF_</name>
         <value>0x20012aa4</value>
         <object_component_ref idref="oc-42f"/>
      </symbol>
      <symbol id="sm-944">
         <name>__aeabi_dmul</name>
         <value>0x2000e199</value>
         <object_component_ref idref="oc-179"/>
      </symbol>
      <symbol id="sm-945">
         <name>__muldf3</name>
         <value>0x2000e199</value>
         <object_component_ref idref="oc-179"/>
      </symbol>
      <symbol id="sm-94b">
         <name>__aeabi_d2iz</name>
         <value>0x200107a5</value>
         <object_component_ref idref="oc-17d"/>
      </symbol>
      <symbol id="sm-94c">
         <name>__fixdfsi</name>
         <value>0x200107a5</value>
         <object_component_ref idref="oc-17d"/>
      </symbol>
      <symbol id="sm-952">
         <name>__aeabi_i2d</name>
         <value>0x200114e5</value>
         <object_component_ref idref="oc-175"/>
      </symbol>
      <symbol id="sm-953">
         <name>__floatsidf</name>
         <value>0x200114e5</value>
         <object_component_ref idref="oc-175"/>
      </symbol>
      <symbol id="sm-959">
         <name>__aeabi_memcpy</name>
         <value>0x20012391</value>
         <object_component_ref idref="oc-33"/>
      </symbol>
      <symbol id="sm-95a">
         <name>__aeabi_memcpy4</name>
         <value>0x20012391</value>
         <object_component_ref idref="oc-33"/>
      </symbol>
      <symbol id="sm-95b">
         <name>__aeabi_memcpy8</name>
         <value>0x20012391</value>
         <object_component_ref idref="oc-33"/>
      </symbol>
      <symbol id="sm-961">
         <name>__aeabi_memset</name>
         <value>0x20011f5d</value>
         <object_component_ref idref="oc-5e"/>
      </symbol>
      <symbol id="sm-962">
         <name>__aeabi_memset4</name>
         <value>0x20011f5d</value>
         <object_component_ref idref="oc-5e"/>
      </symbol>
      <symbol id="sm-963">
         <name>__aeabi_memset8</name>
         <value>0x20011f5d</value>
         <object_component_ref idref="oc-5e"/>
      </symbol>
      <symbol id="sm-964">
         <name>__aeabi_memclr</name>
         <value>0x20011f69</value>
         <object_component_ref idref="oc-5e"/>
      </symbol>
      <symbol id="sm-965">
         <name>__aeabi_memclr4</name>
         <value>0x20011f69</value>
         <object_component_ref idref="oc-5e"/>
      </symbol>
      <symbol id="sm-966">
         <name>__aeabi_memclr8</name>
         <value>0x20011f69</value>
         <object_component_ref idref="oc-5e"/>
      </symbol>
      <symbol id="sm-96c">
         <name>__aeabi_uldivmod</name>
         <value>0x20011f71</value>
         <object_component_ref idref="oc-231"/>
      </symbol>
      <symbol id="sm-972">
         <name>__udivmoddi4</name>
         <value>0x2000ebb9</value>
         <object_component_ref idref="oc-2f2"/>
      </symbol>
      <symbol id="sm-97d">
         <name>__aeabi_ldiv0</name>
         <value>0x2000ffe3</value>
         <object_component_ref idref="oc-37e"/>
      </symbol>
      <symbol id="sm-98b">
         <name>finddevice</name>
         <value>0x200111e5</value>
         <object_component_ref idref="oc-43b"/>
      </symbol>
      <symbol id="sm-98c">
         <name>getdevice</name>
         <value>0x2000fb05</value>
         <object_component_ref idref="oc-432"/>
      </symbol>
      <symbol id="sm-994">
         <name>TI_memcpy_small</name>
         <value>0x2001204b</value>
         <object_component_ref idref="oc-77"/>
      </symbol>
      <symbol id="sm-99c">
         <name>TI_memset_small</name>
         <value>0x200121ed</value>
         <object_component_ref idref="oc-94"/>
      </symbol>
      <symbol id="sm-99d">
         <name>__TI_static_base__</name>
         <value>0x20013f74</value>
      </symbol>
      <symbol id="sm-9a0">
         <name>ITM_flush</name>
         <value>0x0</value>
      </symbol>
      <symbol id="sm-9a1">
         <name>ITM_restore</name>
         <value>0x0</value>
      </symbol>
      <symbol id="sm-9a2">
         <name>__mpu_init</name>
         <value>0x0</value>
      </symbol>
      <symbol id="sm-9a3">
         <name>_system_post_cinit</name>
         <value>0x0</value>
      </symbol>
   </symbol_table>
   <title>Link successful</title>
</link_info>
