******************************************************************************
            TI ARM Clang Linker PC v2.1.3                      
******************************************************************************
>> Linked Sat Jun  3 03:02:12 2023

OUTPUT FILE NAME:   <gpiointerrupt_CC3220S_LAUNCHXL_nortos_ticlang.out>
ENTRY POINT SYMBOL: "resetISR"  address: 2000fa31


MEMORY CONFIGURATION

         name            origin    length      used     unused   attr    fill
----------------------  --------  ---------  --------  --------  ----  --------
  SRAM2                 20000000   00004000  0000130c  00002cf4  RW X
  SRAM                  20004000   0003c000  0000d0ab  0002ef55  RW X
  LOG_DATA              90000000   00040000  00000000  00040000  R   
  LOG_PTR               94000008   00040000  00000000  00040000  R   


SEGMENT ALLOCATION MAP

run origin  load origin   length   init length attrs members
----------  ----------- ---------- ----------- ----- -------
20003000    20003000    00001000   00000000    rw-
  20003000    20003000    00001000   00000000    rw- .stack
20004000    20004000    00000040   00000040    r--
  20004000    20004000    00000040   00000040    r-- .resetVecs
20004040    20004040    00008000   00000000    rw-
  20004040    20004040    00008000   00000000    rw- .sysmem
2000c040    2000c040    00003e34   00003e34    r-x
  2000c040    2000c040    00003e34   00003e34    r-x .text
2000fe78    2000fe78    00000ced   00000000    rw-
  2000fe78    2000fe78    0000084d   00000000    rw- .data
  200106c8    200106c8    0000049d   00000000    rw- .bss
20010b68    20010b68    00000550   00000550    r--
  20010b68    20010b68    0000040d   0000040d    r-- .rodata
  20010f78    20010f78    00000140   00000140    r-- .cinit


SECTION ALLOCATION MAP

 output                                  attributes/
section   page    origin      length       input sections
--------  ----  ----------  ----------   ----------------
.text      0    2000c040    00003e34     
                  2000c040    000004b8     driverlib.a : prcm.obj (.text.PRCMCC3200MCUInit)
                  2000c4f8    000003e4     drivers_cc32xx.a : PowerCC32XX.c.obj (.text.Power_sleep)
                  2000c8dc    00000268     libc.a : _printfi.c.obj (.text:__TI_printfi_minimal)
                  2000cb44    00000150     nortos_cc32xx.a : PowerCC32XX_nortos.c.obj (.text.PowerCC32XX_sleepPolicy)
                  2000cc94    00000148     drivers_cc32xx.a : TimerCC32XX.c.obj (.text.Timer_open)
                  2000cddc    00000140                      : GPIOCC32XX.c.obj (.text.GPIO_setConfig)
                  2000cf1c    00000120     libc.a : memory.c.obj (.text.aligned_alloc)
                  2000d03c    000000f8            : memory.c.obj (.text.free)
                  2000d134    000000f0            : fputs.c.obj (.text.fputs)
                  2000d224    000000d8            : setvbuf.c.obj (.text.setvbuf)
                  2000d2fc    000000c8     driverlib.a : interrupt.obj (.text.IntDisable)
                  2000d3c4    000000c8                 : interrupt.obj (.text.IntEnable)
                  2000d48c    000000b0     libclang_rt.builtins.a : udivmoddi4.S.obj (.text)
                  2000d53c    000000ac     driverlib.a : gpio.obj (.text.GPIOIntTypeSet)
                  2000d5e8    000000a4                 : interrupt.obj (.text.IntPendSet)
                  2000d68c    000000a2                 : pin.obj (.text.PinConfigSet)
                  2000d72e    00000002     ti_drivers_config.o (.text.Board_initHook)
                  2000d730    00000098     nortos_cc32xx.a : SemaphoreP_nortos.c.obj (.text.SemaphoreP_pend)
                  2000d7c8    00000008                     : HwiPCC32XX_nortos.c.obj (.text.HwiP_disable)
                  2000d7d0    00000096     drivers_cc32xx.a : PowerCC32XX_ticlang.asm.obj (.text)
                  2000d866    00000002     nortos_cc32xx.a : PowerCC32XX_nortos.c.obj (.text.PowerCC32XX_initPolicy)
                  2000d868    00000090     drivers_cc32xx.a : GPIOCC32XX.c.obj (.text.GPIO_init)
                  2000d8f8    0000008e     driverlib.a : prcm.obj (.text.PRCMSysResetCauseGet)
                  2000d986    00000002     nortos_cc32xx.a : SemaphoreP_nortos.c.obj (.text.SemaphoreP_destruct)
                  2000d988    00000088     drivers_cc32xx.a : PowerCC32XX.c.obj (.text.PowerCC32XX_configureWakeup)
                  2000da10    00000088     libc.a : fputc.c.obj (.text.fputc)
                  2000da98    00000078     drivers_cc32xx.a : PowerCC32XX.c.obj (.text.Power_init)
                  2000db10    00000074     nortos_cc32xx.a : HwiPCC32XX_nortos.c.obj (.text.HwiP_construct)
                  2000db84    00000074     driverlib.a : prcm.obj (.text.PRCMHibernateWakeUpGPIOSelect)
                  2000dbf8    00000074     libc.a : fclose.c.obj (.text.__TI_closefile)
                  2000dc6c    00000074     gpiointerrupt.o (.text.mainThread)
                  2000dce0    0000006c     driverlib.a : pin.obj (.text.PinLockLevelSet)
                  2000dd4c    0000006c     drivers_cc32xx.a : PowerCC32XX.c.obj (.text.Power_setDependency)
                  2000ddb8    0000006c                      : GPIOCC32XX.c.obj (.text.powerNotifyFxn)
                  2000de24    0000006c     libc.a : memory.c.obj (.text.split)
                  2000de90    0000006a     driverlib.a : prcm.obj (.text.PRCMPeripheralReset)
                  2000defa    0000006a     libc.a : copy_decompress_lzss.c.obj (.text:decompress:lzss)
                  2000df64    00000068     driverlib.a : interrupt.obj (.text.IntPendClear)
                  2000dfcc    00000068     libc.a : fseek.c.obj (.text.fseeko)
                  2000e034    00000068            : getdevice.c.obj (.text.getdevice)
                  2000e09c    00000064     libsysbm.a : hostrename.c.obj (.text.HOSTrename)
                  2000e100    00000064     gpiointerrupt.o (.text.timerCallback)
                  2000e164    00000060     drivers_cc32xx.a : GPIOCC32XX.c.obj (.text.GPIO_write)
                  2000e1c4    00000060     libc.a : _io_perm.c.obj (.text.__TI_wrt_ok)
                  2000e224    00000060     libsysbm.a : close.c.obj (.text.close)
                  2000e284    00000060     libc.a : printf.c.obj (.text.printf)
                  2000e2e4    0000005c     driverlib.a : flash.obj (.text.FlashDisable)
                  2000e340    0000005c                 : prcm.obj (.text.PRCMHibernateWakeupSourceDisable)
                  2000e39c    0000005c     drivers_cc32xx.a : TimerCC32XX.c.obj (.text.TimerCC32XX_allocateTimerResource)
                  2000e3f8    0000005a     driverlib.a : prcm.obj (.text.PRCMPeripheralClkEnable)
                  2000e452    00000002     drivers_cc32xx.a : Timer.c.obj (.text.Timer_init)
                  2000e454    00000058     nortos_cc32xx.a : ClockPSysTick_nortos.c.obj (.text.ClockP_startup)
                  2000e4ac    00000058     libsysbm.a : hostlseek.c.obj (.text.HOSTlseek)
                  2000e504    00000058                : hostopen.c.obj (.text.HOSTopen)
                  2000e55c    00000058     driverlib.a : interrupt.obj (.text.IntPrioritySet)
                  2000e5b4    00000058     gpiointerrupt.o (.text.blinkOk)
                  2000e60c    00000056     driverlib.a : prcm.obj (.text.PRCMLPDSEnter)
                  2000e662    00000002     libclang_rt.builtins.a : aeabi_div0.c.obj (.text.__aeabi_ldiv0)
                  2000e664    00000054     drivers_cc32xx.a : GPIOCC32XX.c.obj (.text.GPIO_toggle)
                  2000e6b8    00000054     libsysbm.a : hostread.c.obj (.text.HOSTread)
                  2000e70c    00000054                : hostwrite.c.obj (.text.HOSTwrite)
                  2000e760    00000054     drivers_cc32xx.a : PowerCC32XX.c.obj (.text.PowerCC32XX_setParkState)
                  2000e7b4    00000054                      : PowerCC32XX.c.obj (.text.Power_releaseDependency)
                  2000e808    00000054     gpiointerrupt.o (.text.initTimer)
                  2000e85c    00000050     drivers_cc32xx.a : GPIOCC32XX.c.obj (.text.GPIO_hwiIntFxn)
                  2000e8ac    00000050     driverlib.a : prcm.obj (.text.PRCMHibernateWakeupSourceEnable)
                  2000e8fc    00000050     nortos_cc32xx.a : SemaphoreP_nortos.c.obj (.text.SemaphoreP_construct)
                  2000e94c    00000050     gpiointerrupt.o (.text.brkBetweenWords)
                  2000e99c    0000004e     libc.a : fflush.c.obj (.text.__TI_doflush)
                  2000e9ea    00000002            : _lock.c.obj (.text._nop)
                  2000e9ec    0000004c     drivers_cc32xx.a : GPIOCC32XX.c.obj (.text.GPIO_setInterruptConfig)
                  2000ea38    0000004c     driverlib.a : prcm.obj (.text.PRCMLPDSRestoreInfoSet)
                  2000ea84    0000004c     drivers_cc32xx.a : TimerCC32XX.c.obj (.text.initHw)
                  2000ead0    0000004a                      : TimerCC32XX.c.obj (.text.getPrescaler)
                  2000eb1a    00000002     nortos_cc32xx.a : startup_cc32xx_ticlang.c.obj (.text.busFaultHandler)
                  2000eb1c    00000048                     : ClockPSysTick_nortos.c.obj (.text.ClockP_sysTickHandler)
                  2000eb64    00000048     driverlib.a : prcm.obj (.text.PRCMIntEnable)
                  2000ebac    00000048                 : prcm.obj (.text.PRCMPeripheralStatusGet)
                  2000ebf4    00000048                 : pin.obj (.text.PinConfigGet)
                  2000ec3c    00000048     gpiointerrupt.o (.text.blinkS)
                  2000ec84    00000046     driverlib.a : prcm.obj (.text.PRCMLPDSEnterKeepDebugIf)
                  2000ecca    00000044                 : gpio.obj (.text.GPIODirModeSet)
                  2000ed0e    00000002     nortos_cc32xx.a : SemaphoreP_nortos.c.obj (.text.clkFxn)
                  2000ed10    00000044     drivers_cc32xx.a : GPIOCC32XX.c.obj (.text.GPIO_disableInt)
                  2000ed54    00000044                      : GPIOCC32XX.c.obj (.text.GPIO_enableInt)
                  2000ed98    00000044     libsysbm.a : hostunlink.c.obj (.text.HOSTunlink)
                  2000eddc    00000044     drivers_cc32xx.a : PowerCC32XX.c.obj (.text.Power_releaseConstraint)
                  2000ee20    00000044                      : Timer.c.obj (.text.Timer_start)
                  2000ee64    00000044     nortos_cc32xx.a : ClockPSysTick_nortos.c.obj (.text.addToList)
                  2000eea8    00000042     driverlib.a : pin.obj (.text.PinModeSet)
                  2000eeea    00000042                 : timer.obj (.text.TimerControlStall)
                  2000ef2c    00000042     drivers_cc32xx.a : TimerCC32XX.c.obj (.text.Timer_close)
                  2000ef6e    00000042     nortos_cc32xx.a : PowerCC32XX_nortos.c.obj (.text.getCountsRTC)
                  2000efb0    00000040                     : SemaphoreP_nortos.c.obj (.text.SemaphoreP_post)
                  2000eff0    00000040     drivers_cc32xx.a : Timer.c.obj (.text.Timer_stop)
                  2000f030    0000003e     driverlib.a : pin.obj (.text.PinDirModeSet)
                  2000f06e    00000002     nortos_cc32xx.a : startup_cc32xx_ticlang.c.obj (.text.defaultHandler)
                  2000f070    0000003c                     : ClockPSysTick_nortos.c.obj (.text.ClockP_stop)
                  2000f0ac    0000003c     libsysbm.a : hostclose.c.obj (.text.HOSTclose)
                  2000f0e8    0000003a     drivers_cc32xx.a : TimerCC32XX.c.obj (.text.TimerSupport_timerEnable)
                  2000f122    00000002     nortos_cc32xx.a : startup_cc32xx_ticlang.c.obj (.text.faultISR)
                  2000f124    00000038                     : ClockPSysTick_nortos.c.obj (.text.ClockP_destruct)
                  2000f15c    00000038     drivers_cc32xx.a : PowerCC32XX.c.obj (.text.Power_setConstraint)
                  2000f194    00000038     nortos_cc32xx.a : SwiP_nortos.c.obj (.text.SwiP_restore)
                  2000f1cc    00000038     libc.a : autoinit.c.obj (.text:__TI_auto_init_nobinit_nopinit)
                  2000f204    00000036     driverlib.a : pin.obj (.text.PinLock)
                  2000f23a    00000036     drivers_cc32xx.a : TimerCC32XX.c.obj (.text.TimerCC32XX_hwiIntFunction)
                  2000f270    00000034     nortos_cc32xx.a : ClockPSysTick_nortos.c.obj (.text.ClockP_start)
                  2000f2a4    00000034     driverlib.a : pin.obj (.text.PinDirModeGet)
                  2000f2d8    00000034                 : pin.obj (.text.PinModeGet)
                  2000f30c    00000034     drivers_cc32xx.a : PowerCC32XX.c.obj (.text.PowerCC32XX_parkPin)
                  2000f340    00000034                      : TimerCC32XX.c.obj (.text.TimerCC32XX_freeTimerResource)
                  2000f374    00000034     libc.a : fopen.c.obj (.text.__TI_cleanup)
                  2000f3a8    00000034     libsysbm.a : trgmsg.c.obj (.text.__TI_writemsg)
                  2000f3dc    00000034     libc.a : getdevice.c.obj (.text.finddevice)
                  2000f410    00000034     nortos_cc32xx.a : startup_cc32xx_ticlang.c.obj (.text.initVectors)
                  2000f444    00000030                     : ClockPSysTick_nortos.c.obj (.text.ClockP_getTicksUntilInterrupt)
                  2000f474    00000030     driverlib.a : prcm.obj (.text.PRCMLPDSIntervalSet)
                  2000f4a4    00000030                 : prcm.obj (.text.PRCMSlowClkCtrFastGet)
                  2000f4d4    00000030                 : timer.obj (.text.TimerLoadSet)
                  2000f504    00000030                 : timer.obj (.text.TimerPrescaleSet)
                  2000f534    00000030     libsysbm.a : trgmsg.c.obj (.text.__TI_readmsg)
                  2000f564    00000030     gpiointerrupt.o (.text.blinkO)
                  2000f594    00000030     libc.a : exit.c.obj (.text.exit)
                  2000f5c4    00000030     drivers_cc32xx.a : PowerCC32XX.c.obj (.text.notify)
                  2000f5f4    0000002e     driverlib.a : gpio.obj (.text.GPIOIntStatus)
                  2000f622    00000002     nortos_cc32xx.a : startup_cc32xx_ticlang.c.obj (.text.nmiISR)
                  2000f624    0000002c     libsysbm.a : lseek.c.obj (.text.lseek)
                  2000f650    0000002c                : unlink.c.obj (.text.unlink)
                  2000f67c    0000002c                : write.c.obj (.text.write)
                  2000f6a8    0000002a     nortos_cc32xx.a : HwiPCC32XX_nortos.c.obj (.text.HwiP_create)
                  2000f6d2    0000002a     driverlib.a : prcm.obj (.text.PRCMLPDSWakeUpGPIOSelect)
                  2000f6fc    0000002a                 : prcm.obj (.text.PRCMPeripheralClkDisable)
                  2000f726    00000028     drivers_cc32xx.a : List.c.obj (.text.List_remove)
                  2000f74e    00000028     driverlib.a : prcm.obj (.text.PRCMSRAMRetentionEnable)
                  2000f776    00000028     drivers_cc32xx.a : TimerCC32XX.c.obj (.text.TimerSupport_timerDisable)
                  2000f79e    00000002     --HOLE-- [fill = 0]
                  2000f7a0    00000028     libc.a : memory.c.obj (.text.free_list_insert)
                  2000f7c8    00000024     driverlib.a : interrupt.obj (.text.IntUnregister)
                  2000f7ec    00000024     drivers_cc32xx.a : List.c.obj (.text.List_put)
                  2000f810    00000024     driverlib.a : prcm.obj (.text.PRCMLPDSWakeupSourceEnable)
                  2000f834    00000024     drivers_cc32xx.a : PowerCC32XX.c.obj (.text.PowerCC32XX_restoreParkedPin)
                  2000f858    00000024                      : PowerCC32XX.c.obj (.text.Power_registerNotify)
                  2000f87c    00000024     libc.a : boot_cortex_m.c.obj (.text:_c_int00_noargs)
                  2000f8a0    00000022     driverlib.a : gpio.obj (.text.GPIOPinWrite)
                  2000f8c2    00000022                 : pin.obj (.text.PinUnlock)
                  2000f8e4    00000020                 : interrupt.obj (.text.IntRegister)
                  2000f904    00000020     drivers_cc32xx.a : PowerCC32XX.c.obj (.text.Power_unregisterNotify)
                  2000f924    00000020     nortos_cc32xx.a : SemaphoreP_nortos.c.obj (.text.SemaphoreP_constructBinary)
                  2000f944    00000020                     : SemaphoreP_nortos.c.obj (.text.SemaphoreP_createBinary)
                  2000f964    00000020     driverlib.a : timer.obj (.text.TimerDisable)
                  2000f984    0000001e     libc.a : memccpy.c.obj (.text.memccpy)
                  2000f9a2    00000002     --HOLE-- [fill = 0]
                  2000f9a4    0000001c     drivers_cc32xx.a : GPIO.c.obj (.text.GPIO_setCallback)
                  2000f9c0    0000001c     nortos_cc32xx.a : HwiPCC32XX_nortos.c.obj (.text.HwiP_dispatch)
                  2000f9dc    0000001c                     : SwiP_nortos.c.obj (.text.SwiP_disable)
                  2000f9f8    0000001c     libc.a : memory.c.obj (.text.free_list_remove)
                  2000fa14    0000001c     drivers_cc32xx.a : TimerCC32XX.c.obj (.text.getPowerMgrId)
                  2000fa30    0000001c     nortos_cc32xx.a : startup_cc32xx_ticlang.c.obj (.text.resetISR)
                  2000fa4c    0000001a     driverlib.a : gpio.obj (.text.GPIOIntDisable)
                  2000fa66    0000001a                 : prcm.obj (.text.PRCMHIBRegRead)
                  2000fa80    0000001a                 : prcm.obj (.text.PRCMHIBRegWrite)
                  2000fa9a    0000001a                 : prcm.obj (.text.PRCMLPDSWakeupSourceDisable)
                  2000fab4    0000001a                 : pin.obj (.text.PinToPadGet)
                  2000face    0000001a                 : timer.obj (.text.TimerEnable)
                  2000fae8    00000018                 : gpio.obj (.text.GPIOIntEnable)
                  2000fb00    00000018                 : gpio.obj (.text.GPIOPinRead)
                  2000fb18    00000018     nortos_cc32xx.a : SemaphoreP_nortos.c.obj (.text.SemaphoreP_create)
                  2000fb30    00000016     ti_drivers_config.o (.text.Board_init)
                  2000fb46    00000016     driverlib.a : systick.obj (.text.SysTickPeriodSet)
                  2000fb5c    00000016                 : timer.obj (.text.TimerIntDisable)
                  2000fb72    00000014                 : cpu.obj (.text.CPUcpsid)
                  2000fb86    00000014                 : cpu.obj (.text.CPUcpsie)
                  2000fb9a    00000014     nortos_cc32xx.a : HwiPCC32XX_nortos.c.obj (.text.HwiP_destruct)
                  2000fbae    00000014     driverlib.a : interrupt.obj (.text.IntVTableBaseSet)
                  2000fbc2    00000002     --HOLE-- [fill = 0]
                  2000fbc4    00000014     drivers_cc32xx.a : PowerCC32XX.c.obj (.text.Power_disablePolicy)
                  2000fbd8    00000014                      : PowerCC32XX.c.obj (.text.Power_getTransitionLatency)
                  2000fbec    00000014                      : PowerCC32XX.c.obj (.text.Power_idleFunc)
                  2000fc00    00000014     driverlib.a : timer.obj (.text.TimerIntEnable)
                  2000fc14    00000014     gpiointerrupt.o (.text.gpioButtonFxn0)
                  2000fc28    00000014     gpiointerrupt.o (.text.gpioButtonFxn1)
                  2000fc3c    00000014     libclang_rt.builtins.a : aeabi_memset.S.obj (.text)
                  2000fc50    00000014                            : aeabi_uldivmod.S.obj (.text)
                  2000fc64    00000012     nortos_cc32xx.a : ClockPSysTick_nortos.c.obj (.text.ClockP_add)
                  2000fc76    00000012     driverlib.a : gpio.obj (.text.GPIOIntClear)
                  2000fc88    00000012     nortos_cc32xx.a : HwiPCC32XX_nortos.c.obj (.text.HwiP_Params_init)
                  2000fc9a    00000012                     : HwiPCC32XX_nortos.c.obj (.text.HwiP_delete)
                  2000fcac    00000012     driverlib.a : systick.obj (.text.SysTickEnable)
                  2000fcbe    00000012                 : systick.obj (.text.SysTickIntDisable)
                  2000fcd0    00000012                 : systick.obj (.text.SysTickIntEnable)
                  2000fce2    00000012     libc.a : memcpy_t2.S.obj (.text:TI_memcpy_small)
                  2000fcf4    00000010     nortos_cc32xx.a : ClockPSysTick_nortos.c.obj (.text.ClockP_getCpuFreq)
                  2000fd04    00000010                     : ClockPSysTick_nortos.c.obj (.text.ClockP_getSystemTicks)
                  2000fd14    00000010                     : ClockPSysTick_nortos.c.obj (.text.ClockP_setTicks)
                  2000fd24    00000010                     : HwiPCC32XX_nortos.c.obj (.text.HwiP_inISR)
                  2000fd34    00000010     drivers_cc32xx.a : PowerCC32XX.c.obj (.text.Power_enablePolicy)
                  2000fd44    00000010     driverlib.a : timer.obj (.text.TimerIntClear)
                  2000fd54    00000010     drivers_cc32xx.a : Timer.c.obj (.text.Timer_Params_init)
                  2000fd64    00000010     main_nortos.o (.text.main)
                  2000fd74    00000010     libc.a : copy_zero_init.c.obj (.text:decompress:ZI)
                  2000fd84    0000000e     libsysbm.a : hostrename.c.obj (.text.strcpy)
                  2000fd92    0000000e     libc.a : _printfi.c.obj (.text.strlen)
                  2000fda0    0000000e     libsysbm.a : hostrename.c.obj (.text.strlen)
                  2000fdae    0000000e     libc.a : memset_t2.S.obj (.text:TI_memset_small)
                  2000fdbc    0000000e            : copy_decompress_none.c.obj (.text:decompress:none)
                  2000fdca    0000000c     driverlib.a : cpu.obj (.text.CPUwfi)
                  2000fdd6    0000000c                 : prcm.obj (.text.PRCMLPDSWakeupCauseGet)
                  2000fde2    00000002     --HOLE-- [fill = 0]
                  2000fde4    0000000c     drivers_cc32xx.a : PowerCC32XX.c.obj (.text.Power_getConstraintMask)
                  2000fdf0    0000000c                      : TimerCC32XX.c.obj (.text.postNotifyFxn)
                  2000fdfc    0000000a     nortos_cc32xx.a : ClockPSysTick_nortos.c.obj (.text.ClockP_isActive)
                  2000fe06    0000000a     driverlib.a : interrupt.obj (.text.IntMasterDisable)
                  2000fe10    0000000a                 : interrupt.obj (.text.IntMasterEnable)
                  2000fe1a    00000008     nortos_cc32xx.a : HwiPCC32XX_nortos.c.obj (.text.HwiP_restore)
                  2000fe22    00000008     driverlib.a : prcm.obj (.text.PRCMSleepEnter)
                  2000fe2a    00000008                 : utils.obj (.text.UtilsDelay)
                  2000fe32    00000008     libc.a : memory.c.obj (.text.malloc)
                  2000fe3a    00000004     nortos_cc32xx.a : ClockPSysTick_nortos.c.obj (.text.ClockP_doTick)
                  2000fe3e    00000004                     : HwiPCC32XX_nortos.c.obj (.text.HwiP_clearInterrupt)
                  2000fe42    00000004                     : HwiPCC32XX_nortos.c.obj (.text.HwiP_enable)
                  2000fe46    00000004                     : HwiPCC32XX_nortos.c.obj (.text.HwiP_post)
                  2000fe4a    00000004     driverlib.a : interrupt.obj (.text.IntDefaultHandler)
                  2000fe4e    00000004     nortos_cc32xx.a : NoRTOS.c.obj (.text.NoRTOS_start)
                  2000fe52    00000004                     : SemaphoreP_nortos.c.obj (.text.SemaphoreP_delete)
                  2000fe56    00000004     libc.a : printf.c.obj (.text._outc)
                  2000fe5a    00000004            : printf.c.obj (.text._outs)
                  2000fe5e    00000004            : pre_init.c.obj (.text._system_pre_init)
                  2000fe62    00000004            : fseek.c.obj (.text.fseek)
                  2000fe66    00000004     libsysbm.a : remove.c.obj (.text.remove)
                  2000fe6a    00000004     libc.a : exit.c.obj (.text:abort)
                  2000fe6e    00000002     --HOLE-- [fill = 0]
                  2000fe70    00000004     libclang_rt.builtins.a : aeabi_memcpy.S.obj (.text)

.ramVecs   0    20000000    0000030c     NOLOAD SECTION
                  20000000    0000030c     nortos_cc32xx.a : startup_cc32xx_ticlang.c.obj (.ramVecs)

.stack     0    20003000    00001000     UNINITIALIZED
                  20003000    00000004     libc.a : boot_cortex_m.c.obj (.stack)
                  20003004    00000ffc     --HOLE--

.resetVecs 
*          0    20004000    00000040     
                  20004000    00000040     nortos_cc32xx.a : startup_cc32xx_ticlang.c.obj (.resetVecs)

.sysmem    0    20004040    00008000     UNINITIALIZED
                  20004040    00000010     libc.a : memory.c.obj (.sysmem)
                  20004050    00007ff0     --HOLE--

.rodata    0    20010b68    0000040d     
                  20010b68    00000100     driverlib.a : pin.obj (.rodata.g_ulPinToPadMap)
                  20010c68    000000d4                 : interrupt.obj (.rodata.g_pulRegs)
                  20010d3c    000000a8                 : prcm.obj (.rodata.PRCM_PeriphRegsList)
                  20010de4    00000044     ti_drivers_config.o (.rodata.PowerCC32XX_config)
                  20010e28    00000040     gpiointerrupt.o (.rodata.str1.1)
                  20010e68    00000028     drivers_cc32xx.a : GPIOCC32XX.c.obj (.rodata.portConfigs)
                  20010e90    00000022     libc.a : _printfi.c.obj (.rodata.str1.1)
                  20010eb2    00000021     drivers_cc32xx.a : GPIOCC32XX.c.obj (.rodata.pinTable)
                  20010ed3    00000001     ti_drivers_config.o (.rodata.GPIO_pinUpperBound)
                  20010ed4    00000018     driverlib.a : interrupt.obj (.rodata.g_pulDisRegs)
                  20010eec    00000018                 : interrupt.obj (.rodata.g_pulEnRegs)
                  20010f04    00000018                 : interrupt.obj (.rodata.g_pulPendRegs)
                  20010f1c    00000018                 : interrupt.obj (.rodata.g_pulUnpendRegs)
                  20010f34    00000010     ti_drivers_config.o (.rodata.GPIO_config)
                  20010f44    00000010     ti_drivers_config.o (.rodata.timerCC32XXHWAttrs)
                  20010f54    0000000c     drivers_cc32xx.a : Timer.c.obj (.rodata.defaultParams)
                  20010f60    0000000c                      : TimerCC32XX.c.obj (.rodata.defaultParams)
                  20010f6c    00000008     ti_drivers_config.o (.rodata.Timer_config)
                  20010f74    00000001     ti_drivers_config.o (.rodata.Timer_count)

.cinit     0    20010f78    00000140     
                  20010f78    00000119     (.cinit..data.load) [load image, compression = lzss]
                  20011091    00000003     --HOLE-- [fill = 0]
                  20011094    0000000c     (__TI_handler_table)
                  200110a0    00000008     (.cinit..bss.load) [load image, compression = zero_init]
                  200110a8    00000010     (__TI_cinit_table)

.init_array 
*          0    20004000    00000000     UNINITIALIZED

.data      0    2000fe78    0000084d     UNINITIALIZED
                  2000fe78    0000030c     nortos_cc32xx.a : HwiPCC32XX_nortos.c.obj (.data.HwiP_dispatchTable)
                  20010184    0000016c     drivers_cc32xx.a : PowerCC32XX.c.obj (.data.PowerCC32XX_module)
                  200102f0    000000f8     ti_drivers_config.o (.data.parkInfo)
                  200103e8    000000f0     libc.a : defs.c.obj (.data._ftable)
                  200104d8    00000084     ti_drivers_config.o (.data.gpioPinConfigs)
                  2001055c    00000078     libsysbm.a : host_device.c.obj (.data._device)
                  200105d4    00000050                : host_device.c.obj (.data._stream)
                  20010624    0000004c     nortos_cc32xx.a : SwiP_nortos.c.obj (.data..L_MergedGlobals)
                  20010670    00000018     drivers_cc32xx.a : GPIOCC32XX.c.obj (.data..L_MergedGlobals)
                  20010688    00000010     nortos_cc32xx.a : SemaphoreP_nortos.c.obj (.data..L_MergedGlobals)
                  20010698    00000008     gpiointerrupt.o (.data..L_MergedGlobals)
                  200106a0    00000008     libc.a : exit.c.obj (.data..L_MergedGlobals)
                  200106a8    00000008     nortos_cc32xx.a : ClockPSysTick_nortos.c.obj (.data..L_MergedGlobals)
                  200106b0    00000004                     : HwiPCC32XX_nortos.c.obj (.data.HwiP_swiPIntNum)
                  200106b4    00000004     libc.a : defs.c.obj (.data.__TI_ft_end)
                  200106b8    00000004            : _lock.c.obj (.data._lock)
                  200106bc    00000004            : _lock.c.obj (.data._unlock)
                  200106c0    00000001     drivers_cc32xx.a : GPIOCC32XX.c.obj (.data.initCalled)
                  200106c1    00000001                      : GPIOCC32XX.c.obj (.data.portHwiCreatedBitMask)
                  200106c2    00000002     --HOLE--
                  200106c4    00000001     libc.a : memory.c.obj (.data.memory_is_initialized)

.bss       0    200106c8    0000049d     UNINITIALIZED
                  200106c8    0000012c     (.common:PowerCC32XX_contextSave)
                  200107f4    00000120     libsysbm.a : trgmsg.c.obj (.bss:_CIOBUF_)
                  20010914    000000a0     (.common:__TI_tmpnams)
                  200109b4    00000084     (.common:gpioCallbackFunctions)
                  20010a38    00000084     (.common:gpioUserArgs)
                  20010abc    00000084     (.common:timerCC32XXObjects)
                  20010b40    00000010     (.common:ClockP_ctrl)
                  20010b50    00000008     (.common:parmbuf)
                  20010b58    00000004     nortos_cc32xx.a : ClockPSysTick_nortos.c.obj (.bss.sysTickPeriod)
                  20010b5c    00000004     libc.a : memory.c.obj (.bss.sys_free)
                  20010b60    00000004     drivers_cc32xx.a : TimerCC32XX.c.obj (.bss.timerState.0)
                  20010b64    00000001     (.common:BL_State)

.log_data 
*          0    90000000    00000000     COPY SECTION

.log_ptr   0    94000008    00000000     COPY SECTION

__llvm_prf_cnts 
*          0    20004000    00000000     UNINITIALIZED

__llvm_prf_bits 
*          0    20004000    00000000     UNINITIALIZED

MODULE SUMMARY

       Module                         code    ro data   rw data
       ------                         ----    -------   -------
    .\
       gpiointerrupt.o                628     64        9      
       main_nortos.o                  16      0         0      
    +--+------------------------------+-------+---------+---------+
       Total:                         644     64        9      
                                                               
    .\syscfg\
       ti_drivers_config.o            24      110       776    
    +--+------------------------------+-------+---------+---------+
       Total:                         24      110       776    
                                                               
    C:/ti/simplelink_cc32xx_sdk_7_10_00_13/kernel/nortos/lib/ticlang/m4/nortos_cc32xx.a
       HwiPCC32XX_nortos.c.obj        286     0         784    
       startup_cc32xx_ticlang.c.obj   88      64        780    
       ClockPSysTick_nortos.c.obj     524     0         28     
       SemaphoreP_nortos.c.obj        392     0         16     
       PowerCC32XX_nortos.c.obj       404     0         0      
       SwiP_nortos.c.obj              84      0         76     
       NoRTOS.c.obj                   4       0         0      
    +--+------------------------------+-------+---------+---------+
       Total:                         1782    64        1684   
                                                               
    C:/ti/simplelink_cc32xx_sdk_7_10_00_13/source/ti/devices/cc32xx/driverlib/ticlang/Release/driverlib.a
       prcm.obj                       2564    168       0      
       interrupt.obj                  868     308       0      
       pin.obj                        688     256       0      
       gpio.obj                       412     0         0      
       timer.obj                      278     0         0      
       flash.obj                      92      0         0      
       systick.obj                    76      0         0      
       cpu.obj                        52      0         0      
       utils.obj                      8       0         0      
    +--+------------------------------+-------+---------+---------+
       Total:                         5038    732       0      
                                                               
    C:/ti/simplelink_cc32xx_sdk_7_10_00_13/source/ti/drivers/lib/ticlang/m4/drivers_cc32xx.a
       PowerCC32XX.c.obj              1944    0         664    
       GPIOCC32XX.c.obj               1044    73        26     
       TimerCC32XX.c.obj              880     12        4      
       Timer.c.obj                    150     12        0      
       PowerCC32XX_ticlang.asm.obj    150     0         0      
       List.c.obj                     76      0         0      
       GPIO.c.obj                     28      0         0      
    +--+------------------------------+-------+---------+---------+
       Total:                         4272    97        694    
                                                               
    C:\ti\ccs1230\ccs\tools\compiler\ti-cgt-armllvm_2.1.3.LTS\lib\armv7em-ti-none-eabi/c/libc.a
       memory.c.obj                   720     0         5      
       _printfi.c.obj                 630     34        0      
       defs.c.obj                     0       0         404    
       fputs.c.obj                    240     0         0      
       setvbuf.c.obj                  216     0         0      
       getdevice.c.obj                156     0         0      
       fputc.c.obj                    136     0         0      
       fclose.c.obj                   116     0         0      
       fseek.c.obj                    108     0         0      
       copy_decompress_lzss.c.obj     106     0         0      
       printf.c.obj                   104     0         0      
       _io_perm.c.obj                 96      0         0      
       fflush.c.obj                   78      0         0      
       exit.c.obj                     52      0         8      
       autoinit.c.obj                 56      0         0      
       fopen.c.obj                    52      0         0      
       boot_cortex_m.c.obj            36      0         0      
       memccpy.c.obj                  30      0         0      
       memcpy_t2.S.obj                18      0         0      
       copy_zero_init.c.obj           16      0         0      
       copy_decompress_none.c.obj     14      0         0      
       memset_t2.S.obj                14      0         0      
       _lock.c.obj                    2       0         8      
       pre_init.c.obj                 4       0         0      
    +--+------------------------------+-------+---------+---------+
       Total:                         3000    34        425    
                                                               
    C:\ti\ccs1230\ccs\tools\compiler\ti-cgt-armllvm_2.1.3.LTS\lib\armv7em-ti-none-eabi/c/libsysbm.a
       trgmsg.c.obj                   100     0         288    
       host_device.c.obj              0       0         200    
       hostrename.c.obj               128     0         0      
       close.c.obj                    96      0         0      
       hostopen.c.obj                 88      0         8      
       hostlseek.c.obj                88      0         0      
       hostread.c.obj                 84      0         0      
       hostwrite.c.obj                84      0         0      
       hostunlink.c.obj               68      0         0      
       hostclose.c.obj                60      0         0      
       lseek.c.obj                    44      0         0      
       unlink.c.obj                   44      0         0      
       write.c.obj                    44      0         0      
       remove.c.obj                   4       0         0      
    +--+------------------------------+-------+---------+---------+
       Total:                         932     0         496    
                                                               
    C:\ti\ccs1230\ccs\tools\compiler\ti-cgt-armllvm_2.1.3.LTS\lib\clang/14.0.6/lib/armv7em-ti-none-eabi/libclang_rt.builtins.a
       udivmoddi4.S.obj               176     0         0      
       aeabi_memset.S.obj             20      0         0      
       aeabi_uldivmod.S.obj           20      0         0      
       aeabi_memcpy.S.obj             4       0         0      
       aeabi_div0.c.obj               2       0         0      
    +--+------------------------------+-------+---------+---------+
       Total:                         222     0         0      
                                                               
       Heap:                          0       0         32768  
       Stack:                         0       0         4096   
       Linker Generated:              0       317       0      
    +--+------------------------------+-------+---------+---------+
       Grand Total:                   15914   1418      40948  


LINKER GENERATED COPY TABLES

__TI_cinit_table @ 200110a8 records: 2, size/record: 8, table size: 16
	.data: load addr=20010f78, load size=00000119 bytes, run addr=2000fe78, run size=0000084d bytes, compression=lzss
	.bss: load addr=200110a0, load size=00000008 bytes, run addr=200106c8, run size=0000049d bytes, compression=zero_init


LINKER GENERATED HANDLER TABLE

__TI_handler_table @ 20011094 records: 3, size/record: 4, table size: 12
	index: 0, handler: __TI_decompress_lzss
	index: 1, handler: __TI_decompress_none
	index: 2, handler: __TI_zero_init


GLOBAL SYMBOLS: SORTED ALPHABETICALLY BY Name 

address   name                             
-------   ----                             
20010b64  BL_State                         
2000fb31  Board_init                       
2000d72f  Board_initHook                   
2000fe6a  C$$EXIT                          
2000f3d3  C$$IO$$                          
2000fb73  CPUcpsid                         
2000fb87  CPUcpsie                         
2000fdcb  CPUwfi                           
2000fc65  ClockP_add                       
20010b40  ClockP_ctrl                      
2000f125  ClockP_destruct                  
2000fe3b  ClockP_doTick                    
2000fcf5  ClockP_getCpuFreq                
2000fd05  ClockP_getSystemTicks            
2000f445  ClockP_getTicksUntilInterrupt    
2000fdfd  ClockP_isActive                  
2000fd15  ClockP_setTicks                  
2000f271  ClockP_start                     
2000e455  ClockP_startup                   
2000f071  ClockP_stop                      
2000eb1d  ClockP_sysTickHandler            
200106ac  ClockP_tickPeriod                
2000e2e5  FlashDisable                     
2000eccb  GPIODirModeSet                   
2000fc77  GPIOIntClear                     
2000fa4d  GPIOIntDisable                   
2000fae9  GPIOIntEnable                    
2000f5f5  GPIOIntStatus                    
2000d53d  GPIOIntTypeSet                   
2000fb01  GPIOPinRead                      
2000f8a1  GPIOPinWrite                     
20010f34  GPIO_config                      
2000ed11  GPIO_disableInt                  
2000ed55  GPIO_enableInt                   
2000e85d  GPIO_hwiIntFxn                   
2000d869  GPIO_init                        
20010ed3  GPIO_pinUpperBound               
2000f9a5  GPIO_setCallback                 
2000cddd  GPIO_setConfig                   
2000e9ed  GPIO_setInterruptConfig          
2000e665  GPIO_toggle                      
2000e165  GPIO_write                       
2000f0ad  HOSTclose                        
2000e4ad  HOSTlseek                        
2000e505  HOSTopen                         
2000e6b9  HOSTread                         
2000e09d  HOSTrename                       
2000ed99  HOSTunlink                       
2000e70d  HOSTwrite                        
2000fc89  HwiP_Params_init                 
2000fe3f  HwiP_clearInterrupt              
2000db11  HwiP_construct                   
2000f6a9  HwiP_create                      
2000fc9b  HwiP_delete                      
2000fb9b  HwiP_destruct                    
2000d7c9  HwiP_disable                     
2000f9c1  HwiP_dispatch                    
2000fe43  HwiP_enable                      
2000fd25  HwiP_inISR                       
2000fe47  HwiP_post                        
2000fe1b  HwiP_restore                     
200106b0  HwiP_swiPIntNum                  
UNDEFED   ITM_flush                        
UNDEFED   ITM_restore                      
2000d2fd  IntDisable                       
2000d3c5  IntEnable                        
2000fe07  IntMasterDisable                 
2000fe11  IntMasterEnable                  
2000df65  IntPendClear                     
2000d5e9  IntPendSet                       
2000e55d  IntPrioritySet                   
2000f8e5  IntRegister                      
2000f7c9  IntUnregister                    
2000fbaf  IntVTableBaseSet                 
2000f7ed  List_put                         
2000f727  List_remove                      
2000fe4f  NoRTOS_start                     
2000c041  PRCMCC3200MCUInit                
2000fa67  PRCMHIBRegRead                   
2000fa81  PRCMHIBRegWrite                  
2000db85  PRCMHibernateWakeUpGPIOSelect    
2000e341  PRCMHibernateWakeupSourceDisable 
2000e8ad  PRCMHibernateWakeupSourceEnable  
2000eb65  PRCMIntEnable                    
2000e60d  PRCMLPDSEnter                    
2000ec85  PRCMLPDSEnterKeepDebugIf         
2000f475  PRCMLPDSIntervalSet              
2000ea39  PRCMLPDSRestoreInfoSet           
2000f6d3  PRCMLPDSWakeUpGPIOSelect         
2000fdd7  PRCMLPDSWakeupCauseGet           
2000fa9b  PRCMLPDSWakeupSourceDisable      
2000f811  PRCMLPDSWakeupSourceEnable       
2000f6fd  PRCMPeripheralClkDisable         
2000e3f9  PRCMPeripheralClkEnable          
2000de91  PRCMPeripheralReset              
2000ebad  PRCMPeripheralStatusGet          
2000f74f  PRCMSRAMRetentionEnable          
2000fe23  PRCMSleepEnter                   
2000f4a5  PRCMSlowClkCtrFastGet            
2000d8f9  PRCMSysResetCauseGet             
2000ebf5  PinConfigGet                     
2000d68d  PinConfigSet                     
2000f2a5  PinDirModeGet                    
2000f031  PinDirModeSet                    
2000f205  PinLock                          
2000dce1  PinLockLevelSet                  
2000f2d9  PinModeGet                       
2000eea9  PinModeSet                       
2000fab5  PinToPadGet                      
2000f8c3  PinUnlock                        
20010de4  PowerCC32XX_config               
2000d989  PowerCC32XX_configureWakeup      
200106c8  PowerCC32XX_contextSave          
2000d7d1  PowerCC32XX_enterLPDS            
2000d867  PowerCC32XX_initPolicy           
20010184  PowerCC32XX_module               
2000f30d  PowerCC32XX_parkPin              
2000f835  PowerCC32XX_restoreParkedPin     
2000d815  PowerCC32XX_resumeLPDS           
2000e761  PowerCC32XX_setParkState         
2000cb45  PowerCC32XX_sleepPolicy          
2000fbc5  Power_disablePolicy              
2000fd35  Power_enablePolicy               
2000fde5  Power_getConstraintMask          
2000fbd9  Power_getTransitionLatency       
2000fbed  Power_idleFunc                   
2000da99  Power_init                       
2000f859  Power_registerNotify             
2000eddd  Power_releaseConstraint          
2000e7b5  Power_releaseDependency          
2000f15d  Power_setConstraint              
2000dd4d  Power_setDependency              
2000c4f9  Power_sleep                      
2000f905  Power_unregisterNotify           
2000e8fd  SemaphoreP_construct             
2000f925  SemaphoreP_constructBinary       
2000fb19  SemaphoreP_create                
2000f945  SemaphoreP_createBinary          
20010690  SemaphoreP_defaultParams         
2000fe53  SemaphoreP_delete                
2000d987  SemaphoreP_destruct              
2000d731  SemaphoreP_pend                  
2000efb1  SemaphoreP_post                  
2000f9dd  SwiP_disable                     
2000f195  SwiP_restore                     
2000fcad  SysTickEnable                    
2000fcbf  SysTickIntDisable                
2000fcd1  SysTickIntEnable                 
2000fb47  SysTickPeriodSet                 
2000fce3  TI_memcpy_small                  
2000fdaf  TI_memset_small                  
2000e39d  TimerCC32XX_allocateTimerResource
2000f341  TimerCC32XX_freeTimerResource    
2000eeeb  TimerControlStall                
2000f965  TimerDisable                     
2000facf  TimerEnable                      
2000fd45  TimerIntClear                    
2000fb5d  TimerIntDisable                  
2000fc01  TimerIntEnable                   
2000f4d5  TimerLoadSet                     
2000f505  TimerPrescaleSet                 
2000f777  TimerSupport_timerDisable        
2000f0e9  TimerSupport_timerEnable         
2000fd55  Timer_Params_init                
2000ef2d  Timer_close                      
20010f6c  Timer_config                     
20010f74  Timer_count                      
2000e453  Timer_init                       
2000cc95  Timer_open                       
2000ee21  Timer_start                      
2000eff1  Timer_stop                       
2000fe2b  UtilsDelay                       
200107f4  _CIOBUF_                         
200107f4  __CIOBUF_                        
20004000  __STACK_END                      
00001000  __STACK_SIZE                     
00008000  __SYSMEM_SIZE                    
200110a8  __TI_CINIT_Base                  
200110b8  __TI_CINIT_Limit                 
200110b8  __TI_CINIT_Warm                  
20011094  __TI_Handler_Table_Base          
200110a0  __TI_Handler_Table_Limit         
2000f1cd  __TI_auto_init_nobinit_nopinit   
2000f375  __TI_cleanup                     
200106a0  __TI_cleanup_ptr                 
2000dbf9  __TI_closefile                   
2000defb  __TI_decompress_lzss             
2000fdbd  __TI_decompress_none             
2000e99d  __TI_doflush                     
200106a4  __TI_dtors_ptr                   
200106b4  __TI_ft_end                      
ffffffff  __TI_pprof_out_hndl              
2000c8dd  __TI_printfi_minimal             
ffffffff  __TI_prof_data_size              
ffffffff  __TI_prof_data_start             
2000f535  __TI_readmsg                     
20010f78  __TI_static_base__               
20010914  __TI_tmpnams                     
2000f3a9  __TI_writemsg                    
2000e1c5  __TI_wrt_ok                      
2000fd75  __TI_zero_init                   
2000e663  __aeabi_ldiv0                    
2000fc49  __aeabi_memclr                   
2000fc49  __aeabi_memclr4                  
2000fc49  __aeabi_memclr8                  
2000fe71  __aeabi_memcpy                   
2000fe71  __aeabi_memcpy4                  
2000fe71  __aeabi_memcpy8                  
2000fc3d  __aeabi_memset                   
2000fc3d  __aeabi_memset4                  
2000fc3d  __aeabi_memset8                  
2000fc51  __aeabi_uldivmod                 
ffffffff  __binit__                        
UNDEFED   __mpu_init                       
20003000  __stack                          
20004000  __start___llvm_prf_bits          
20004000  __start___llvm_prf_cnts          
20004000  __stop___llvm_prf_bits           
20004000  __stop___llvm_prf_cnts           
2000d48d  __udivmoddi4                     
2000f87d  _c_int00_noargs                  
2001055c  _device                          
200103e8  _ftable                          
200106b8  _lock                            
2000e9eb  _nop                             
200105d4  _stream                          
20004040  _sys_memory                      
UNDEFED   _system_post_cinit               
2000fe5f  _system_pre_init                 
200106bc  _unlock                          
2000fe6b  abort                            
2000cf1d  aligned_alloc                    
ffffffff  binit                            
20010698  blinkCount                       
2000f565  blinkO                           
2000e5b5  blinkOk                          
2000ec3d  blinkS                           
2000e94d  brkBetweenWords                  
2001069c  button_pressed                   
2000ed0f  clkFxn                           
2000e225  close                            
2000f595  exit                             
2000f3dd  finddevice                       
2000da11  fputc                            
2000d135  fputs                            
2000d03d  free                             
2000fe63  fseek                            
2000dfcd  fseeko                           
2000e035  getdevice                        
2000fc15  gpioButtonFxn0                   
2000fc29  gpioButtonFxn1                   
200109b4  gpioCallbackFunctions            
200104d8  gpioPinConfigs                   
20010a38  gpioUserArgs                     
2000e809  initTimer                        
2000f411  initVectors                      
2000f625  lseek                            
2000fd65  main                             
2000dc6d  mainThread                       
2000fe33  malloc                           
2000cf1d  memalign                         
2000f985  memccpy                          
200102f0  parkInfo                         
20010b50  parmbuf                          
2000e285  printf                           
2000fe67  remove                           
2000fa31  resetISR                         
2000d225  setvbuf                          
20010f44  timerCC32XXHWAttrs               
20010abc  timerCC32XXObjects               
2000e101  timerCallback                    
2000f651  unlink                           
2000f67d  write                            


GLOBAL SYMBOLS: SORTED BY Symbol Address 

address   name                             
-------   ----                             
00001000  __STACK_SIZE                     
00008000  __SYSMEM_SIZE                    
20003000  __stack                          
20004000  __STACK_END                      
20004000  __start___llvm_prf_bits          
20004000  __start___llvm_prf_cnts          
20004000  __stop___llvm_prf_bits           
20004000  __stop___llvm_prf_cnts           
20004040  _sys_memory                      
2000c041  PRCMCC3200MCUInit                
2000c4f9  Power_sleep                      
2000c8dd  __TI_printfi_minimal             
2000cb45  PowerCC32XX_sleepPolicy          
2000cc95  Timer_open                       
2000cddd  GPIO_setConfig                   
2000cf1d  aligned_alloc                    
2000cf1d  memalign                         
2000d03d  free                             
2000d135  fputs                            
2000d225  setvbuf                          
2000d2fd  IntDisable                       
2000d3c5  IntEnable                        
2000d48d  __udivmoddi4                     
2000d53d  GPIOIntTypeSet                   
2000d5e9  IntPendSet                       
2000d68d  PinConfigSet                     
2000d72f  Board_initHook                   
2000d731  SemaphoreP_pend                  
2000d7c9  HwiP_disable                     
2000d7d1  PowerCC32XX_enterLPDS            
2000d815  PowerCC32XX_resumeLPDS           
2000d867  PowerCC32XX_initPolicy           
2000d869  GPIO_init                        
2000d8f9  PRCMSysResetCauseGet             
2000d987  SemaphoreP_destruct              
2000d989  PowerCC32XX_configureWakeup      
2000da11  fputc                            
2000da99  Power_init                       
2000db11  HwiP_construct                   
2000db85  PRCMHibernateWakeUpGPIOSelect    
2000dbf9  __TI_closefile                   
2000dc6d  mainThread                       
2000dce1  PinLockLevelSet                  
2000dd4d  Power_setDependency              
2000de91  PRCMPeripheralReset              
2000defb  __TI_decompress_lzss             
2000df65  IntPendClear                     
2000dfcd  fseeko                           
2000e035  getdevice                        
2000e09d  HOSTrename                       
2000e101  timerCallback                    
2000e165  GPIO_write                       
2000e1c5  __TI_wrt_ok                      
2000e225  close                            
2000e285  printf                           
2000e2e5  FlashDisable                     
2000e341  PRCMHibernateWakeupSourceDisable 
2000e39d  TimerCC32XX_allocateTimerResource
2000e3f9  PRCMPeripheralClkEnable          
2000e453  Timer_init                       
2000e455  ClockP_startup                   
2000e4ad  HOSTlseek                        
2000e505  HOSTopen                         
2000e55d  IntPrioritySet                   
2000e5b5  blinkOk                          
2000e60d  PRCMLPDSEnter                    
2000e663  __aeabi_ldiv0                    
2000e665  GPIO_toggle                      
2000e6b9  HOSTread                         
2000e70d  HOSTwrite                        
2000e761  PowerCC32XX_setParkState         
2000e7b5  Power_releaseDependency          
2000e809  initTimer                        
2000e85d  GPIO_hwiIntFxn                   
2000e8ad  PRCMHibernateWakeupSourceEnable  
2000e8fd  SemaphoreP_construct             
2000e94d  brkBetweenWords                  
2000e99d  __TI_doflush                     
2000e9eb  _nop                             
2000e9ed  GPIO_setInterruptConfig          
2000ea39  PRCMLPDSRestoreInfoSet           
2000eb1d  ClockP_sysTickHandler            
2000eb65  PRCMIntEnable                    
2000ebad  PRCMPeripheralStatusGet          
2000ebf5  PinConfigGet                     
2000ec3d  blinkS                           
2000ec85  PRCMLPDSEnterKeepDebugIf         
2000eccb  GPIODirModeSet                   
2000ed0f  clkFxn                           
2000ed11  GPIO_disableInt                  
2000ed55  GPIO_enableInt                   
2000ed99  HOSTunlink                       
2000eddd  Power_releaseConstraint          
2000ee21  Timer_start                      
2000eea9  PinModeSet                       
2000eeeb  TimerControlStall                
2000ef2d  Timer_close                      
2000efb1  SemaphoreP_post                  
2000eff1  Timer_stop                       
2000f031  PinDirModeSet                    
2000f071  ClockP_stop                      
2000f0ad  HOSTclose                        
2000f0e9  TimerSupport_timerEnable         
2000f125  ClockP_destruct                  
2000f15d  Power_setConstraint              
2000f195  SwiP_restore                     
2000f1cd  __TI_auto_init_nobinit_nopinit   
2000f205  PinLock                          
2000f271  ClockP_start                     
2000f2a5  PinDirModeGet                    
2000f2d9  PinModeGet                       
2000f30d  PowerCC32XX_parkPin              
2000f341  TimerCC32XX_freeTimerResource    
2000f375  __TI_cleanup                     
2000f3a9  __TI_writemsg                    
2000f3d3  C$$IO$$                          
2000f3dd  finddevice                       
2000f411  initVectors                      
2000f445  ClockP_getTicksUntilInterrupt    
2000f475  PRCMLPDSIntervalSet              
2000f4a5  PRCMSlowClkCtrFastGet            
2000f4d5  TimerLoadSet                     
2000f505  TimerPrescaleSet                 
2000f535  __TI_readmsg                     
2000f565  blinkO                           
2000f595  exit                             
2000f5f5  GPIOIntStatus                    
2000f625  lseek                            
2000f651  unlink                           
2000f67d  write                            
2000f6a9  HwiP_create                      
2000f6d3  PRCMLPDSWakeUpGPIOSelect         
2000f6fd  PRCMPeripheralClkDisable         
2000f727  List_remove                      
2000f74f  PRCMSRAMRetentionEnable          
2000f777  TimerSupport_timerDisable        
2000f7c9  IntUnregister                    
2000f7ed  List_put                         
2000f811  PRCMLPDSWakeupSourceEnable       
2000f835  PowerCC32XX_restoreParkedPin     
2000f859  Power_registerNotify             
2000f87d  _c_int00_noargs                  
2000f8a1  GPIOPinWrite                     
2000f8c3  PinUnlock                        
2000f8e5  IntRegister                      
2000f905  Power_unregisterNotify           
2000f925  SemaphoreP_constructBinary       
2000f945  SemaphoreP_createBinary          
2000f965  TimerDisable                     
2000f985  memccpy                          
2000f9a5  GPIO_setCallback                 
2000f9c1  HwiP_dispatch                    
2000f9dd  SwiP_disable                     
2000fa31  resetISR                         
2000fa4d  GPIOIntDisable                   
2000fa67  PRCMHIBRegRead                   
2000fa81  PRCMHIBRegWrite                  
2000fa9b  PRCMLPDSWakeupSourceDisable      
2000fab5  PinToPadGet                      
2000facf  TimerEnable                      
2000fae9  GPIOIntEnable                    
2000fb01  GPIOPinRead                      
2000fb19  SemaphoreP_create                
2000fb31  Board_init                       
2000fb47  SysTickPeriodSet                 
2000fb5d  TimerIntDisable                  
2000fb73  CPUcpsid                         
2000fb87  CPUcpsie                         
2000fb9b  HwiP_destruct                    
2000fbaf  IntVTableBaseSet                 
2000fbc5  Power_disablePolicy              
2000fbd9  Power_getTransitionLatency       
2000fbed  Power_idleFunc                   
2000fc01  TimerIntEnable                   
2000fc15  gpioButtonFxn0                   
2000fc29  gpioButtonFxn1                   
2000fc3d  __aeabi_memset                   
2000fc3d  __aeabi_memset4                  
2000fc3d  __aeabi_memset8                  
2000fc49  __aeabi_memclr                   
2000fc49  __aeabi_memclr4                  
2000fc49  __aeabi_memclr8                  
2000fc51  __aeabi_uldivmod                 
2000fc65  ClockP_add                       
2000fc77  GPIOIntClear                     
2000fc89  HwiP_Params_init                 
2000fc9b  HwiP_delete                      
2000fcad  SysTickEnable                    
2000fcbf  SysTickIntDisable                
2000fcd1  SysTickIntEnable                 
2000fce3  TI_memcpy_small                  
2000fcf5  ClockP_getCpuFreq                
2000fd05  ClockP_getSystemTicks            
2000fd15  ClockP_setTicks                  
2000fd25  HwiP_inISR                       
2000fd35  Power_enablePolicy               
2000fd45  TimerIntClear                    
2000fd55  Timer_Params_init                
2000fd65  main                             
2000fd75  __TI_zero_init                   
2000fdaf  TI_memset_small                  
2000fdbd  __TI_decompress_none             
2000fdcb  CPUwfi                           
2000fdd7  PRCMLPDSWakeupCauseGet           
2000fde5  Power_getConstraintMask          
2000fdfd  ClockP_isActive                  
2000fe07  IntMasterDisable                 
2000fe11  IntMasterEnable                  
2000fe1b  HwiP_restore                     
2000fe23  PRCMSleepEnter                   
2000fe2b  UtilsDelay                       
2000fe33  malloc                           
2000fe3b  ClockP_doTick                    
2000fe3f  HwiP_clearInterrupt              
2000fe43  HwiP_enable                      
2000fe47  HwiP_post                        
2000fe4f  NoRTOS_start                     
2000fe53  SemaphoreP_delete                
2000fe5f  _system_pre_init                 
2000fe63  fseek                            
2000fe67  remove                           
2000fe6a  C$$EXIT                          
2000fe6b  abort                            
2000fe71  __aeabi_memcpy                   
2000fe71  __aeabi_memcpy4                  
2000fe71  __aeabi_memcpy8                  
20010184  PowerCC32XX_module               
200102f0  parkInfo                         
200103e8  _ftable                          
200104d8  gpioPinConfigs                   
2001055c  _device                          
200105d4  _stream                          
20010690  SemaphoreP_defaultParams         
20010698  blinkCount                       
2001069c  button_pressed                   
200106a0  __TI_cleanup_ptr                 
200106a4  __TI_dtors_ptr                   
200106ac  ClockP_tickPeriod                
200106b0  HwiP_swiPIntNum                  
200106b4  __TI_ft_end                      
200106b8  _lock                            
200106bc  _unlock                          
200106c8  PowerCC32XX_contextSave          
200107f4  _CIOBUF_                         
200107f4  __CIOBUF_                        
20010914  __TI_tmpnams                     
200109b4  gpioCallbackFunctions            
20010a38  gpioUserArgs                     
20010abc  timerCC32XXObjects               
20010b40  ClockP_ctrl                      
20010b50  parmbuf                          
20010b64  BL_State                         
20010de4  PowerCC32XX_config               
20010ed3  GPIO_pinUpperBound               
20010f34  GPIO_config                      
20010f44  timerCC32XXHWAttrs               
20010f6c  Timer_config                     
20010f74  Timer_count                      
20010f78  __TI_static_base__               
20011094  __TI_Handler_Table_Base          
200110a0  __TI_Handler_Table_Limit         
200110a8  __TI_CINIT_Base                  
200110b8  __TI_CINIT_Limit                 
200110b8  __TI_CINIT_Warm                  
ffffffff  __TI_pprof_out_hndl              
ffffffff  __TI_prof_data_size              
ffffffff  __TI_prof_data_start             
ffffffff  __binit__                        
ffffffff  binit                            
UNDEFED   ITM_flush                        
UNDEFED   ITM_restore                      
UNDEFED   __mpu_init                       
UNDEFED   _system_post_cinit               

[273 symbols]
