<?xml version="1.0" encoding="ISO-8859-1" ?>
<link_info>
   <banner>TI ARM Clang Linker PC v2.1.3.LTS</banner>
   <copyright>Copyright (c) 1996-2018 Texas Instruments Incorporated</copyright>
   <link_time>0x647ae574</link_time>
   <link_errors>0x0</link_errors>
   <output_file>gpiointerrupt_CC3220S_LAUNCHXL_nortos_ticlang.out</output_file>
   <entry_point>
      <name>resetISR</name>
      <address>0x2000fa31</address>
   </entry_point>
   <input_file_list>
      <input_file id="fl-1">
         <path>.\</path>
         <kind>object</kind>
         <file>gpiointerrupt.o</file>
         <name>gpiointerrupt.o</name>
      </input_file>
      <input_file id="fl-2">
         <path>.\syscfg\</path>
         <kind>object</kind>
         <file>ti_drivers_config.o</file>
         <name>ti_drivers_config.o</name>
      </input_file>
      <input_file id="fl-3">
         <path>.\</path>
         <kind>object</kind>
         <file>main_nortos.o</file>
         <name>main_nortos.o</name>
      </input_file>
      <input_file id="fl-13">
         <kind>object</kind>
         <file>&lt;internal&gt;</file>
         <name>&lt;internal&gt;</name>
      </input_file>
      <input_file id="fl-14">
         <path>C:\ti\simplelink_cc32xx_sdk_7_10_00_13\source\ti\drivers\lib\ticlang\m4\</path>
         <kind>archive</kind>
         <file>drivers_cc32xx.a</file>
         <name>GPIO.c.obj</name>
      </input_file>
      <input_file id="fl-15">
         <path>C:\ti\simplelink_cc32xx_sdk_7_10_00_13\source\ti\drivers\lib\ticlang\m4\</path>
         <kind>archive</kind>
         <file>drivers_cc32xx.a</file>
         <name>GPIOCC32XX.c.obj</name>
      </input_file>
      <input_file id="fl-16">
         <path>C:\ti\simplelink_cc32xx_sdk_7_10_00_13\source\ti\drivers\lib\ticlang\m4\</path>
         <kind>archive</kind>
         <file>drivers_cc32xx.a</file>
         <name>PowerCC32XX.c.obj</name>
      </input_file>
      <input_file id="fl-17">
         <path>C:\ti\simplelink_cc32xx_sdk_7_10_00_13\source\ti\drivers\lib\ticlang\m4\</path>
         <kind>archive</kind>
         <file>drivers_cc32xx.a</file>
         <name>PowerCC32XX_ticlang.asm.obj</name>
      </input_file>
      <input_file id="fl-18">
         <path>C:\ti\simplelink_cc32xx_sdk_7_10_00_13\source\ti\drivers\lib\ticlang\m4\</path>
         <kind>archive</kind>
         <file>drivers_cc32xx.a</file>
         <name>Timer.c.obj</name>
      </input_file>
      <input_file id="fl-19">
         <path>C:\ti\simplelink_cc32xx_sdk_7_10_00_13\source\ti\drivers\lib\ticlang\m4\</path>
         <kind>archive</kind>
         <file>drivers_cc32xx.a</file>
         <name>TimerCC32XX.c.obj</name>
      </input_file>
      <input_file id="fl-1a">
         <path>C:\ti\simplelink_cc32xx_sdk_7_10_00_13\source\ti\drivers\lib\ticlang\m4\</path>
         <kind>archive</kind>
         <file>drivers_cc32xx.a</file>
         <name>List.c.obj</name>
      </input_file>
      <input_file id="fl-1b">
         <path>C:\ti\simplelink_cc32xx_sdk_7_10_00_13\kernel\nortos\lib\ticlang\m4\</path>
         <kind>archive</kind>
         <file>nortos_cc32xx.a</file>
         <name>NoRTOS.c.obj</name>
      </input_file>
      <input_file id="fl-1c">
         <path>C:\ti\simplelink_cc32xx_sdk_7_10_00_13\kernel\nortos\lib\ticlang\m4\</path>
         <kind>archive</kind>
         <file>nortos_cc32xx.a</file>
         <name>SemaphoreP_nortos.c.obj</name>
      </input_file>
      <input_file id="fl-1d">
         <path>C:\ti\simplelink_cc32xx_sdk_7_10_00_13\kernel\nortos\lib\ticlang\m4\</path>
         <kind>archive</kind>
         <file>nortos_cc32xx.a</file>
         <name>ClockPSysTick_nortos.c.obj</name>
      </input_file>
      <input_file id="fl-1e">
         <path>C:\ti\simplelink_cc32xx_sdk_7_10_00_13\kernel\nortos\lib\ticlang\m4\</path>
         <kind>archive</kind>
         <file>nortos_cc32xx.a</file>
         <name>HwiPCC32XX_nortos.c.obj</name>
      </input_file>
      <input_file id="fl-1f">
         <path>C:\ti\simplelink_cc32xx_sdk_7_10_00_13\kernel\nortos\lib\ticlang\m4\</path>
         <kind>archive</kind>
         <file>nortos_cc32xx.a</file>
         <name>PowerCC32XX_nortos.c.obj</name>
      </input_file>
      <input_file id="fl-20">
         <path>C:\ti\simplelink_cc32xx_sdk_7_10_00_13\kernel\nortos\lib\ticlang\m4\</path>
         <kind>archive</kind>
         <file>nortos_cc32xx.a</file>
         <name>startup_cc32xx_ticlang.c.obj</name>
      </input_file>
      <input_file id="fl-21">
         <path>C:\ti\simplelink_cc32xx_sdk_7_10_00_13\kernel\nortos\lib\ticlang\m4\</path>
         <kind>archive</kind>
         <file>nortos_cc32xx.a</file>
         <name>SwiP_nortos.c.obj</name>
      </input_file>
      <input_file id="fl-22">
         <path>C:\ti\simplelink_cc32xx_sdk_7_10_00_13\source\ti\devices\cc32xx\driverlib\ticlang\Release\</path>
         <kind>archive</kind>
         <file>driverlib.a</file>
         <name>cpu.obj</name>
      </input_file>
      <input_file id="fl-23">
         <path>C:\ti\simplelink_cc32xx_sdk_7_10_00_13\source\ti\devices\cc32xx\driverlib\ticlang\Release\</path>
         <kind>archive</kind>
         <file>driverlib.a</file>
         <name>gpio.obj</name>
      </input_file>
      <input_file id="fl-24">
         <path>C:\ti\simplelink_cc32xx_sdk_7_10_00_13\source\ti\devices\cc32xx\driverlib\ticlang\Release\</path>
         <kind>archive</kind>
         <file>driverlib.a</file>
         <name>hwspinlock.obj</name>
      </input_file>
      <input_file id="fl-25">
         <path>C:\ti\simplelink_cc32xx_sdk_7_10_00_13\source\ti\devices\cc32xx\driverlib\ticlang\Release\</path>
         <kind>archive</kind>
         <file>driverlib.a</file>
         <name>interrupt.obj</name>
      </input_file>
      <input_file id="fl-26">
         <path>C:\ti\simplelink_cc32xx_sdk_7_10_00_13\source\ti\devices\cc32xx\driverlib\ticlang\Release\</path>
         <kind>archive</kind>
         <file>driverlib.a</file>
         <name>pin.obj</name>
      </input_file>
      <input_file id="fl-27">
         <path>C:\ti\simplelink_cc32xx_sdk_7_10_00_13\source\ti\devices\cc32xx\driverlib\ticlang\Release\</path>
         <kind>archive</kind>
         <file>driverlib.a</file>
         <name>prcm.obj</name>
      </input_file>
      <input_file id="fl-28">
         <path>C:\ti\simplelink_cc32xx_sdk_7_10_00_13\source\ti\devices\cc32xx\driverlib\ticlang\Release\</path>
         <kind>archive</kind>
         <file>driverlib.a</file>
         <name>spi.obj</name>
      </input_file>
      <input_file id="fl-29">
         <path>C:\ti\simplelink_cc32xx_sdk_7_10_00_13\source\ti\devices\cc32xx\driverlib\ticlang\Release\</path>
         <kind>archive</kind>
         <file>driverlib.a</file>
         <name>systick.obj</name>
      </input_file>
      <input_file id="fl-2a">
         <path>C:\ti\simplelink_cc32xx_sdk_7_10_00_13\source\ti\devices\cc32xx\driverlib\ticlang\Release\</path>
         <kind>archive</kind>
         <file>driverlib.a</file>
         <name>timer.obj</name>
      </input_file>
      <input_file id="fl-2b">
         <path>C:\ti\simplelink_cc32xx_sdk_7_10_00_13\source\ti\devices\cc32xx\driverlib\ticlang\Release\</path>
         <kind>archive</kind>
         <file>driverlib.a</file>
         <name>utils.obj</name>
      </input_file>
      <input_file id="fl-2c">
         <path>C:\ti\simplelink_cc32xx_sdk_7_10_00_13\source\ti\devices\cc32xx\driverlib\ticlang\Release\</path>
         <kind>archive</kind>
         <file>driverlib.a</file>
         <name>flash.obj</name>
      </input_file>
      <input_file id="fl-38">
         <path>C:\ti\ccs1230\ccs\tools\compiler\ti-cgt-armllvm_2.1.3.LTS\lib\armv7em-ti-none-eabi\c\</path>
         <kind>archive</kind>
         <file>libc.a</file>
         <name>printf.c.obj</name>
      </input_file>
      <input_file id="fl-39">
         <path>C:\ti\ccs1230\ccs\tools\compiler\ti-cgt-armllvm_2.1.3.LTS\lib\armv7em-ti-none-eabi\c\</path>
         <kind>archive</kind>
         <file>libc.a</file>
         <name>_printfi.c.obj</name>
      </input_file>
      <input_file id="fl-3a">
         <path>C:\ti\ccs1230\ccs\tools\compiler\ti-cgt-armllvm_2.1.3.LTS\lib\armv7em-ti-none-eabi\c\</path>
         <kind>archive</kind>
         <file>libc.a</file>
         <name>fputc.c.obj</name>
      </input_file>
      <input_file id="fl-3b">
         <path>C:\ti\ccs1230\ccs\tools\compiler\ti-cgt-armllvm_2.1.3.LTS\lib\armv7em-ti-none-eabi\c\</path>
         <kind>archive</kind>
         <file>libc.a</file>
         <name>fputs.c.obj</name>
      </input_file>
      <input_file id="fl-3c">
         <path>C:\ti\ccs1230\ccs\tools\compiler\ti-cgt-armllvm_2.1.3.LTS\lib\armv7em-ti-none-eabi\c\</path>
         <kind>archive</kind>
         <file>libc.a</file>
         <name>_io_perm.c.obj</name>
      </input_file>
      <input_file id="fl-3d">
         <path>C:\ti\ccs1230\ccs\tools\compiler\ti-cgt-armllvm_2.1.3.LTS\lib\armv7em-ti-none-eabi\c\</path>
         <kind>archive</kind>
         <file>libc.a</file>
         <name>setvbuf.c.obj</name>
      </input_file>
      <input_file id="fl-3e">
         <path>C:\ti\ccs1230\ccs\tools\compiler\ti-cgt-armllvm_2.1.3.LTS\lib\armv7em-ti-none-eabi\c\</path>
         <kind>archive</kind>
         <file>libc.a</file>
         <name>s_frexp.c.obj</name>
      </input_file>
      <input_file id="fl-3f">
         <path>C:\ti\ccs1230\ccs\tools\compiler\ti-cgt-armllvm_2.1.3.LTS\lib\armv7em-ti-none-eabi\c\</path>
         <kind>archive</kind>
         <file>libc.a</file>
         <name>s_scalbn.c.obj</name>
      </input_file>
      <input_file id="fl-40">
         <path>C:\ti\ccs1230\ccs\tools\compiler\ti-cgt-armllvm_2.1.3.LTS\lib\armv7em-ti-none-eabi\c\</path>
         <kind>archive</kind>
         <file>libc.a</file>
         <name>aeabi_portable.c.obj</name>
      </input_file>
      <input_file id="fl-41">
         <path>C:\ti\ccs1230\ccs\tools\compiler\ti-cgt-armllvm_2.1.3.LTS\lib\armv7em-ti-none-eabi\c\</path>
         <kind>archive</kind>
         <file>libc.a</file>
         <name>exit.c.obj</name>
      </input_file>
      <input_file id="fl-42">
         <path>C:\ti\ccs1230\ccs\tools\compiler\ti-cgt-armllvm_2.1.3.LTS\lib\armv7em-ti-none-eabi\c\</path>
         <kind>archive</kind>
         <file>libc.a</file>
         <name>_lock.c.obj</name>
      </input_file>
      <input_file id="fl-43">
         <path>C:\ti\ccs1230\ccs\tools\compiler\ti-cgt-armllvm_2.1.3.LTS\lib\armv7em-ti-none-eabi\c\</path>
         <kind>archive</kind>
         <file>libc.a</file>
         <name>_ltoa.c.obj</name>
      </input_file>
      <input_file id="fl-44">
         <path>C:\ti\ccs1230\ccs\tools\compiler\ti-cgt-armllvm_2.1.3.LTS\lib\armv7em-ti-none-eabi\c\</path>
         <kind>archive</kind>
         <file>libc.a</file>
         <name>assert.c.obj</name>
      </input_file>
      <input_file id="fl-45">
         <path>C:\ti\ccs1230\ccs\tools\compiler\ti-cgt-armllvm_2.1.3.LTS\lib\armv7em-ti-none-eabi\c\</path>
         <kind>archive</kind>
         <file>libc.a</file>
         <name>atoi.c.obj</name>
      </input_file>
      <input_file id="fl-46">
         <path>C:\ti\ccs1230\ccs\tools\compiler\ti-cgt-armllvm_2.1.3.LTS\lib\armv7em-ti-none-eabi\c\</path>
         <kind>archive</kind>
         <file>libc.a</file>
         <name>defs.c.obj</name>
      </input_file>
      <input_file id="fl-47">
         <path>C:\ti\ccs1230\ccs\tools\compiler\ti-cgt-armllvm_2.1.3.LTS\lib\armv7em-ti-none-eabi\c\</path>
         <kind>archive</kind>
         <file>libc.a</file>
         <name>memccpy.c.obj</name>
      </input_file>
      <input_file id="fl-48">
         <path>C:\ti\ccs1230\ccs\tools\compiler\ti-cgt-armllvm_2.1.3.LTS\lib\armv7em-ti-none-eabi\c\</path>
         <kind>archive</kind>
         <file>libc.a</file>
         <name>memory.c.obj</name>
      </input_file>
      <input_file id="fl-49">
         <path>C:\ti\ccs1230\ccs\tools\compiler\ti-cgt-armllvm_2.1.3.LTS\lib\armv7em-ti-none-eabi\c\</path>
         <kind>archive</kind>
         <file>libc.a</file>
         <name>copy_zero_init.c.obj</name>
      </input_file>
      <input_file id="fl-4a">
         <path>C:\ti\ccs1230\ccs\tools\compiler\ti-cgt-armllvm_2.1.3.LTS\lib\armv7em-ti-none-eabi\c\</path>
         <kind>archive</kind>
         <file>libc.a</file>
         <name>copy_decompress_none.c.obj</name>
      </input_file>
      <input_file id="fl-4b">
         <path>C:\ti\ccs1230\ccs\tools\compiler\ti-cgt-armllvm_2.1.3.LTS\lib\armv7em-ti-none-eabi\c\</path>
         <kind>archive</kind>
         <file>libc.a</file>
         <name>copy_decompress_lzss.c.obj</name>
      </input_file>
      <input_file id="fl-4c">
         <path>C:\ti\ccs1230\ccs\tools\compiler\ti-cgt-armllvm_2.1.3.LTS\lib\armv7em-ti-none-eabi\c\</path>
         <kind>archive</kind>
         <file>libc.a</file>
         <name>boot_cortex_m.c.obj</name>
      </input_file>
      <input_file id="fl-4d">
         <path>C:\ti\ccs1230\ccs\tools\compiler\ti-cgt-armllvm_2.1.3.LTS\lib\armv7em-ti-none-eabi\c\</path>
         <kind>archive</kind>
         <file>libc.a</file>
         <name>mathacl_init.c.obj</name>
      </input_file>
      <input_file id="fl-4e">
         <path>C:\ti\ccs1230\ccs\tools\compiler\ti-cgt-armllvm_2.1.3.LTS\lib\armv7em-ti-none-eabi\c\</path>
         <kind>archive</kind>
         <file>libc.a</file>
         <name>wcslen.c.obj</name>
      </input_file>
      <input_file id="fl-4f">
         <path>C:\ti\ccs1230\ccs\tools\compiler\ti-cgt-armllvm_2.1.3.LTS\lib\armv7em-ti-none-eabi\c\</path>
         <kind>archive</kind>
         <file>libc.a</file>
         <name>sprintf.c.obj</name>
      </input_file>
      <input_file id="fl-50">
         <path>C:\ti\ccs1230\ccs\tools\compiler\ti-cgt-armllvm_2.1.3.LTS\lib\armv7em-ti-none-eabi\c\</path>
         <kind>archive</kind>
         <file>libc.a</file>
         <name>fflush.c.obj</name>
      </input_file>
      <input_file id="fl-51">
         <path>C:\ti\ccs1230\ccs\tools\compiler\ti-cgt-armllvm_2.1.3.LTS\lib\armv7em-ti-none-eabi\c\</path>
         <kind>archive</kind>
         <file>libc.a</file>
         <name>fopen.c.obj</name>
      </input_file>
      <input_file id="fl-52">
         <path>C:\ti\ccs1230\ccs\tools\compiler\ti-cgt-armllvm_2.1.3.LTS\lib\armv7em-ti-none-eabi\c\</path>
         <kind>archive</kind>
         <file>libc.a</file>
         <name>fseek.c.obj</name>
      </input_file>
      <input_file id="fl-53">
         <path>C:\ti\ccs1230\ccs\tools\compiler\ti-cgt-armllvm_2.1.3.LTS\lib\armv7em-ti-none-eabi\c\</path>
         <kind>archive</kind>
         <file>libc.a</file>
         <name>aeabi_ctype.S.obj</name>
      </input_file>
      <input_file id="fl-54">
         <path>C:\ti\ccs1230\ccs\tools\compiler\ti-cgt-armllvm_2.1.3.LTS\lib\armv7em-ti-none-eabi\c\</path>
         <kind>archive</kind>
         <file>libc.a</file>
         <name>args_main.c.obj</name>
      </input_file>
      <input_file id="fl-55">
         <path>C:\ti\ccs1230\ccs\tools\compiler\ti-cgt-armllvm_2.1.3.LTS\lib\armv7em-ti-none-eabi\c\</path>
         <kind>archive</kind>
         <file>libc.a</file>
         <name>autoinit.c.obj</name>
      </input_file>
      <input_file id="fl-56">
         <path>C:\ti\ccs1230\ccs\tools\compiler\ti-cgt-armllvm_2.1.3.LTS\lib\armv7em-ti-none-eabi\c\</path>
         <kind>archive</kind>
         <file>libc.a</file>
         <name>pre_init.c.obj</name>
      </input_file>
      <input_file id="fl-57">
         <path>C:\ti\ccs1230\ccs\tools\compiler\ti-cgt-armllvm_2.1.3.LTS\lib\armv7em-ti-none-eabi\c\</path>
         <kind>archive</kind>
         <file>libc.a</file>
         <name>cpy_tbl.c.obj</name>
      </input_file>
      <input_file id="fl-58">
         <path>C:\ti\ccs1230\ccs\tools\compiler\ti-cgt-armllvm_2.1.3.LTS\lib\armv7em-ti-none-eabi\c\</path>
         <kind>archive</kind>
         <file>libc.a</file>
         <name>fclose.c.obj</name>
      </input_file>
      <input_file id="fl-91">
         <path>C:\ti\ccs1230\ccs\tools\compiler\ti-cgt-armllvm_2.1.3.LTS\lib\armv7em-ti-none-eabi\c\</path>
         <kind>archive</kind>
         <file>libsysbm.a</file>
         <name>write.c.obj</name>
      </input_file>
      <input_file id="fl-92">
         <path>C:\ti\ccs1230\ccs\tools\compiler\ti-cgt-armllvm_2.1.3.LTS\lib\armv7em-ti-none-eabi\c\</path>
         <kind>archive</kind>
         <file>libsysbm.a</file>
         <name>host_device.c.obj</name>
      </input_file>
      <input_file id="fl-93">
         <path>C:\ti\ccs1230\ccs\tools\compiler\ti-cgt-armllvm_2.1.3.LTS\lib\armv7em-ti-none-eabi\c\</path>
         <kind>archive</kind>
         <file>libsysbm.a</file>
         <name>remove.c.obj</name>
      </input_file>
      <input_file id="fl-94">
         <path>C:\ti\ccs1230\ccs\tools\compiler\ti-cgt-armllvm_2.1.3.LTS\lib\armv7em-ti-none-eabi\c\</path>
         <kind>archive</kind>
         <file>libsysbm.a</file>
         <name>open.c.obj</name>
      </input_file>
      <input_file id="fl-95">
         <path>C:\ti\ccs1230\ccs\tools\compiler\ti-cgt-armllvm_2.1.3.LTS\lib\armv7em-ti-none-eabi\c\</path>
         <kind>archive</kind>
         <file>libsysbm.a</file>
         <name>lseek.c.obj</name>
      </input_file>
      <input_file id="fl-96">
         <path>C:\ti\ccs1230\ccs\tools\compiler\ti-cgt-armllvm_2.1.3.LTS\lib\armv7em-ti-none-eabi\c\</path>
         <kind>archive</kind>
         <file>libsysbm.a</file>
         <name>close.c.obj</name>
      </input_file>
      <input_file id="fl-97">
         <path>C:\ti\ccs1230\ccs\tools\compiler\ti-cgt-armllvm_2.1.3.LTS\lib\armv7em-ti-none-eabi\c\</path>
         <kind>archive</kind>
         <file>libsysbm.a</file>
         <name>unlink.c.obj</name>
      </input_file>
      <input_file id="fl-98">
         <path>C:\ti\ccs1230\ccs\tools\compiler\ti-cgt-armllvm_2.1.3.LTS\lib\armv7em-ti-none-eabi\c\</path>
         <kind>archive</kind>
         <file>libsysbm.a</file>
         <name>hostclose.c.obj</name>
      </input_file>
      <input_file id="fl-99">
         <path>C:\ti\ccs1230\ccs\tools\compiler\ti-cgt-armllvm_2.1.3.LTS\lib\armv7em-ti-none-eabi\c\</path>
         <kind>archive</kind>
         <file>libsysbm.a</file>
         <name>hostlseek.c.obj</name>
      </input_file>
      <input_file id="fl-9a">
         <path>C:\ti\ccs1230\ccs\tools\compiler\ti-cgt-armllvm_2.1.3.LTS\lib\armv7em-ti-none-eabi\c\</path>
         <kind>archive</kind>
         <file>libsysbm.a</file>
         <name>hostopen.c.obj</name>
      </input_file>
      <input_file id="fl-9b">
         <path>C:\ti\ccs1230\ccs\tools\compiler\ti-cgt-armllvm_2.1.3.LTS\lib\armv7em-ti-none-eabi\c\</path>
         <kind>archive</kind>
         <file>libsysbm.a</file>
         <name>hostread.c.obj</name>
      </input_file>
      <input_file id="fl-9c">
         <path>C:\ti\ccs1230\ccs\tools\compiler\ti-cgt-armllvm_2.1.3.LTS\lib\armv7em-ti-none-eabi\c\</path>
         <kind>archive</kind>
         <file>libsysbm.a</file>
         <name>hostrename.c.obj</name>
      </input_file>
      <input_file id="fl-9d">
         <path>C:\ti\ccs1230\ccs\tools\compiler\ti-cgt-armllvm_2.1.3.LTS\lib\armv7em-ti-none-eabi\c\</path>
         <kind>archive</kind>
         <file>libsysbm.a</file>
         <name>hostunlink.c.obj</name>
      </input_file>
      <input_file id="fl-9e">
         <path>C:\ti\ccs1230\ccs\tools\compiler\ti-cgt-armllvm_2.1.3.LTS\lib\armv7em-ti-none-eabi\c\</path>
         <kind>archive</kind>
         <file>libsysbm.a</file>
         <name>hostwrite.c.obj</name>
      </input_file>
      <input_file id="fl-9f">
         <path>C:\ti\ccs1230\ccs\tools\compiler\ti-cgt-armllvm_2.1.3.LTS\lib\armv7em-ti-none-eabi\c\</path>
         <kind>archive</kind>
         <file>libsysbm.a</file>
         <name>trgmsg.c.obj</name>
      </input_file>
      <input_file id="fl-a0">
         <path>C:\ti\ccs1230\ccs\tools\compiler\ti-cgt-armllvm_2.1.3.LTS\lib\clang\14.0.6\lib\armv7em-ti-none-eabi\</path>
         <kind>archive</kind>
         <file>libclang_rt.builtins.a</file>
         <name>adddf3.S.obj</name>
      </input_file>
      <input_file id="fl-a1">
         <path>C:\ti\ccs1230\ccs\tools\compiler\ti-cgt-armllvm_2.1.3.LTS\lib\clang\14.0.6\lib\armv7em-ti-none-eabi\</path>
         <kind>archive</kind>
         <file>libclang_rt.builtins.a</file>
         <name>muldf3.S.obj</name>
      </input_file>
      <input_file id="fl-a2">
         <path>C:\ti\ccs1230\ccs\tools\compiler\ti-cgt-armllvm_2.1.3.LTS\lib\clang\14.0.6\lib\armv7em-ti-none-eabi\</path>
         <kind>archive</kind>
         <file>libclang_rt.builtins.a</file>
         <name>divdf3.S.obj</name>
      </input_file>
      <input_file id="fl-a3">
         <path>C:\ti\ccs1230\ccs\tools\compiler\ti-cgt-armllvm_2.1.3.LTS\lib\clang\14.0.6\lib\armv7em-ti-none-eabi\</path>
         <kind>archive</kind>
         <file>libclang_rt.builtins.a</file>
         <name>fixdfsi.S.obj</name>
      </input_file>
      <input_file id="fl-a4">
         <path>C:\ti\ccs1230\ccs\tools\compiler\ti-cgt-armllvm_2.1.3.LTS\lib\clang\14.0.6\lib\armv7em-ti-none-eabi\</path>
         <kind>archive</kind>
         <file>libclang_rt.builtins.a</file>
         <name>floatsidf.S.obj</name>
      </input_file>
      <input_file id="fl-a5">
         <path>C:\ti\ccs1230\ccs\tools\compiler\ti-cgt-armllvm_2.1.3.LTS\lib\clang\14.0.6\lib\armv7em-ti-none-eabi\</path>
         <kind>archive</kind>
         <file>libclang_rt.builtins.a</file>
         <name>aeabi_dcmp.S.obj</name>
      </input_file>
      <input_file id="fl-a6">
         <path>C:\ti\ccs1230\ccs\tools\compiler\ti-cgt-armllvm_2.1.3.LTS\lib\clang\14.0.6\lib\armv7em-ti-none-eabi\</path>
         <kind>archive</kind>
         <file>libclang_rt.builtins.a</file>
         <name>aeabi_memcpy.S.obj</name>
      </input_file>
      <input_file id="fl-a7">
         <path>C:\ti\ccs1230\ccs\tools\compiler\ti-cgt-armllvm_2.1.3.LTS\lib\clang\14.0.6\lib\armv7em-ti-none-eabi\</path>
         <kind>archive</kind>
         <file>libclang_rt.builtins.a</file>
         <name>aeabi_memset.S.obj</name>
      </input_file>
      <input_file id="fl-a8">
         <path>C:\ti\ccs1230\ccs\tools\compiler\ti-cgt-armllvm_2.1.3.LTS\lib\clang\14.0.6\lib\armv7em-ti-none-eabi\</path>
         <kind>archive</kind>
         <file>libclang_rt.builtins.a</file>
         <name>aeabi_uldivmod.S.obj</name>
      </input_file>
      <input_file id="fl-a9">
         <path>C:\ti\ccs1230\ccs\tools\compiler\ti-cgt-armllvm_2.1.3.LTS\lib\clang\14.0.6\lib\armv7em-ti-none-eabi\</path>
         <kind>archive</kind>
         <file>libclang_rt.builtins.a</file>
         <name>udivmoddi4.S.obj</name>
      </input_file>
      <input_file id="fl-aa">
         <path>C:\ti\ccs1230\ccs\tools\compiler\ti-cgt-armllvm_2.1.3.LTS\lib\clang\14.0.6\lib\armv7em-ti-none-eabi\</path>
         <kind>archive</kind>
         <file>libclang_rt.builtins.a</file>
         <name>comparedf2.c.obj</name>
      </input_file>
      <input_file id="fl-ab">
         <path>C:\ti\ccs1230\ccs\tools\compiler\ti-cgt-armllvm_2.1.3.LTS\lib\clang\14.0.6\lib\armv7em-ti-none-eabi\</path>
         <kind>archive</kind>
         <file>libclang_rt.builtins.a</file>
         <name>aeabi_div0.c.obj</name>
      </input_file>
      <input_file id="fl-ac">
         <path>C:\ti\ccs1230\ccs\tools\compiler\ti-cgt-armllvm_2.1.3.LTS\lib\armv7em-ti-none-eabi\c\</path>
         <kind>archive</kind>
         <file>libc.a</file>
         <name>getdevice.c.obj</name>
      </input_file>
      <input_file id="fl-ad">
         <path>C:\ti\ccs1230\ccs\tools\compiler\ti-cgt-armllvm_2.1.3.LTS\lib\armv7em-ti-none-eabi\c\</path>
         <kind>archive</kind>
         <file>libc.a</file>
         <name>memcpy_t2.S.obj</name>
      </input_file>
      <input_file id="fl-ae">
         <path>C:\ti\ccs1230\ccs\tools\compiler\ti-cgt-armllvm_2.1.3.LTS\lib\armv7em-ti-none-eabi\c\</path>
         <kind>archive</kind>
         <file>libc.a</file>
         <name>memset_t2.S.obj</name>
      </input_file>
   </input_file_list>
   <object_component_list>
      <object_component id="oc-c8">
         <name>.text.PRCMCC3200MCUInit</name>
         <load_address>0x2000c040</load_address>
         <run_address>0x2000c040</run_address>
         <size>0x4b8</size>
         <input_file_ref idref="fl-27"/>
      </object_component>
      <object_component id="oc-1c8">
         <name>.text.Power_sleep</name>
         <load_address>0x2000c4f8</load_address>
         <run_address>0x2000c4f8</run_address>
         <size>0x3e4</size>
         <input_file_ref idref="fl-16"/>
      </object_component>
      <object_component id="oc-1ee">
         <name>.text:__TI_printfi_minimal</name>
         <load_address>0x2000c8dc</load_address>
         <run_address>0x2000c8dc</run_address>
         <size>0x268</size>
         <input_file_ref idref="fl-39"/>
      </object_component>
      <object_component id="oc-170">
         <name>.text.PowerCC32XX_sleepPolicy</name>
         <load_address>0x2000cb44</load_address>
         <run_address>0x2000cb44</run_address>
         <size>0x150</size>
         <input_file_ref idref="fl-1f"/>
      </object_component>
      <object_component id="oc-13d">
         <name>.text.Timer_open</name>
         <load_address>0x2000cc94</load_address>
         <run_address>0x2000cc94</run_address>
         <size>0x148</size>
         <input_file_ref idref="fl-19"/>
      </object_component>
      <object_component id="oc-eb">
         <name>.text.GPIO_setConfig</name>
         <load_address>0x2000cddc</load_address>
         <run_address>0x2000cddc</run_address>
         <size>0x140</size>
         <input_file_ref idref="fl-15"/>
      </object_component>
      <object_component id="oc-206">
         <name>.text.aligned_alloc</name>
         <load_address>0x2000cf1c</load_address>
         <run_address>0x2000cf1c</run_address>
         <size>0x120</size>
         <input_file_ref idref="fl-48"/>
      </object_component>
      <object_component id="oc-177">
         <name>.text.free</name>
         <load_address>0x2000d03c</load_address>
         <run_address>0x2000d03c</run_address>
         <size>0xf8</size>
         <input_file_ref idref="fl-48"/>
      </object_component>
      <object_component id="oc-1f9">
         <name>.text.fputs</name>
         <load_address>0x2000d134</load_address>
         <run_address>0x2000d134</run_address>
         <size>0xf0</size>
         <input_file_ref idref="fl-3b"/>
      </object_component>
      <object_component id="oc-2c6">
         <name>.text.setvbuf</name>
         <load_address>0x2000d224</load_address>
         <run_address>0x2000d224</run_address>
         <size>0xd8</size>
         <input_file_ref idref="fl-3d"/>
      </object_component>
      <object_component id="oc-281">
         <name>.text.IntDisable</name>
         <load_address>0x2000d2fc</load_address>
         <run_address>0x2000d2fc</run_address>
         <size>0xc8</size>
         <input_file_ref idref="fl-25"/>
      </object_component>
      <object_component id="oc-209">
         <name>.text.IntEnable</name>
         <load_address>0x2000d3c4</load_address>
         <run_address>0x2000d3c4</run_address>
         <size>0xc8</size>
         <input_file_ref idref="fl-25"/>
      </object_component>
      <object_component id="oc-213">
         <name>.text</name>
         <load_address>0x2000d48c</load_address>
         <run_address>0x2000d48c</run_address>
         <size>0xb0</size>
         <input_file_ref idref="fl-a9"/>
      </object_component>
      <object_component id="oc-1ad">
         <name>.text.GPIOIntTypeSet</name>
         <load_address>0x2000d53c</load_address>
         <run_address>0x2000d53c</run_address>
         <size>0xac</size>
         <input_file_ref idref="fl-23"/>
      </object_component>
      <object_component id="oc-27d">
         <name>.text.IntPendSet</name>
         <load_address>0x2000d5e8</load_address>
         <run_address>0x2000d5e8</run_address>
         <size>0xa4</size>
         <input_file_ref idref="fl-25"/>
      </object_component>
      <object_component id="oc-14c">
         <name>.text.PinConfigSet</name>
         <load_address>0x2000d68c</load_address>
         <run_address>0x2000d68c</run_address>
         <size>0xa2</size>
         <input_file_ref idref="fl-26"/>
      </object_component>
      <object_component id="oc-d8">
         <name>.text.Board_initHook</name>
         <load_address>0x2000d72e</load_address>
         <run_address>0x2000d72e</run_address>
         <size>0x2</size>
         <input_file_ref idref="fl-2"/>
      </object_component>
      <object_component id="oc-11e">
         <name>.text.SemaphoreP_pend</name>
         <load_address>0x2000d730</load_address>
         <run_address>0x2000d730</run_address>
         <size>0x98</size>
         <input_file_ref idref="fl-1c"/>
      </object_component>
      <object_component id="oc-11b">
         <name>.text.HwiP_disable</name>
         <load_address>0x2000d7c8</load_address>
         <run_address>0x2000d7c8</run_address>
         <size>0x8</size>
         <input_file_ref idref="fl-1e"/>
      </object_component>
      <object_component id="oc-220">
         <name>.text</name>
         <load_address>0x2000d7d0</load_address>
         <run_address>0x2000d7d0</run_address>
         <size>0x96</size>
         <input_file_ref idref="fl-17"/>
      </object_component>
      <object_component id="oc-16b">
         <name>.text.PowerCC32XX_initPolicy</name>
         <load_address>0x2000d866</load_address>
         <run_address>0x2000d866</run_address>
         <size>0x2</size>
         <input_file_ref idref="fl-1f"/>
      </object_component>
      <object_component id="oc-d2">
         <name>.text.GPIO_init</name>
         <load_address>0x2000d868</load_address>
         <run_address>0x2000d868</run_address>
         <size>0x90</size>
         <input_file_ref idref="fl-15"/>
      </object_component>
      <object_component id="oc-fd">
         <name>.text.PRCMSysResetCauseGet</name>
         <load_address>0x2000d8f8</load_address>
         <run_address>0x2000d8f8</run_address>
         <size>0x8e</size>
         <input_file_ref idref="fl-27"/>
      </object_component>
      <object_component id="oc-1de">
         <name>.text.SemaphoreP_destruct</name>
         <load_address>0x2000d986</load_address>
         <run_address>0x2000d986</run_address>
         <size>0x2</size>
         <input_file_ref idref="fl-1c"/>
      </object_component>
      <object_component id="oc-10f">
         <name>.text.PowerCC32XX_configureWakeup</name>
         <load_address>0x2000d988</load_address>
         <run_address>0x2000d988</run_address>
         <size>0x88</size>
         <input_file_ref idref="fl-16"/>
      </object_component>
      <object_component id="oc-1ff">
         <name>.text.fputc</name>
         <load_address>0x2000da10</load_address>
         <run_address>0x2000da10</run_address>
         <size>0x88</size>
         <input_file_ref idref="fl-3a"/>
      </object_component>
      <object_component id="oc-cd">
         <name>.text.Power_init</name>
         <load_address>0x2000da98</load_address>
         <run_address>0x2000da98</run_address>
         <size>0x78</size>
         <input_file_ref idref="fl-16"/>
      </object_component>
      <object_component id="oc-1ac">
         <name>.text.HwiP_construct</name>
         <load_address>0x2000db10</load_address>
         <run_address>0x2000db10</run_address>
         <size>0x74</size>
         <input_file_ref idref="fl-1e"/>
      </object_component>
      <object_component id="oc-168">
         <name>.text.PRCMHibernateWakeUpGPIOSelect</name>
         <load_address>0x2000db84</load_address>
         <run_address>0x2000db84</run_address>
         <size>0x74</size>
         <input_file_ref idref="fl-27"/>
      </object_component>
      <object_component id="oc-2ff">
         <name>.text.__TI_closefile</name>
         <load_address>0x2000dbf8</load_address>
         <run_address>0x2000dbf8</run_address>
         <size>0x74</size>
         <input_file_ref idref="fl-58"/>
      </object_component>
      <object_component id="oc-a6">
         <name>.text.mainThread</name>
         <load_address>0x2000dc6c</load_address>
         <run_address>0x2000dc6c</run_address>
         <size>0x74</size>
         <input_file_ref idref="fl-1"/>
      </object_component>
      <object_component id="oc-21d">
         <name>.text.PinLockLevelSet</name>
         <load_address>0x2000dce0</load_address>
         <run_address>0x2000dce0</run_address>
         <size>0x6c</size>
         <input_file_ref idref="fl-26"/>
      </object_component>
      <object_component id="oc-14d">
         <name>.text.Power_setDependency</name>
         <load_address>0x2000dd4c</load_address>
         <run_address>0x2000dd4c</run_address>
         <size>0x6c</size>
         <input_file_ref idref="fl-16"/>
      </object_component>
      <object_component id="oc-125">
         <name>.text.powerNotifyFxn</name>
         <load_address>0x2000ddb8</load_address>
         <run_address>0x2000ddb8</run_address>
         <size>0x6c</size>
         <input_file_ref idref="fl-15"/>
      </object_component>
      <object_component id="oc-267">
         <name>.text.split</name>
         <load_address>0x2000de24</load_address>
         <run_address>0x2000de24</run_address>
         <size>0x6c</size>
         <input_file_ref idref="fl-48"/>
      </object_component>
      <object_component id="oc-105">
         <name>.text.PRCMPeripheralReset</name>
         <load_address>0x2000de90</load_address>
         <run_address>0x2000de90</run_address>
         <size>0x6a</size>
         <input_file_ref idref="fl-27"/>
      </object_component>
      <object_component id="oc-18">
         <name>.text:decompress:lzss</name>
         <load_address>0x2000defa</load_address>
         <run_address>0x2000defa</run_address>
         <size>0x6a</size>
         <input_file_ref idref="fl-4b"/>
      </object_component>
      <object_component id="oc-230">
         <name>.text.IntPendClear</name>
         <load_address>0x2000df64</load_address>
         <run_address>0x2000df64</run_address>
         <size>0x68</size>
         <input_file_ref idref="fl-25"/>
      </object_component>
      <object_component id="oc-2ea">
         <name>.text.fseeko</name>
         <load_address>0x2000dfcc</load_address>
         <run_address>0x2000dfcc</run_address>
         <size>0x68</size>
         <input_file_ref idref="fl-52"/>
      </object_component>
      <object_component id="oc-35e">
         <name>.text.getdevice</name>
         <load_address>0x2000e034</load_address>
         <run_address>0x2000e034</run_address>
         <size>0x68</size>
         <input_file_ref idref="fl-ac"/>
      </object_component>
      <object_component id="oc-320">
         <name>.text.HOSTrename</name>
         <load_address>0x2000e09c</load_address>
         <run_address>0x2000e09c</run_address>
         <size>0x64</size>
         <input_file_ref idref="fl-9c"/>
      </object_component>
      <object_component id="oc-14a">
         <name>.text.timerCallback</name>
         <load_address>0x2000e100</load_address>
         <run_address>0x2000e100</run_address>
         <size>0x64</size>
         <input_file_ref idref="fl-1"/>
      </object_component>
      <object_component id="oc-e3">
         <name>.text.GPIO_write</name>
         <load_address>0x2000e164</load_address>
         <run_address>0x2000e164</run_address>
         <size>0x60</size>
         <input_file_ref idref="fl-15"/>
      </object_component>
      <object_component id="oc-252">
         <name>.text.__TI_wrt_ok</name>
         <load_address>0x2000e1c4</load_address>
         <run_address>0x2000e1c4</run_address>
         <size>0x60</size>
         <input_file_ref idref="fl-3c"/>
      </object_component>
      <object_component id="oc-329">
         <name>.text.close</name>
         <load_address>0x2000e224</load_address>
         <run_address>0x2000e224</run_address>
         <size>0x60</size>
         <input_file_ref idref="fl-96"/>
      </object_component>
      <object_component id="oc-144">
         <name>.text.printf</name>
         <load_address>0x2000e284</load_address>
         <run_address>0x2000e284</run_address>
         <size>0x60</size>
         <input_file_ref idref="fl-38"/>
      </object_component>
      <object_component id="oc-278">
         <name>.text.FlashDisable</name>
         <load_address>0x2000e2e4</load_address>
         <run_address>0x2000e2e4</run_address>
         <size>0x5c</size>
         <input_file_ref idref="fl-2c"/>
      </object_component>
      <object_component id="oc-16a">
         <name>.text.PRCMHibernateWakeupSourceDisable</name>
         <load_address>0x2000e340</load_address>
         <run_address>0x2000e340</run_address>
         <size>0x5c</size>
         <input_file_ref idref="fl-27"/>
      </object_component>
      <object_component id="oc-191">
         <name>.text.TimerCC32XX_allocateTimerResource</name>
         <load_address>0x2000e39c</load_address>
         <run_address>0x2000e39c</run_address>
         <size>0x5c</size>
         <input_file_ref idref="fl-19"/>
      </object_component>
      <object_component id="oc-104">
         <name>.text.PRCMPeripheralClkEnable</name>
         <load_address>0x2000e3f8</load_address>
         <run_address>0x2000e3f8</run_address>
         <size>0x5a</size>
         <input_file_ref idref="fl-27"/>
      </object_component>
      <object_component id="oc-136">
         <name>.text.Timer_init</name>
         <load_address>0x2000e452</load_address>
         <run_address>0x2000e452</run_address>
         <size>0x2</size>
         <input_file_ref idref="fl-18"/>
      </object_component>
      <object_component id="oc-211">
         <name>.text.ClockP_startup</name>
         <load_address>0x2000e454</load_address>
         <run_address>0x2000e454</run_address>
         <size>0x58</size>
         <input_file_ref idref="fl-1d"/>
      </object_component>
      <object_component id="oc-318">
         <name>.text.HOSTlseek</name>
         <load_address>0x2000e4ac</load_address>
         <run_address>0x2000e4ac</run_address>
         <size>0x58</size>
         <input_file_ref idref="fl-99"/>
      </object_component>
      <object_component id="oc-308">
         <name>.text.HOSTopen</name>
         <load_address>0x2000e504</load_address>
         <run_address>0x2000e504</run_address>
         <size>0x58</size>
         <input_file_ref idref="fl-9a"/>
      </object_component>
      <object_component id="oc-208">
         <name>.text.IntPrioritySet</name>
         <load_address>0x2000e55c</load_address>
         <run_address>0x2000e55c</run_address>
         <size>0x58</size>
         <input_file_ref idref="fl-25"/>
      </object_component>
      <object_component id="oc-1a7">
         <name>.text.blinkOk</name>
         <load_address>0x2000e5b4</load_address>
         <run_address>0x2000e5b4</run_address>
         <size>0x58</size>
         <input_file_ref idref="fl-1"/>
      </object_component>
      <object_component id="oc-22a">
         <name>.text.PRCMLPDSEnter</name>
         <load_address>0x2000e60c</load_address>
         <run_address>0x2000e60c</run_address>
         <size>0x56</size>
         <input_file_ref idref="fl-27"/>
      </object_component>
      <object_component id="oc-26c">
         <name>.text.__aeabi_ldiv0</name>
         <load_address>0x2000e662</load_address>
         <run_address>0x2000e662</run_address>
         <size>0x2</size>
         <input_file_ref idref="fl-ab"/>
      </object_component>
      <object_component id="oc-205">
         <name>.text.GPIO_toggle</name>
         <load_address>0x2000e664</load_address>
         <run_address>0x2000e664</run_address>
         <size>0x54</size>
         <input_file_ref idref="fl-15"/>
      </object_component>
      <object_component id="oc-310">
         <name>.text.HOSTread</name>
         <load_address>0x2000e6b8</load_address>
         <run_address>0x2000e6b8</run_address>
         <size>0x54</size>
         <input_file_ref idref="fl-9b"/>
      </object_component>
      <object_component id="oc-314">
         <name>.text.HOSTwrite</name>
         <load_address>0x2000e70c</load_address>
         <run_address>0x2000e70c</run_address>
         <size>0x54</size>
         <input_file_ref idref="fl-9e"/>
      </object_component>
      <object_component id="oc-18a">
         <name>.text.PowerCC32XX_setParkState</name>
         <load_address>0x2000e760</load_address>
         <run_address>0x2000e760</run_address>
         <size>0x54</size>
         <input_file_ref idref="fl-16"/>
      </object_component>
      <object_component id="oc-232">
         <name>.text.Power_releaseDependency</name>
         <load_address>0x2000e7b4</load_address>
         <run_address>0x2000e7b4</run_address>
         <size>0x54</size>
         <input_file_ref idref="fl-16"/>
      </object_component>
      <object_component id="oc-ea">
         <name>.text.initTimer</name>
         <load_address>0x2000e808</load_address>
         <run_address>0x2000e808</run_address>
         <size>0x54</size>
         <input_file_ref idref="fl-1"/>
      </object_component>
      <object_component id="oc-154">
         <name>.text.GPIO_hwiIntFxn</name>
         <load_address>0x2000e85c</load_address>
         <run_address>0x2000e85c</run_address>
         <size>0x50</size>
         <input_file_ref idref="fl-15"/>
      </object_component>
      <object_component id="oc-169">
         <name>.text.PRCMHibernateWakeupSourceEnable</name>
         <load_address>0x2000e8ac</load_address>
         <run_address>0x2000e8ac</run_address>
         <size>0x50</size>
         <input_file_ref idref="fl-27"/>
      </object_component>
      <object_component id="oc-1d1">
         <name>.text.SemaphoreP_construct</name>
         <load_address>0x2000e8fc</load_address>
         <run_address>0x2000e8fc</run_address>
         <size>0x50</size>
         <input_file_ref idref="fl-1c"/>
      </object_component>
      <object_component id="oc-1a9">
         <name>.text.brkBetweenWords</name>
         <load_address>0x2000e94c</load_address>
         <run_address>0x2000e94c</run_address>
         <size>0x50</size>
         <input_file_ref idref="fl-1"/>
      </object_component>
      <object_component id="oc-25c">
         <name>.text.__TI_doflush</name>
         <load_address>0x2000e99c</load_address>
         <run_address>0x2000e99c</run_address>
         <size>0x4e</size>
         <input_file_ref idref="fl-50"/>
      </object_component>
      <object_component id="oc-156">
         <name>.text._nop</name>
         <load_address>0x2000e9ea</load_address>
         <run_address>0x2000e9ea</run_address>
         <size>0x2</size>
         <input_file_ref idref="fl-42"/>
      </object_component>
      <object_component id="oc-151">
         <name>.text.GPIO_setInterruptConfig</name>
         <load_address>0x2000e9ec</load_address>
         <run_address>0x2000e9ec</run_address>
         <size>0x4c</size>
         <input_file_ref idref="fl-15"/>
      </object_component>
      <object_component id="oc-276">
         <name>.text.PRCMLPDSRestoreInfoSet</name>
         <load_address>0x2000ea38</load_address>
         <run_address>0x2000ea38</run_address>
         <size>0x4c</size>
         <input_file_ref idref="fl-27"/>
      </object_component>
      <object_component id="oc-196">
         <name>.text.initHw</name>
         <load_address>0x2000ea84</load_address>
         <run_address>0x2000ea84</run_address>
         <size>0x4c</size>
         <input_file_ref idref="fl-19"/>
      </object_component>
      <object_component id="oc-195">
         <name>.text.getPrescaler</name>
         <load_address>0x2000ead0</load_address>
         <run_address>0x2000ead0</run_address>
         <size>0x4a</size>
         <input_file_ref idref="fl-19"/>
      </object_component>
      <object_component id="oc-4e">
         <name>.text.busFaultHandler</name>
         <load_address>0x2000eb1a</load_address>
         <run_address>0x2000eb1a</run_address>
         <size>0x2</size>
         <input_file_ref idref="fl-20"/>
      </object_component>
      <object_component id="oc-4f">
         <name>.text.ClockP_sysTickHandler</name>
         <load_address>0x2000eb1c</load_address>
         <run_address>0x2000eb1c</run_address>
         <size>0x48</size>
         <input_file_ref idref="fl-1d"/>
      </object_component>
      <object_component id="oc-224">
         <name>.text.PRCMIntEnable</name>
         <load_address>0x2000eb64</load_address>
         <run_address>0x2000eb64</run_address>
         <size>0x48</size>
         <input_file_ref idref="fl-27"/>
      </object_component>
      <object_component id="oc-1aa">
         <name>.text.PRCMPeripheralStatusGet</name>
         <load_address>0x2000ebac</load_address>
         <run_address>0x2000ebac</run_address>
         <size>0x48</size>
         <input_file_ref idref="fl-27"/>
      </object_component>
      <object_component id="oc-273">
         <name>.text.PinConfigGet</name>
         <load_address>0x2000ebf4</load_address>
         <run_address>0x2000ebf4</run_address>
         <size>0x48</size>
         <input_file_ref idref="fl-26"/>
      </object_component>
      <object_component id="oc-1a6">
         <name>.text.blinkS</name>
         <load_address>0x2000ec3c</load_address>
         <run_address>0x2000ec3c</run_address>
         <size>0x48</size>
         <input_file_ref idref="fl-1"/>
      </object_component>
      <object_component id="oc-229">
         <name>.text.PRCMLPDSEnterKeepDebugIf</name>
         <load_address>0x2000ec84</load_address>
         <run_address>0x2000ec84</run_address>
         <size>0x46</size>
         <input_file_ref idref="fl-27"/>
      </object_component>
      <object_component id="oc-150">
         <name>.text.GPIODirModeSet</name>
         <load_address>0x2000ecca</load_address>
         <run_address>0x2000ecca</run_address>
         <size>0x44</size>
         <input_file_ref idref="fl-23"/>
      </object_component>
      <object_component id="oc-17e">
         <name>.text.clkFxn</name>
         <load_address>0x2000ed0e</load_address>
         <run_address>0x2000ed0e</run_address>
         <size>0x2</size>
         <input_file_ref idref="fl-1c"/>
      </object_component>
      <object_component id="oc-1ae">
         <name>.text.GPIO_disableInt</name>
         <load_address>0x2000ed10</load_address>
         <run_address>0x2000ed10</run_address>
         <size>0x44</size>
         <input_file_ref idref="fl-15"/>
      </object_component>
      <object_component id="oc-e9">
         <name>.text.GPIO_enableInt</name>
         <load_address>0x2000ed54</load_address>
         <run_address>0x2000ed54</run_address>
         <size>0x44</size>
         <input_file_ref idref="fl-15"/>
      </object_component>
      <object_component id="oc-31c">
         <name>.text.HOSTunlink</name>
         <load_address>0x2000ed98</load_address>
         <run_address>0x2000ed98</run_address>
         <size>0x44</size>
         <input_file_ref idref="fl-9d"/>
      </object_component>
      <object_component id="oc-27f">
         <name>.text.Power_releaseConstraint</name>
         <load_address>0x2000eddc</load_address>
         <run_address>0x2000eddc</run_address>
         <size>0x44</size>
         <input_file_ref idref="fl-16"/>
      </object_component>
      <object_component id="oc-143">
         <name>.text.Timer_start</name>
         <load_address>0x2000ee20</load_address>
         <run_address>0x2000ee20</run_address>
         <size>0x44</size>
         <input_file_ref idref="fl-18"/>
      </object_component>
      <object_component id="oc-73">
         <name>.text.addToList</name>
         <load_address>0x2000ee64</load_address>
         <run_address>0x2000ee64</run_address>
         <size>0x44</size>
         <input_file_ref idref="fl-1d"/>
      </object_component>
      <object_component id="oc-10c">
         <name>.text.PinModeSet</name>
         <load_address>0x2000eea8</load_address>
         <run_address>0x2000eea8</run_address>
         <size>0x42</size>
         <input_file_ref idref="fl-26"/>
      </object_component>
      <object_component id="oc-1e7">
         <name>.text.TimerControlStall</name>
         <load_address>0x2000eeea</load_address>
         <run_address>0x2000eeea</run_address>
         <size>0x42</size>
         <input_file_ref idref="fl-2a"/>
      </object_component>
      <object_component id="oc-194">
         <name>.text.Timer_close</name>
         <load_address>0x2000ef2c</load_address>
         <run_address>0x2000ef2c</run_address>
         <size>0x42</size>
         <input_file_ref idref="fl-19"/>
      </object_component>
      <object_component id="oc-1bd">
         <name>.text.getCountsRTC</name>
         <load_address>0x2000ef6e</load_address>
         <run_address>0x2000ef6e</run_address>
         <size>0x42</size>
         <input_file_ref idref="fl-1f"/>
      </object_component>
      <object_component id="oc-120">
         <name>.text.SemaphoreP_post</name>
         <load_address>0x2000efb0</load_address>
         <run_address>0x2000efb0</run_address>
         <size>0x40</size>
         <input_file_ref idref="fl-1c"/>
      </object_component>
      <object_component id="oc-1da">
         <name>.text.Timer_stop</name>
         <load_address>0x2000eff0</load_address>
         <run_address>0x2000eff0</run_address>
         <size>0x40</size>
         <input_file_ref idref="fl-18"/>
      </object_component>
      <object_component id="oc-275">
         <name>.text.PinDirModeSet</name>
         <load_address>0x2000f030</load_address>
         <run_address>0x2000f030</run_address>
         <size>0x3e</size>
         <input_file_ref idref="fl-26"/>
      </object_component>
      <object_component id="oc-4d">
         <name>.text.defaultHandler</name>
         <load_address>0x2000f06e</load_address>
         <run_address>0x2000f06e</run_address>
         <size>0x2</size>
         <input_file_ref idref="fl-20"/>
      </object_component>
      <object_component id="oc-1d5">
         <name>.text.ClockP_stop</name>
         <load_address>0x2000f070</load_address>
         <run_address>0x2000f070</run_address>
         <size>0x3c</size>
         <input_file_ref idref="fl-1d"/>
      </object_component>
      <object_component id="oc-30c">
         <name>.text.HOSTclose</name>
         <load_address>0x2000f0ac</load_address>
         <run_address>0x2000f0ac</run_address>
         <size>0x3c</size>
         <input_file_ref idref="fl-98"/>
      </object_component>
      <object_component id="oc-19e">
         <name>.text.TimerSupport_timerEnable</name>
         <load_address>0x2000f0e8</load_address>
         <run_address>0x2000f0e8</run_address>
         <size>0x3a</size>
         <input_file_ref idref="fl-19"/>
      </object_component>
      <object_component id="oc-4c">
         <name>.text.faultISR</name>
         <load_address>0x2000f122</load_address>
         <run_address>0x2000f122</run_address>
         <size>0x2</size>
         <input_file_ref idref="fl-20"/>
      </object_component>
      <object_component id="oc-17d">
         <name>.text.ClockP_destruct</name>
         <load_address>0x2000f124</load_address>
         <run_address>0x2000f124</run_address>
         <size>0x38</size>
         <input_file_ref idref="fl-1d"/>
      </object_component>
      <object_component id="oc-1ec">
         <name>.text.Power_setConstraint</name>
         <load_address>0x2000f15c</load_address>
         <run_address>0x2000f15c</run_address>
         <size>0x38</size>
         <input_file_ref idref="fl-16"/>
      </object_component>
      <object_component id="oc-1ce">
         <name>.text.SwiP_restore</name>
         <load_address>0x2000f194</load_address>
         <run_address>0x2000f194</run_address>
         <size>0x38</size>
         <input_file_ref idref="fl-21"/>
      </object_component>
      <object_component id="oc-b5">
         <name>.text:__TI_auto_init_nobinit_nopinit</name>
         <load_address>0x2000f1cc</load_address>
         <run_address>0x2000f1cc</run_address>
         <size>0x38</size>
         <input_file_ref idref="fl-55"/>
      </object_component>
      <object_component id="oc-21f">
         <name>.text.PinLock</name>
         <load_address>0x2000f204</load_address>
         <run_address>0x2000f204</run_address>
         <size>0x36</size>
         <input_file_ref idref="fl-26"/>
      </object_component>
      <object_component id="oc-19b">
         <name>.text.TimerCC32XX_hwiIntFunction</name>
         <load_address>0x2000f23a</load_address>
         <run_address>0x2000f23a</run_address>
         <size>0x36</size>
         <input_file_ref idref="fl-19"/>
      </object_component>
      <object_component id="oc-17a">
         <name>.text.ClockP_start</name>
         <load_address>0x2000f270</load_address>
         <run_address>0x2000f270</run_address>
         <size>0x34</size>
         <input_file_ref idref="fl-1d"/>
      </object_component>
      <object_component id="oc-274">
         <name>.text.PinDirModeGet</name>
         <load_address>0x2000f2a4</load_address>
         <run_address>0x2000f2a4</run_address>
         <size>0x34</size>
         <input_file_ref idref="fl-26"/>
      </object_component>
      <object_component id="oc-107">
         <name>.text.PinModeGet</name>
         <load_address>0x2000f2d8</load_address>
         <run_address>0x2000f2d8</run_address>
         <size>0x34</size>
         <input_file_ref idref="fl-26"/>
      </object_component>
      <object_component id="oc-21c">
         <name>.text.PowerCC32XX_parkPin</name>
         <load_address>0x2000f30c</load_address>
         <run_address>0x2000f30c</run_address>
         <size>0x34</size>
         <input_file_ref idref="fl-16"/>
      </object_component>
      <object_component id="oc-1df">
         <name>.text.TimerCC32XX_freeTimerResource</name>
         <load_address>0x2000f340</load_address>
         <run_address>0x2000f340</run_address>
         <size>0x34</size>
         <input_file_ref idref="fl-19"/>
      </object_component>
      <object_component id="oc-2ee">
         <name>.text.__TI_cleanup</name>
         <load_address>0x2000f374</load_address>
         <run_address>0x2000f374</run_address>
         <size>0x34</size>
         <input_file_ref idref="fl-51"/>
      </object_component>
      <object_component id="oc-334">
         <name>.text.__TI_writemsg</name>
         <load_address>0x2000f3a8</load_address>
         <run_address>0x2000f3a8</run_address>
         <size>0x34</size>
         <input_file_ref idref="fl-9f"/>
      </object_component>
      <object_component id="oc-367">
         <name>.text.finddevice</name>
         <load_address>0x2000f3dc</load_address>
         <run_address>0x2000f3dc</run_address>
         <size>0x34</size>
         <input_file_ref idref="fl-ac"/>
      </object_component>
      <object_component id="oc-46">
         <name>.text.initVectors</name>
         <load_address>0x2000f410</load_address>
         <run_address>0x2000f410</run_address>
         <size>0x34</size>
         <input_file_ref idref="fl-20"/>
      </object_component>
      <object_component id="oc-1ba">
         <name>.text.ClockP_getTicksUntilInterrupt</name>
         <load_address>0x2000f444</load_address>
         <run_address>0x2000f444</run_address>
         <size>0x30</size>
         <input_file_ref idref="fl-1d"/>
      </object_component>
      <object_component id="oc-1c7">
         <name>.text.PRCMLPDSIntervalSet</name>
         <load_address>0x2000f474</load_address>
         <run_address>0x2000f474</run_address>
         <size>0x30</size>
         <input_file_ref idref="fl-27"/>
      </object_component>
      <object_component id="oc-212">
         <name>.text.PRCMSlowClkCtrFastGet</name>
         <load_address>0x2000f4a4</load_address>
         <run_address>0x2000f4a4</run_address>
         <size>0x30</size>
         <input_file_ref idref="fl-27"/>
      </object_component>
      <object_component id="oc-1e6">
         <name>.text.TimerLoadSet</name>
         <load_address>0x2000f4d4</load_address>
         <run_address>0x2000f4d4</run_address>
         <size>0x30</size>
         <input_file_ref idref="fl-2a"/>
      </object_component>
      <object_component id="oc-1e5">
         <name>.text.TimerPrescaleSet</name>
         <load_address>0x2000f504</load_address>
         <run_address>0x2000f504</run_address>
         <size>0x30</size>
         <input_file_ref idref="fl-2a"/>
      </object_component>
      <object_component id="oc-33a">
         <name>.text.__TI_readmsg</name>
         <load_address>0x2000f534</load_address>
         <run_address>0x2000f534</run_address>
         <size>0x30</size>
         <input_file_ref idref="fl-9f"/>
      </object_component>
      <object_component id="oc-1a8">
         <name>.text.blinkO</name>
         <load_address>0x2000f564</load_address>
         <run_address>0x2000f564</run_address>
         <size>0x30</size>
         <input_file_ref idref="fl-1"/>
      </object_component>
      <object_component id="oc-b3">
         <name>.text.exit</name>
         <load_address>0x2000f594</load_address>
         <run_address>0x2000f594</run_address>
         <size>0x30</size>
         <input_file_ref idref="fl-41"/>
      </object_component>
      <object_component id="oc-21a">
         <name>.text.notify</name>
         <load_address>0x2000f5c4</load_address>
         <run_address>0x2000f5c4</run_address>
         <size>0x30</size>
         <input_file_ref idref="fl-16"/>
      </object_component>
      <object_component id="oc-1b0">
         <name>.text.GPIOIntStatus</name>
         <load_address>0x2000f5f4</load_address>
         <run_address>0x2000f5f4</run_address>
         <size>0x2e</size>
         <input_file_ref idref="fl-23"/>
      </object_component>
      <object_component id="oc-4b">
         <name>.text.nmiISR</name>
         <load_address>0x2000f622</load_address>
         <run_address>0x2000f622</run_address>
         <size>0x2</size>
         <input_file_ref idref="fl-20"/>
      </object_component>
      <object_component id="oc-2fb">
         <name>.text.lseek</name>
         <load_address>0x2000f624</load_address>
         <run_address>0x2000f624</run_address>
         <size>0x2c</size>
         <input_file_ref idref="fl-95"/>
      </object_component>
      <object_component id="oc-355">
         <name>.text.unlink</name>
         <load_address>0x2000f650</load_address>
         <run_address>0x2000f650</run_address>
         <size>0x2c</size>
         <input_file_ref idref="fl-97"/>
      </object_component>
      <object_component id="oc-258">
         <name>.text.write</name>
         <load_address>0x2000f67c</load_address>
         <run_address>0x2000f67c</run_address>
         <size>0x2c</size>
         <input_file_ref idref="fl-91"/>
      </object_component>
      <object_component id="oc-14f">
         <name>.text.HwiP_create</name>
         <load_address>0x2000f6a8</load_address>
         <run_address>0x2000f6a8</run_address>
         <size>0x2a</size>
         <input_file_ref idref="fl-1e"/>
      </object_component>
      <object_component id="oc-167">
         <name>.text.PRCMLPDSWakeUpGPIOSelect</name>
         <load_address>0x2000f6d2</load_address>
         <run_address>0x2000f6d2</run_address>
         <size>0x2a</size>
         <input_file_ref idref="fl-27"/>
      </object_component>
      <object_component id="oc-106">
         <name>.text.PRCMPeripheralClkDisable</name>
         <load_address>0x2000f6fc</load_address>
         <run_address>0x2000f6fc</run_address>
         <size>0x2a</size>
         <input_file_ref idref="fl-27"/>
      </object_component>
      <object_component id="oc-22f">
         <name>.text.List_remove</name>
         <load_address>0x2000f726</load_address>
         <run_address>0x2000f726</run_address>
         <size>0x28</size>
         <input_file_ref idref="fl-1a"/>
      </object_component>
      <object_component id="oc-21b">
         <name>.text.PRCMSRAMRetentionEnable</name>
         <load_address>0x2000f74e</load_address>
         <run_address>0x2000f74e</run_address>
         <size>0x28</size>
         <input_file_ref idref="fl-27"/>
      </object_component>
      <object_component id="oc-22e">
         <name>.text.TimerSupport_timerDisable</name>
         <load_address>0x2000f776</load_address>
         <run_address>0x2000f776</run_address>
         <size>0x28</size>
         <input_file_ref idref="fl-19"/>
      </object_component>
      <object_component id="oc-1d4">
         <name>.text.free_list_insert</name>
         <load_address>0x2000f7a0</load_address>
         <run_address>0x2000f7a0</run_address>
         <size>0x28</size>
         <input_file_ref idref="fl-48"/>
      </object_component>
      <object_component id="oc-282">
         <name>.text.IntUnregister</name>
         <load_address>0x2000f7c8</load_address>
         <run_address>0x2000f7c8</run_address>
         <size>0x24</size>
         <input_file_ref idref="fl-25"/>
      </object_component>
      <object_component id="oc-17f">
         <name>.text.List_put</name>
         <load_address>0x2000f7ec</load_address>
         <run_address>0x2000f7ec</run_address>
         <size>0x24</size>
         <input_file_ref idref="fl-1a"/>
      </object_component>
      <object_component id="oc-165">
         <name>.text.PRCMLPDSWakeupSourceEnable</name>
         <load_address>0x2000f810</load_address>
         <run_address>0x2000f810</run_address>
         <size>0x24</size>
         <input_file_ref idref="fl-27"/>
      </object_component>
      <object_component id="oc-226">
         <name>.text.PowerCC32XX_restoreParkedPin</name>
         <load_address>0x2000f834</load_address>
         <run_address>0x2000f834</run_address>
         <size>0x24</size>
         <input_file_ref idref="fl-16"/>
      </object_component>
      <object_component id="oc-11f">
         <name>.text.Power_registerNotify</name>
         <load_address>0x2000f858</load_address>
         <run_address>0x2000f858</run_address>
         <size>0x24</size>
         <input_file_ref idref="fl-16"/>
      </object_component>
      <object_component id="oc-6c">
         <name>.text:_c_int00_noargs</name>
         <load_address>0x2000f87c</load_address>
         <run_address>0x2000f87c</run_address>
         <size>0x24</size>
         <input_file_ref idref="fl-4c"/>
      </object_component>
      <object_component id="oc-12c">
         <name>.text.GPIOPinWrite</name>
         <load_address>0x2000f8a0</load_address>
         <run_address>0x2000f8a0</run_address>
         <size>0x22</size>
         <input_file_ref idref="fl-23"/>
      </object_component>
      <object_component id="oc-225">
         <name>.text.PinUnlock</name>
         <load_address>0x2000f8c2</load_address>
         <run_address>0x2000f8c2</run_address>
         <size>0x22</size>
         <input_file_ref idref="fl-26"/>
      </object_component>
      <object_component id="oc-207">
         <name>.text.IntRegister</name>
         <load_address>0x2000f8e4</load_address>
         <run_address>0x2000f8e4</run_address>
         <size>0x20</size>
         <input_file_ref idref="fl-25"/>
      </object_component>
      <object_component id="oc-1db">
         <name>.text.Power_unregisterNotify</name>
         <load_address>0x2000f904</load_address>
         <run_address>0x2000f904</run_address>
         <size>0x20</size>
         <input_file_ref idref="fl-16"/>
      </object_component>
      <object_component id="oc-192">
         <name>.text.SemaphoreP_constructBinary</name>
         <load_address>0x2000f924</load_address>
         <run_address>0x2000f924</run_address>
         <size>0x20</size>
         <input_file_ref idref="fl-1c"/>
      </object_component>
      <object_component id="oc-115">
         <name>.text.SemaphoreP_createBinary</name>
         <load_address>0x2000f944</load_address>
         <run_address>0x2000f944</run_address>
         <size>0x20</size>
         <input_file_ref idref="fl-1c"/>
      </object_component>
      <object_component id="oc-1e0">
         <name>.text.TimerDisable</name>
         <load_address>0x2000f964</load_address>
         <run_address>0x2000f964</run_address>
         <size>0x20</size>
         <input_file_ref idref="fl-2a"/>
      </object_component>
      <object_component id="oc-236">
         <name>.text.memccpy</name>
         <load_address>0x2000f984</load_address>
         <run_address>0x2000f984</run_address>
         <size>0x1e</size>
         <input_file_ref idref="fl-47"/>
      </object_component>
      <object_component id="oc-e4">
         <name>.text.GPIO_setCallback</name>
         <load_address>0x2000f9a4</load_address>
         <run_address>0x2000f9a4</run_address>
         <size>0x1c</size>
         <input_file_ref idref="fl-14"/>
      </object_component>
      <object_component id="oc-20c">
         <name>.text.HwiP_dispatch</name>
         <load_address>0x2000f9c0</load_address>
         <run_address>0x2000f9c0</run_address>
         <size>0x1c</size>
         <input_file_ref idref="fl-1e"/>
      </object_component>
      <object_component id="oc-1b3">
         <name>.text.SwiP_disable</name>
         <load_address>0x2000f9dc</load_address>
         <run_address>0x2000f9dc</run_address>
         <size>0x1c</size>
         <input_file_ref idref="fl-21"/>
      </object_component>
      <object_component id="oc-1d3">
         <name>.text.free_list_remove</name>
         <load_address>0x2000f9f8</load_address>
         <run_address>0x2000f9f8</run_address>
         <size>0x1c</size>
         <input_file_ref idref="fl-48"/>
      </object_component>
      <object_component id="oc-1d8">
         <name>.text.getPowerMgrId</name>
         <load_address>0x2000fa14</load_address>
         <run_address>0x2000fa14</run_address>
         <size>0x1c</size>
         <input_file_ref idref="fl-19"/>
      </object_component>
      <object_component id="oc-21">
         <name>.text.resetISR</name>
         <load_address>0x2000fa30</load_address>
         <run_address>0x2000fa30</run_address>
         <size>0x1c</size>
         <input_file_ref idref="fl-20"/>
      </object_component>
      <object_component id="oc-20d">
         <name>.text.GPIOIntDisable</name>
         <load_address>0x2000fa4c</load_address>
         <run_address>0x2000fa4c</run_address>
         <size>0x1a</size>
         <input_file_ref idref="fl-23"/>
      </object_component>
      <object_component id="oc-103">
         <name>.text.PRCMHIBRegRead</name>
         <load_address>0x2000fa66</load_address>
         <run_address>0x2000fa66</run_address>
         <size>0x1a</size>
         <input_file_ref idref="fl-27"/>
      </object_component>
      <object_component id="oc-102">
         <name>.text.PRCMHIBRegWrite</name>
         <load_address>0x2000fa80</load_address>
         <run_address>0x2000fa80</run_address>
         <size>0x1a</size>
         <input_file_ref idref="fl-27"/>
      </object_component>
      <object_component id="oc-166">
         <name>.text.PRCMLPDSWakeupSourceDisable</name>
         <load_address>0x2000fa9a</load_address>
         <run_address>0x2000fa9a</run_address>
         <size>0x1a</size>
         <input_file_ref idref="fl-27"/>
      </object_component>
      <object_component id="oc-21e">
         <name>.text.PinToPadGet</name>
         <load_address>0x2000fab4</load_address>
         <run_address>0x2000fab4</run_address>
         <size>0x1a</size>
         <input_file_ref idref="fl-26"/>
      </object_component>
      <object_component id="oc-1ed">
         <name>.text.TimerEnable</name>
         <load_address>0x2000face</load_address>
         <run_address>0x2000face</run_address>
         <size>0x1a</size>
         <input_file_ref idref="fl-2a"/>
      </object_component>
      <object_component id="oc-135">
         <name>.text.GPIOIntEnable</name>
         <load_address>0x2000fae8</load_address>
         <run_address>0x2000fae8</run_address>
         <size>0x18</size>
         <input_file_ref idref="fl-23"/>
      </object_component>
      <object_component id="oc-266">
         <name>.text.GPIOPinRead</name>
         <load_address>0x2000fb00</load_address>
         <run_address>0x2000fb00</run_address>
         <size>0x18</size>
         <input_file_ref idref="fl-23"/>
      </object_component>
      <object_component id="oc-173">
         <name>.text.SemaphoreP_create</name>
         <load_address>0x2000fb18</load_address>
         <run_address>0x2000fb18</run_address>
         <size>0x18</size>
         <input_file_ref idref="fl-1c"/>
      </object_component>
      <object_component id="oc-9c">
         <name>.text.Board_init</name>
         <load_address>0x2000fb30</load_address>
         <run_address>0x2000fb30</run_address>
         <size>0x16</size>
         <input_file_ref idref="fl-2"/>
      </object_component>
      <object_component id="oc-1ca">
         <name>.text.SysTickPeriodSet</name>
         <load_address>0x2000fb46</load_address>
         <run_address>0x2000fb46</run_address>
         <size>0x16</size>
         <input_file_ref idref="fl-29"/>
      </object_component>
      <object_component id="oc-27e">
         <name>.text.TimerIntDisable</name>
         <load_address>0x2000fb5c</load_address>
         <run_address>0x2000fb5c</run_address>
         <size>0x16</size>
         <input_file_ref idref="fl-2a"/>
      </object_component>
      <object_component id="oc-62">
         <name>.text.CPUcpsid</name>
         <load_address>0x2000fb72</load_address>
         <run_address>0x2000fb72</run_address>
         <size>0x14</size>
         <input_file_ref idref="fl-22"/>
      </object_component>
      <object_component id="oc-18b">
         <name>.text.CPUcpsie</name>
         <load_address>0x2000fb86</load_address>
         <run_address>0x2000fb86</run_address>
         <size>0x14</size>
         <input_file_ref idref="fl-22"/>
      </object_component>
      <object_component id="oc-231">
         <name>.text.HwiP_destruct</name>
         <load_address>0x2000fb9a</load_address>
         <run_address>0x2000fb9a</run_address>
         <size>0x14</size>
         <input_file_ref idref="fl-1e"/>
      </object_component>
      <object_component id="oc-69">
         <name>.text.IntVTableBaseSet</name>
         <load_address>0x2000fbae</load_address>
         <run_address>0x2000fbae</run_address>
         <size>0x14</size>
         <input_file_ref idref="fl-25"/>
      </object_component>
      <object_component id="oc-186">
         <name>.text.Power_disablePolicy</name>
         <load_address>0x2000fbc4</load_address>
         <run_address>0x2000fbc4</run_address>
         <size>0x14</size>
         <input_file_ref idref="fl-16"/>
      </object_component>
      <object_component id="oc-1bb">
         <name>.text.Power_getTransitionLatency</name>
         <load_address>0x2000fbd8</load_address>
         <run_address>0x2000fbd8</run_address>
         <size>0x14</size>
         <input_file_ref idref="fl-16"/>
      </object_component>
      <object_component id="oc-1d2">
         <name>.text.Power_idleFunc</name>
         <load_address>0x2000fbec</load_address>
         <run_address>0x2000fbec</run_address>
         <size>0x14</size>
         <input_file_ref idref="fl-16"/>
      </object_component>
      <object_component id="oc-1eb">
         <name>.text.TimerIntEnable</name>
         <load_address>0x2000fc00</load_address>
         <run_address>0x2000fc00</run_address>
         <size>0x14</size>
         <input_file_ref idref="fl-2a"/>
      </object_component>
      <object_component id="oc-ec">
         <name>.text.gpioButtonFxn0</name>
         <load_address>0x2000fc14</load_address>
         <run_address>0x2000fc14</run_address>
         <size>0x14</size>
         <input_file_ref idref="fl-1"/>
      </object_component>
      <object_component id="oc-ed">
         <name>.text.gpioButtonFxn1</name>
         <load_address>0x2000fc28</load_address>
         <run_address>0x2000fc28</run_address>
         <size>0x14</size>
         <input_file_ref idref="fl-1"/>
      </object_component>
      <object_component id="oc-5e">
         <name>.text</name>
         <load_address>0x2000fc3c</load_address>
         <run_address>0x2000fc3c</run_address>
         <size>0x14</size>
         <input_file_ref idref="fl-a7"/>
      </object_component>
      <object_component id="oc-1be">
         <name>.text</name>
         <load_address>0x2000fc50</load_address>
         <run_address>0x2000fc50</run_address>
         <size>0x14</size>
         <input_file_ref idref="fl-a8"/>
      </object_component>
      <object_component id="oc-179">
         <name>.text.ClockP_add</name>
         <load_address>0x2000fc64</load_address>
         <run_address>0x2000fc64</run_address>
         <size>0x12</size>
         <input_file_ref idref="fl-1d"/>
      </object_component>
      <object_component id="oc-1af">
         <name>.text.GPIOIntClear</name>
         <load_address>0x2000fc76</load_address>
         <run_address>0x2000fc76</run_address>
         <size>0x12</size>
         <input_file_ref idref="fl-23"/>
      </object_component>
      <object_component id="oc-14e">
         <name>.text.HwiP_Params_init</name>
         <load_address>0x2000fc88</load_address>
         <run_address>0x2000fc88</run_address>
         <size>0x12</size>
         <input_file_ref idref="fl-1e"/>
      </object_component>
      <object_component id="oc-1dd">
         <name>.text.HwiP_delete</name>
         <load_address>0x2000fc9a</load_address>
         <run_address>0x2000fc9a</run_address>
         <size>0x12</size>
         <input_file_ref idref="fl-1e"/>
      </object_component>
      <object_component id="oc-1cb">
         <name>.text.SysTickEnable</name>
         <load_address>0x2000fcac</load_address>
         <run_address>0x2000fcac</run_address>
         <size>0x12</size>
         <input_file_ref idref="fl-29"/>
      </object_component>
      <object_component id="oc-1c2">
         <name>.text.SysTickIntDisable</name>
         <load_address>0x2000fcbe</load_address>
         <run_address>0x2000fcbe</run_address>
         <size>0x12</size>
         <input_file_ref idref="fl-29"/>
      </object_component>
      <object_component id="oc-1cc">
         <name>.text.SysTickIntEnable</name>
         <load_address>0x2000fcd0</load_address>
         <run_address>0x2000fcd0</run_address>
         <size>0x12</size>
         <input_file_ref idref="fl-29"/>
      </object_component>
      <object_component id="oc-77">
         <name>.text:TI_memcpy_small</name>
         <load_address>0x2000fce2</load_address>
         <run_address>0x2000fce2</run_address>
         <size>0x12</size>
         <input_file_ref idref="fl-ad"/>
      </object_component>
      <object_component id="oc-193">
         <name>.text.ClockP_getCpuFreq</name>
         <load_address>0x2000fcf4</load_address>
         <run_address>0x2000fcf4</run_address>
         <size>0x10</size>
         <input_file_ref idref="fl-1d"/>
      </object_component>
      <object_component id="oc-1bc">
         <name>.text.ClockP_getSystemTicks</name>
         <load_address>0x2000fd04</load_address>
         <run_address>0x2000fd04</run_address>
         <size>0x10</size>
         <input_file_ref idref="fl-1d"/>
      </object_component>
      <object_component id="oc-1c9">
         <name>.text.ClockP_setTicks</name>
         <load_address>0x2000fd14</load_address>
         <run_address>0x2000fd14</run_address>
         <size>0x10</size>
         <input_file_ref idref="fl-1d"/>
      </object_component>
      <object_component id="oc-185">
         <name>.text.HwiP_inISR</name>
         <load_address>0x2000fd24</load_address>
         <run_address>0x2000fd24</run_address>
         <size>0x10</size>
         <input_file_ref idref="fl-1e"/>
      </object_component>
      <object_component id="oc-17c">
         <name>.text.Power_enablePolicy</name>
         <load_address>0x2000fd34</load_address>
         <run_address>0x2000fd34</run_address>
         <size>0x10</size>
         <input_file_ref idref="fl-16"/>
      </object_component>
      <object_component id="oc-1ea">
         <name>.text.TimerIntClear</name>
         <load_address>0x2000fd44</load_address>
         <run_address>0x2000fd44</run_address>
         <size>0x10</size>
         <input_file_ref idref="fl-2a"/>
      </object_component>
      <object_component id="oc-13b">
         <name>.text.Timer_Params_init</name>
         <load_address>0x2000fd54</load_address>
         <run_address>0x2000fd54</run_address>
         <size>0x10</size>
         <input_file_ref idref="fl-18"/>
      </object_component>
      <object_component id="oc-85">
         <name>.text.main</name>
         <load_address>0x2000fd64</load_address>
         <run_address>0x2000fd64</run_address>
         <size>0x10</size>
         <input_file_ref idref="fl-3"/>
      </object_component>
      <object_component id="oc-40">
         <name>.text:decompress:ZI</name>
         <load_address>0x2000fd74</load_address>
         <run_address>0x2000fd74</run_address>
         <size>0x10</size>
         <input_file_ref idref="fl-49"/>
      </object_component>
      <object_component id="oc-34e">
         <name>.text.strcpy</name>
         <load_address>0x2000fd84</load_address>
         <run_address>0x2000fd84</run_address>
         <size>0xe</size>
         <input_file_ref idref="fl-9c"/>
      </object_component>
      <object_component id="oc-235">
         <name>.text.strlen</name>
         <load_address>0x2000fd92</load_address>
         <run_address>0x2000fd92</run_address>
         <size>0xe</size>
         <input_file_ref idref="fl-39"/>
      </object_component>
      <object_component id="oc-34f">
[...]
         <value>0x2000d68d</value>
         <object_component_ref idref="oc-14c"/>
      </symbol>
      <symbol id="sm-34f">
         <name>PinDirModeGet</name>
         <value>0x2000f2a5</value>
         <object_component_ref idref="oc-274"/>
      </symbol>
      <symbol id="sm-350">
         <name>PinDirModeSet</name>
         <value>0x2000f031</value>
         <object_component_ref idref="oc-275"/>
      </symbol>
      <symbol id="sm-351">
         <name>PinLock</name>
         <value>0x2000f205</value>
         <object_component_ref idref="oc-21f"/>
      </symbol>
      <symbol id="sm-352">
         <name>PinLockLevelSet</name>
         <value>0x2000dce1</value>
         <object_component_ref idref="oc-21d"/>
      </symbol>
      <symbol id="sm-353">
         <name>PinModeGet</name>
         <value>0x2000f2d9</value>
         <object_component_ref idref="oc-107"/>
      </symbol>
      <symbol id="sm-354">
         <name>PinModeSet</name>
         <value>0x2000eea9</value>
         <object_component_ref idref="oc-10c"/>
      </symbol>
      <symbol id="sm-355">
         <name>PinToPadGet</name>
         <value>0x2000fab5</value>
         <object_component_ref idref="oc-21e"/>
      </symbol>
      <symbol id="sm-356">
         <name>PinUnlock</name>
         <value>0x2000f8c3</value>
         <object_component_ref idref="oc-225"/>
      </symbol>
      <symbol id="sm-408">
         <name>PRCMCC3200MCUInit</name>
         <value>0x2000c041</value>
         <object_component_ref idref="oc-c8"/>
      </symbol>
      <symbol id="sm-409">
         <name>PRCMHIBRegRead</name>
         <value>0x2000fa67</value>
         <object_component_ref idref="oc-103"/>
      </symbol>
      <symbol id="sm-40a">
         <name>PRCMHIBRegWrite</name>
         <value>0x2000fa81</value>
         <object_component_ref idref="oc-102"/>
      </symbol>
      <symbol id="sm-40b">
         <name>PRCMHibernateWakeUpGPIOSelect</name>
         <value>0x2000db85</value>
         <object_component_ref idref="oc-168"/>
      </symbol>
      <symbol id="sm-40c">
         <name>PRCMHibernateWakeupSourceDisable</name>
         <value>0x2000e341</value>
         <object_component_ref idref="oc-16a"/>
      </symbol>
      <symbol id="sm-40d">
         <name>PRCMHibernateWakeupSourceEnable</name>
         <value>0x2000e8ad</value>
         <object_component_ref idref="oc-169"/>
      </symbol>
      <symbol id="sm-40e">
         <name>PRCMIntEnable</name>
         <value>0x2000eb65</value>
         <object_component_ref idref="oc-224"/>
      </symbol>
      <symbol id="sm-40f">
         <name>PRCMLPDSEnter</name>
         <value>0x2000e60d</value>
         <object_component_ref idref="oc-22a"/>
      </symbol>
      <symbol id="sm-410">
         <name>PRCMLPDSEnterKeepDebugIf</name>
         <value>0x2000ec85</value>
         <object_component_ref idref="oc-229"/>
      </symbol>
      <symbol id="sm-411">
         <name>PRCMLPDSIntervalSet</name>
         <value>0x2000f475</value>
         <object_component_ref idref="oc-1c7"/>
      </symbol>
      <symbol id="sm-412">
         <name>PRCMLPDSRestoreInfoSet</name>
         <value>0x2000ea39</value>
         <object_component_ref idref="oc-276"/>
      </symbol>
      <symbol id="sm-413">
         <name>PRCMLPDSWakeUpGPIOSelect</name>
         <value>0x2000f6d3</value>
         <object_component_ref idref="oc-167"/>
      </symbol>
      <symbol id="sm-414">
         <name>PRCMLPDSWakeupCauseGet</name>
         <value>0x2000fdd7</value>
         <object_component_ref idref="oc-227"/>
      </symbol>
      <symbol id="sm-415">
         <name>PRCMLPDSWakeupSourceDisable</name>
         <value>0x2000fa9b</value>
         <object_component_ref idref="oc-166"/>
      </symbol>
      <symbol id="sm-416">
         <name>PRCMLPDSWakeupSourceEnable</name>
         <value>0x2000f811</value>
         <object_component_ref idref="oc-165"/>
      </symbol>
      <symbol id="sm-417">
         <name>PRCMPeripheralClkDisable</name>
         <value>0x2000f6fd</value>
         <object_component_ref idref="oc-106"/>
      </symbol>
      <symbol id="sm-418">
         <name>PRCMPeripheralClkEnable</name>
         <value>0x2000e3f9</value>
         <object_component_ref idref="oc-104"/>
      </symbol>
      <symbol id="sm-419">
         <name>PRCMPeripheralReset</name>
         <value>0x2000de91</value>
         <object_component_ref idref="oc-105"/>
      </symbol>
      <symbol id="sm-41a">
         <name>PRCMPeripheralStatusGet</name>
         <value>0x2000ebad</value>
         <object_component_ref idref="oc-1aa"/>
      </symbol>
      <symbol id="sm-41b">
         <name>PRCMSRAMRetentionEnable</name>
         <value>0x2000f74f</value>
         <object_component_ref idref="oc-21b"/>
      </symbol>
      <symbol id="sm-41c">
         <name>PRCMSleepEnter</name>
         <value>0x2000fe23</value>
         <object_component_ref idref="oc-1cd"/>
      </symbol>
      <symbol id="sm-41d">
         <name>PRCMSlowClkCtrFastGet</name>
         <value>0x2000f4a5</value>
         <object_component_ref idref="oc-212"/>
      </symbol>
      <symbol id="sm-41e">
         <name>PRCMSysResetCauseGet</name>
         <value>0x2000d8f9</value>
         <object_component_ref idref="oc-fd"/>
      </symbol>
      <symbol id="sm-43c">
         <name>SysTickEnable</name>
         <value>0x2000fcad</value>
         <object_component_ref idref="oc-1cb"/>
      </symbol>
      <symbol id="sm-43d">
         <name>SysTickIntDisable</name>
         <value>0x2000fcbf</value>
         <object_component_ref idref="oc-1c2"/>
      </symbol>
      <symbol id="sm-43e">
         <name>SysTickIntEnable</name>
         <value>0x2000fcd1</value>
         <object_component_ref idref="oc-1cc"/>
      </symbol>
      <symbol id="sm-43f">
         <name>SysTickPeriodSet</name>
         <value>0x2000fb47</value>
         <object_component_ref idref="oc-1ca"/>
      </symbol>
      <symbol id="sm-47e">
         <name>TimerControlStall</name>
         <value>0x2000eeeb</value>
         <object_component_ref idref="oc-1e7"/>
      </symbol>
      <symbol id="sm-47f">
         <name>TimerDisable</name>
         <value>0x2000f965</value>
         <object_component_ref idref="oc-1e0"/>
      </symbol>
      <symbol id="sm-480">
         <name>TimerEnable</name>
         <value>0x2000facf</value>
         <object_component_ref idref="oc-1ed"/>
      </symbol>
      <symbol id="sm-481">
         <name>TimerIntClear</name>
         <value>0x2000fd45</value>
         <object_component_ref idref="oc-1ea"/>
      </symbol>
      <symbol id="sm-482">
         <name>TimerIntDisable</name>
         <value>0x2000fb5d</value>
         <object_component_ref idref="oc-27e"/>
      </symbol>
      <symbol id="sm-483">
         <name>TimerIntEnable</name>
         <value>0x2000fc01</value>
         <object_component_ref idref="oc-1eb"/>
      </symbol>
      <symbol id="sm-484">
         <name>TimerLoadSet</name>
         <value>0x2000f4d5</value>
         <object_component_ref idref="oc-1e6"/>
      </symbol>
      <symbol id="sm-485">
         <name>TimerPrescaleSet</name>
         <value>0x2000f505</value>
         <object_component_ref idref="oc-1e5"/>
      </symbol>
      <symbol id="sm-490">
         <name>UtilsDelay</name>
         <value>0x2000fe2b</value>
         <object_component_ref idref="oc-fe"/>
      </symbol>
      <symbol id="sm-4bd">
         <name>FlashDisable</name>
         <value>0x2000e2e5</value>
         <object_component_ref idref="oc-278"/>
      </symbol>
      <symbol id="sm-4ce">
         <name>printf</name>
         <value>0x2000e285</value>
         <object_component_ref idref="oc-144"/>
      </symbol>
      <symbol id="sm-4e4">
         <name>__TI_printfi_minimal</name>
         <value>0x2000c8dd</value>
         <object_component_ref idref="oc-1ee"/>
      </symbol>
      <symbol id="sm-4ef">
         <name>fputc</name>
         <value>0x2000da11</value>
         <object_component_ref idref="oc-1ff"/>
      </symbol>
      <symbol id="sm-4fa">
         <name>fputs</name>
         <value>0x2000d135</value>
         <object_component_ref idref="oc-1f9"/>
      </symbol>
      <symbol id="sm-504">
         <name>__TI_wrt_ok</name>
         <value>0x2000e1c5</value>
         <object_component_ref idref="oc-252"/>
      </symbol>
      <symbol id="sm-50e">
         <name>setvbuf</name>
         <value>0x2000d225</value>
         <object_component_ref idref="oc-2c6"/>
      </symbol>
      <symbol id="sm-51f">
         <name>abort</name>
         <value>0x2000fe6b</value>
         <object_component_ref idref="oc-ae"/>
      </symbol>
      <symbol id="sm-520">
         <name>C$$EXIT</name>
         <value>0x2000fe6a</value>
         <object_component_ref idref="oc-ae"/>
      </symbol>
      <symbol id="sm-521">
         <name>__TI_cleanup_ptr</name>
         <value>0x200106a0</value>
         <object_component_ref idref="oc-f5"/>
      </symbol>
      <symbol id="sm-522">
         <name>__TI_dtors_ptr</name>
         <value>0x200106a4</value>
         <object_component_ref idref="oc-f5"/>
      </symbol>
      <symbol id="sm-523">
         <name>exit</name>
         <value>0x2000f595</value>
         <object_component_ref idref="oc-b3"/>
      </symbol>
      <symbol id="sm-52c">
         <name>_nop</name>
         <value>0x2000e9eb</value>
         <object_component_ref idref="oc-156"/>
      </symbol>
      <symbol id="sm-52d">
         <name>_lock</name>
         <value>0x200106b8</value>
         <object_component_ref idref="oc-f3"/>
      </symbol>
      <symbol id="sm-52e">
         <name>_unlock</name>
         <value>0x200106bc</value>
         <object_component_ref idref="oc-f6"/>
      </symbol>
      <symbol id="sm-536">
         <name>_ftable</name>
         <value>0x200103e8</value>
         <object_component_ref idref="oc-1a0"/>
      </symbol>
      <symbol id="sm-537">
         <name>__TI_ft_end</name>
         <value>0x200106b4</value>
         <object_component_ref idref="oc-305"/>
      </symbol>
      <symbol id="sm-538">
         <name>__TI_tmpnams</name>
         <value>0x20010914</value>
      </symbol>
      <symbol id="sm-541">
         <name>memccpy</name>
         <value>0x2000f985</value>
         <object_component_ref idref="oc-236"/>
      </symbol>
      <symbol id="sm-561">
         <name>malloc</name>
         <value>0x2000fe33</value>
         <object_component_ref idref="oc-1ab"/>
      </symbol>
      <symbol id="sm-562">
         <name>aligned_alloc</name>
         <value>0x2000cf1d</value>
         <object_component_ref idref="oc-206"/>
      </symbol>
      <symbol id="sm-563">
         <name>free</name>
         <value>0x2000d03d</value>
         <object_component_ref idref="oc-177"/>
      </symbol>
      <symbol id="sm-564">
         <name>_sys_memory</name>
         <value>0x20004040</value>
         <object_component_ref idref="oc-28"/>
      </symbol>
      <symbol id="sm-565">
         <name>memalign</name>
         <value>0x2000cf1d</value>
         <object_component_ref idref="oc-206"/>
      </symbol>
      <symbol id="sm-56f">
         <name>__TI_zero_init</name>
         <value>0x2000fd75</value>
         <object_component_ref idref="oc-40"/>
      </symbol>
      <symbol id="sm-578">
         <name>__TI_decompress_none</name>
         <value>0x2000fdbd</value>
         <object_component_ref idref="oc-1c"/>
      </symbol>
      <symbol id="sm-582">
         <name>__TI_decompress_lzss</name>
         <value>0x2000defb</value>
         <object_component_ref idref="oc-18"/>
      </symbol>
      <symbol id="sm-58d">
         <name>_c_int00_noargs</name>
         <value>0x2000f87d</value>
         <object_component_ref idref="oc-6c"/>
      </symbol>
      <symbol id="sm-58e">
         <name>__stack</name>
         <value>0x20003000</value>
         <object_component_ref idref="oc-16"/>
      </symbol>
      <symbol id="sm-59b">
         <name>__TI_doflush</name>
         <value>0x2000e99d</value>
         <object_component_ref idref="oc-25c"/>
      </symbol>
      <symbol id="sm-5a6">
         <name>__TI_cleanup</name>
         <value>0x2000f375</value>
         <object_component_ref idref="oc-2ee"/>
      </symbol>
      <symbol id="sm-5b3">
         <name>fseek</name>
         <value>0x2000fe63</value>
         <object_component_ref idref="oc-2c1"/>
      </symbol>
      <symbol id="sm-5b4">
         <name>fseeko</name>
         <value>0x2000dfcd</value>
         <object_component_ref idref="oc-2ea"/>
      </symbol>
      <symbol id="sm-5c0">
         <name>__TI_auto_init_nobinit_nopinit</name>
         <value>0x2000f1cd</value>
         <object_component_ref idref="oc-b5"/>
      </symbol>
      <symbol id="sm-5c8">
         <name>_system_pre_init</name>
         <value>0x2000fe5f</value>
         <object_component_ref idref="oc-81"/>
      </symbol>
      <symbol id="sm-5d4">
         <name>__TI_closefile</name>
         <value>0x2000dbf9</value>
         <object_component_ref idref="oc-2ff"/>
      </symbol>
      <symbol id="sm-5de">
         <name>write</name>
         <value>0x2000f67d</value>
         <object_component_ref idref="oc-258"/>
      </symbol>
      <symbol id="sm-5e3">
         <name>_device</name>
         <value>0x2001055c</value>
         <object_component_ref idref="oc-2f7"/>
      </symbol>
      <symbol id="sm-5e4">
         <name>_stream</name>
         <value>0x200105d4</value>
         <object_component_ref idref="oc-2cc"/>
      </symbol>
      <symbol id="sm-5ec">
         <name>remove</name>
         <value>0x2000fe67</value>
         <object_component_ref idref="oc-32d"/>
      </symbol>
      <symbol id="sm-5f7">
         <name>lseek</name>
         <value>0x2000f625</value>
         <object_component_ref idref="oc-2fb"/>
      </symbol>
      <symbol id="sm-601">
         <name>close</name>
         <value>0x2000e225</value>
         <object_component_ref idref="oc-329"/>
      </symbol>
      <symbol id="sm-60b">
         <name>unlink</name>
         <value>0x2000f651</value>
         <object_component_ref idref="oc-355"/>
      </symbol>
      <symbol id="sm-615">
         <name>HOSTclose</name>
         <value>0x2000f0ad</value>
         <object_component_ref idref="oc-30c"/>
      </symbol>
      <symbol id="sm-61f">
         <name>HOSTlseek</name>
         <value>0x2000e4ad</value>
         <object_component_ref idref="oc-318"/>
      </symbol>
      <symbol id="sm-629">
         <name>HOSTopen</name>
         <value>0x2000e505</value>
         <object_component_ref idref="oc-308"/>
      </symbol>
      <symbol id="sm-62a">
         <name>parmbuf</name>
         <value>0x20010b50</value>
      </symbol>
      <symbol id="sm-634">
         <name>HOSTread</name>
         <value>0x2000e6b9</value>
         <object_component_ref idref="oc-310"/>
      </symbol>
      <symbol id="sm-645">
         <name>HOSTrename</name>
         <value>0x2000e09d</value>
         <object_component_ref idref="oc-320"/>
      </symbol>
      <symbol id="sm-64f">
         <name>HOSTunlink</name>
         <value>0x2000ed99</value>
         <object_component_ref idref="oc-31c"/>
      </symbol>
      <symbol id="sm-659">
         <name>HOSTwrite</name>
         <value>0x2000e70d</value>
         <object_component_ref idref="oc-314"/>
      </symbol>
      <symbol id="sm-667">
         <name>C$$IO$$</name>
         <value>0x2000f3d3</value>
         <object_component_ref idref="oc-334"/>
      </symbol>
      <symbol id="sm-668">
         <name>__TI_writemsg</name>
         <value>0x2000f3a9</value>
         <object_component_ref idref="oc-334"/>
      </symbol>
      <symbol id="sm-669">
         <name>__CIOBUF_</name>
         <value>0x200107f4</value>
         <object_component_ref idref="oc-35b"/>
      </symbol>
      <symbol id="sm-66a">
         <name>__TI_readmsg</name>
         <value>0x2000f535</value>
         <object_component_ref idref="oc-33a"/>
      </symbol>
      <symbol id="sm-66b">
         <name>_CIOBUF_</name>
         <value>0x200107f4</value>
         <object_component_ref idref="oc-35b"/>
      </symbol>
      <symbol id="sm-671">
         <name>__aeabi_memcpy</name>
         <value>0x2000fe71</value>
         <object_component_ref idref="oc-33"/>
      </symbol>
      <symbol id="sm-672">
         <name>__aeabi_memcpy4</name>
         <value>0x2000fe71</value>
         <object_component_ref idref="oc-33"/>
      </symbol>
      <symbol id="sm-673">
         <name>__aeabi_memcpy8</name>
         <value>0x2000fe71</value>
         <object_component_ref idref="oc-33"/>
      </symbol>
      <symbol id="sm-679">
         <name>__aeabi_memset</name>
         <value>0x2000fc3d</value>
         <object_component_ref idref="oc-5e"/>
      </symbol>
      <symbol id="sm-67a">
         <name>__aeabi_memset4</name>
         <value>0x2000fc3d</value>
         <object_component_ref idref="oc-5e"/>
      </symbol>
      <symbol id="sm-67b">
         <name>__aeabi_memset8</name>
         <value>0x2000fc3d</value>
         <object_component_ref idref="oc-5e"/>
      </symbol>
      <symbol id="sm-67c">
         <name>__aeabi_memclr</name>
         <value>0x2000fc49</value>
         <object_component_ref idref="oc-5e"/>
      </symbol>
      <symbol id="sm-67d">
         <name>__aeabi_memclr4</name>
         <value>0x2000fc49</value>
         <object_component_ref idref="oc-5e"/>
      </symbol>
      <symbol id="sm-67e">
         <name>__aeabi_memclr8</name>
         <value>0x2000fc49</value>
         <object_component_ref idref="oc-5e"/>
      </symbol>
      <symbol id="sm-684">
         <name>__aeabi_uldivmod</name>
         <value>0x2000fc51</value>
         <object_component_ref idref="oc-1be"/>
      </symbol>
      <symbol id="sm-68a">
         <name>__udivmoddi4</name>
         <value>0x2000d48d</value>
         <object_component_ref idref="oc-213"/>
      </symbol>
      <symbol id="sm-695">
         <name>__aeabi_ldiv0</name>
         <value>0x2000e663</value>
         <object_component_ref idref="oc-26c"/>
      </symbol>
      <symbol id="sm-6a3">
         <name>finddevice</name>
         <value>0x2000f3dd</value>
         <object_component_ref idref="oc-367"/>
      </symbol>
      <symbol id="sm-6a4">
         <name>getdevice</name>
         <value>0x2000e035</value>
         <object_component_ref idref="oc-35e"/>
      </symbol>
      <symbol id="sm-6ac">
         <name>TI_memcpy_small</name>
         <value>0x2000fce3</value>
         <object_component_ref idref="oc-77"/>
      </symbol>
      <symbol id="sm-6b4">
         <name>TI_memset_small</name>
         <value>0x2000fdaf</value>
         <object_component_ref idref="oc-94"/>
      </symbol>
      <symbol id="sm-6b5">
         <name>__TI_static_base__</name>
         <value>0x20010f78</value>
      </symbol>
      <symbol id="sm-6b8">
         <name>ITM_flush</name>
         <value>0x0</value>
      </symbol>
      <symbol id="sm-6b9">
         <name>ITM_restore</name>
         <value>0x0</value>
      </symbol>
      <symbol id="sm-6ba">
         <name>__mpu_init</name>
         <value>0x0</value>
      </symbol>
      <symbol id="sm-6bb">
         <name>_system_post_cinit</name>
         <value>0x0</value>
      </symbol>
   </symbol_table>
   <title>Link successful</title>
</link_info>
